<html>
<body>
<pre>
<h1>µVision Build Log</h1>
<h2>Tool Versions:</h2>
IDE-Version: µVision V5.37.0.0
Copyright (C) 2022 ARM Ltd and ARM Germany GmbH. All rights reserved.
License Information: Victor Hugo Polli Neves, UTFPR, LIC=----
 
Tool Versions:
Toolchain:       MDK-Lite  Version: 5.37.0.0
Toolchain Path:  C:\Keil_v5\ARM\ARM_Compiler_5.06u7\Bin
C Compiler:      Armcc.exe V5.06 update 7 (build 960)
Assembler:       Armasm.exe V5.06 update 7 (build 960)
Linker/Locator:  ArmLink.exe V5.06 update 7 (build 960)
Library Manager: ArmAr.exe V5.06 update 7 (build 960)
Hex Converter:   FromElf.exe V5.06 update 7 (build 960)
CPU DLL:         SARMCM3.DLL V5.37.0.0
Dialog DLL:      DCM.DLL V1.17.5.0
Target DLL:      lmidk-agdi.dll V???
Dialog DLL:      TCM.DLL V1.56.1.0
 
<h2>Project:</h2>
C:\Users\victo\keil_worskpace\ElevatorSimulator\ElevatorSimulator.uvprojx
Project File Date:  11/26/2023

<h2>Output:</h2>
*** Using Compiler 'V5.06 update 7 (build 960)', folder: 'C:\Keil_v5\ARM\ARM_Compiler_5.06u7\Bin'
Rebuild Project 'ElevatorSimulator' - Target 'TM4C123GH6PM'
compiling elevator-rx-drv.c...
C:\Users\victo\keil_worskpace\ElevatorSimulator\Processes\elevator-rx-drv\src\elevator-rx-drv.c(40): warning:  #177-D: variable "msgId"  was declared but never referenced
      msg_id_t msgId;
C:\Users\victo\keil_worskpace\ElevatorSimulator\Processes\elevator-rx-drv\src\elevator-rx-drv.c(24): warning:  #550-D: variable "local_outgoing_msg_queue"  was set but never used
  static osMessageQueueId_t local_outgoing_msg_queue = NULL;
Processes\elevator-rx-drv\src\elevator-rx-drv.c: 2 warnings, 0 errors
compiling elevator-mgr.c...
compiling uartstdio.c...
compiling elevator-tx-drv.c...
assembling startup_TM4C123.s...
compiling main.c...
compiling os_systick.c...
compiling cmsis_os2.c...
compiling system_TM4C123.c...
compiling freertos_evr.c...
compiling event_groups.c...
compiling list.c...
compiling heap_4.c...
compiling port.c...
compiling stream_buffer.c...
compiling clib_arm.c...
compiling queue.c...
compiling timers.c...
compiling tasks.c...
linking...
Program Size: Code=13312 RO-data=1532 RW-data=224 ZI-data=12224  
FromELF: creating hex file...
".\Objects\ElevatorSimulator.axf" - 0 Error(s), 2 Warning(s).

<h2>Software Packages used:</h2>

Package Vendor: ARM
                http://www.keil.com/pack/ARM.CMSIS.5.9.0.pack
                ARM.CMSIS.5.9.0
                CMSIS (Common Microcontroller Software Interface Standard)
   * Component: RTOS2 Version: 2.1.3
   * Component: CORE Version: 5.6.0

Package Vendor: ARM
                https://www.keil.com/pack/ARM.CMSIS-FreeRTOS.10.5.1.pack
                ARM.CMSIS-FreeRTOS.10.5.1
                Bundle of FreeRTOS for Cortex-M and Cortex-A
   * Component: Config Variant: CMSIS RTOS2 Version: 10.5.1
   * Component: Core Variant: Cortex-M Version: 10.5.1
   * Component: Event Groups Version: 10.5.1
   * Component: Heap Variant: Heap_4 Version: 10.5.1
   * Component: Message Buffer Version: 10.5.1
   * Component: Stream Buffer Version: 10.5.1
   * Component: Timers Version: 10.5.1
   * Component: FreeRTOS Variant: Cortex-M Version: 10.5.1

Package Vendor: Keil
                http://www.keil.com/pack/Keil.TM4C_DFP.1.1.0.pack
                Keil.TM4C_DFP.1.1.0
                Texas Instruments Tiva C Series Device Support and Examples
   * Component: Startup Version: 1.0.1

<h2>Collection of Component include folders:</h2>
  ./RTE/RTOS
  ./RTE/_TM4C123GH6PM
  C:/Users/victo/AppData/Local/Arm/Packs/ARM/CMSIS-FreeRTOS/10.5.1/CMSIS/RTOS2/FreeRTOS/Include
  C:/Users/victo/AppData/Local/Arm/Packs/ARM/CMSIS-FreeRTOS/10.5.1/Source/include
  C:/Users/victo/AppData/Local/Arm/Packs/ARM/CMSIS-FreeRTOS/10.5.1/Source/portable/RVDS/ARM_CM4F
  C:/Users/victo/AppData/Local/Arm/Packs/ARM/CMSIS/5.9.0/CMSIS/Core/Include
  C:/Users/victo/AppData/Local/Arm/Packs/ARM/CMSIS/5.9.0/CMSIS/RTOS2/Include
  C:/Users/victo/AppData/Local/Arm/Packs/Keil/TM4C_DFP/1.1.0/Device/Include/TM4C123

<h2>Collection of Component Files used:</h2>

   * Component: ::CMSIS:RTOS2:2.1.3 (API)
      Include file:  CMSIS/RTOS2/Include/cmsis_os2.h

   * Component: ARM.FreeRTOS::RTOS:Config:CMSIS RTOS2:10.5.1
      Include file:  CMSIS/RTOS2/FreeRTOS/Config/ARMCM/FreeRTOSConfig.h

   * Component: ARM.FreeRTOS::RTOS:Core:Cortex-M:10.5.1
      Include file:  Source/include/FreeRTOS.h
      Include file:  Source/include/queue.h
      Include file:  Source/include/task.h
      Include file:  Source/include/semphr.h
      Source file:   Source/list.c
      Source file:   Source/queue.c
      Source file:   Source/tasks.c
      Source file:   Source/portable/RVDS/ARM_CM4F/port.c
      Source file:   CMSIS/RTOS2/FreeRTOS/Source/freertos_evr.c

   * Component: ARM.FreeRTOS::RTOS:Event Groups:10.5.1
      Include file:  Source/include/event_groups.h
      Source file:   Source/event_groups.c

   * Component: ARM.FreeRTOS::RTOS:Heap:Heap_4:10.5.1
      Source file:   Source/portable/MemMang/heap_4.c

   * Component: ARM.FreeRTOS::RTOS:Message Buffer:10.5.1
      Include file:  Source/include/message_buffer.h
      Source file:   Source/stream_buffer.c

   * Component: ARM.FreeRTOS::RTOS:Stream Buffer:10.5.1
      Include file:  Source/include/stream_buffer.h
      Source file:   Source/stream_buffer.c

   * Component: ARM.FreeRTOS::RTOS:Timers:10.5.1
      Include file:  Source/include/timers.h
      Source file:   Source/timers.c

   * Component: ARM::CMSIS:CORE:5.6.0

   * Component: ARM::CMSIS:RTOS2:FreeRTOS:Cortex-M:10.5.1
      Include file:  CMSIS/RTOS2/FreeRTOS/Include/freertos_mpool.h
      Source file:   CMSIS/RTOS2/FreeRTOS/Source/cmsis_os2.c
      Source file:   CMSIS/RTOS2/FreeRTOS/Source/ARM/clib_arm.c
      Source file:   CMSIS/RTOS2/FreeRTOS/Source/os_systick.c

   * Component: Keil::Device:Startup:1.0.1
      Include file:  Device/Include/TM4C123/TM4C123.h
      Source file:   Device/Source/system_TM4C123.c
      Source file:   Device/Source/ARM/startup_TM4C123.s
Build Time Elapsed:  00:00:05
</pre>
</body>
</html>
