Component: ARM Compiler 5.06 update 7 (build 960) Tool: armlink [4d3601]

==============================================================================

Section Cross References

    main.o(i.ConfigureUART) refers to uart.o(i.UARTClockSourceSet) for UARTClockSourceSet
    main.o(i.ConfigureUART) refers to uartstdio.o(i.UARTStdioConfig) for UARTStdioConfig
    main.o(i.InitMessageQueues) refers to cmsis_os2.o(i.osMessageQueueNew) for osMessageQueueNew
    main.o(i.InitMessageQueues) refers to main.o(.constdata) for elevator_mgr_incoming_queue_attr
    main.o(i.InitMessageQueues) refers to main.o(.data) for elevator_mgr_incoming_queue_id
    main.o(i.InitThreads) refers to elevator-mgr.o(i.ElevatorMgrInit) for ElevatorMgrInit
    main.o(i.InitThreads) refers to elevator-rx-drv.o(i.ElevatorRXInit) for ElevatorRXInit
    main.o(i.InitThreads) refers to elevator-tx-drv.o(i.ElevatorTXInit) for ElevatorTXInit
    main.o(i.InitThreads) refers to main.o(.data) for elevator_mgr_handlers_list
    main.o(i.main) refers to sysctl.o(i.SysCtlClockFreqSet) for SysCtlClockFreqSet
    main.o(i.main) refers to main.o(i.ConfigureUART) for ConfigureUART
    main.o(i.main) refers to main.o(i.LEDS_INIT) for LEDS_INIT
    main.o(i.main) refers to cmsis_os2.o(i.osKernelInitialize) for osKernelInitialize
    main.o(i.main) refers to main.o(i.InitMessageQueues) for InitMessageQueues
    main.o(i.main) refers to main.o(i.InitThreads) for InitThreads
    main.o(i.main) refers to cmsis_os2.o(i.osKernelStart) for osKernelStart
    main.o(i.main) refers to gpio.o(i.GPIOPinWrite) for GPIOPinWrite
    main.o(i.main) refers to sysctl.o(.emb_text) for SysCtlDelay
    main.o(i.main) refers to main.o(.data) for g_ui32SysClock
    main.o(.constdata) refers to main.o(.conststring) for .conststring
    elevator-rx-drv.o(i.ElevatorRXInit) refers to cmsis_os2.o(i.osThreadNew) for osThreadNew
    elevator-rx-drv.o(i.ElevatorRXInit) refers to elevator-rx-drv.o(.data) for elevator_rx_handlers_list
    elevator-rx-drv.o(i.ElevatorRXInit) refers to elevator-rx-drv.o(.constdata) for local_thread_attr
    elevator-rx-drv.o(i.ElevatorRXInit) refers to elevator-rx-drv.o(i.ElevatorRXTask) for ElevatorRXTask
    elevator-rx-drv.o(i.ElevatorRXTask) refers to cmsis_os2.o(i.osMessageQueueGet) for osMessageQueueGet
    elevator-rx-drv.o(i.ElevatorRXTask) refers to cmsis_os2.o(i.osThreadYield) for osThreadYield
    elevator-rx-drv.o(i.ElevatorRXTask) refers to elevator-rx-drv.o(.data) for local_incoming_msg_queue
    elevator-rx-drv.o(.constdata) refers to elevator-rx-drv.o(.conststring) for .conststring
    elevator-tx-drv.o(i.ElevatorTXInit) refers to cmsis_os2.o(i.osThreadNew) for osThreadNew
    elevator-tx-drv.o(i.ElevatorTXInit) refers to elevator-tx-drv.o(.data) for elevator_tx_handlers_list
    elevator-tx-drv.o(i.ElevatorTXInit) refers to elevator-tx-drv.o(.constdata) for local_thread_attr
    elevator-tx-drv.o(i.ElevatorTXInit) refers to elevator-tx-drv.o(i.ElevatorTXTask) for ElevatorTXTask
    elevator-tx-drv.o(i.ElevatorTXTask) refers to cmsis_os2.o(i.osMessageQueueGet) for osMessageQueueGet
    elevator-tx-drv.o(i.ElevatorTXTask) refers to uartstdio.o(i.UARTprintf) for UARTprintf
    elevator-tx-drv.o(i.ElevatorTXTask) refers to cmsis_os2.o(i.osThreadYield) for osThreadYield
    elevator-tx-drv.o(i.ElevatorTXTask) refers to elevator-tx-drv.o(.data) for local_incoming_msg_queue
    elevator-tx-drv.o(.constdata) refers to elevator-tx-drv.o(.conststring) for .conststring
    elevator-mgr.o(i.CheckButtonPressed) refers to elevator-mgr.o(i.ElevatorMgrAddFloorToStop) for ElevatorMgrAddFloorToStop
    elevator-mgr.o(i.CheckButtonPressed) refers to elevator-mgr.o(i.ElevatorMgrSendMsgToTX) for ElevatorMgrSendMsgToTX
    elevator-mgr.o(i.ElevatorMgrAddFloorToStop) refers to elevator-mgr.o(i.AddUpFloorStop) for AddUpFloorStop
    elevator-mgr.o(i.ElevatorMgrAddFloorToStop) refers to elevator-mgr.o(i.AddDownFloorStop) for AddDownFloorStop
    elevator-mgr.o(i.ElevatorMgrGetNextFloor) refers to elevator-mgr.o(i.GetNextUpFloor) for GetNextUpFloor
    elevator-mgr.o(i.ElevatorMgrGetNextFloor) refers to elevator-mgr.o(i.GetNextDownFloor) for GetNextDownFloor
    elevator-mgr.o(i.ElevatorMgrInit) refers to cmsis_os2.o(i.osThreadNew) for osThreadNew
    elevator-mgr.o(i.ElevatorMgrInit) refers to elevator-mgr.o(.data) for elevator_mgr_handlers_list
    elevator-mgr.o(i.ElevatorMgrInit) refers to elevator-mgr.o(.constdata) for local_thread_attr
    elevator-mgr.o(i.ElevatorMgrInit) refers to elevator-mgr.o(i.ElevatorMgrTask) for ElevatorMgrTask
    elevator-mgr.o(i.ElevatorMgrInitElevators) refers to aeabi_memset.o(.text) for __aeabi_memset
    elevator-mgr.o(i.ElevatorMgrInitElevators) refers to elevator-mgr.o(i.ElevatorMgrSendMsgToTX) for ElevatorMgrSendMsgToTX
    elevator-mgr.o(i.ElevatorMgrInitElevators) refers to elevator-mgr.o(.bss) for elevators_list
[...]
    .text                                    0x000006f8   Section        2  use_no_semi.o(.text)
    .text                                    0x000006fa   Section        0  indicate_semi.o(.text)
    i.AddDownFloorStop                       0x000006fa   Section        0  elevator-mgr.o(i.AddDownFloorStop)
    i.AddUpFloorStop                         0x00000718   Section        0  elevator-mgr.o(i.AddUpFloorStop)
    i.CheckButtonPressed                     0x00000736   Section        0  elevator-mgr.o(i.CheckButtonPressed)
    i.ConfigureUART                          0x00000764   Section        0  main.o(i.ConfigureUART)
    i.ElevatorMgrAddFloorToStop              0x00000818   Section        0  elevator-mgr.o(i.ElevatorMgrAddFloorToStop)
    i.ElevatorMgrGetNextFloor                0x00000844   Section        0  elevator-mgr.o(i.ElevatorMgrGetNextFloor)
    i.ElevatorMgrInit                        0x000008a4   Section        0  elevator-mgr.o(i.ElevatorMgrInit)
    i.ElevatorMgrInitElevators               0x000008f8   Section        0  elevator-mgr.o(i.ElevatorMgrInitElevators)
    i.ElevatorMgrSendMsgToTX                 0x00000988   Section        0  elevator-mgr.o(i.ElevatorMgrSendMsgToTX)
    i.ElevatorMgrTask                        0x000009b0   Section        0  elevator-mgr.o(i.ElevatorMgrTask)
    i.ElevatorRXInit                         0x00000b2c   Section        0  elevator-rx-drv.o(i.ElevatorRXInit)
    i.ElevatorRXTask                         0x00000b70   Section        0  elevator-rx-drv.o(i.ElevatorRXTask)
    i.ElevatorTXInit                         0x00000b94   Section        0  elevator-tx-drv.o(i.ElevatorTXInit)
    i.ElevatorTXTask                         0x00000bd8   Section        0  elevator-tx-drv.o(i.ElevatorTXTask)
    i.GPIOPinWrite                           0x00000c8c   Section        0  gpio.o(i.GPIOPinWrite)
    i.GetNextDownFloor                       0x00000c92   Section        0  elevator-mgr.o(i.GetNextDownFloor)
    i.GetNextUpFloor                         0x00000cc0   Section        0  elevator-mgr.o(i.GetNextUpFloor)
    i.IRQ_Context                            0x00000cee   Section        0  cmsis_os2.o(i.IRQ_Context)
    IRQ_Context                              0x00000cef   Thumb Code    50  cmsis_os2.o(i.IRQ_Context)
    i.InitMessageQueues                      0x00000d20   Section        0  main.o(i.InitMessageQueues)
    i.InitThreads                            0x00000d90   Section        0  main.o(i.InitThreads)
    i.LEDS_INIT                              0x00000dbc   Section        0  main.o(i.LEDS_INIT)
    i.SysCtlClockFreqSet                     0x00000e28   Section        0  sysctl.o(i.SysCtlClockFreqSet)
    i.SysTick_Handler                        0x00001114   Section        0  cmsis_os2.o(i.SysTick_Handler)
    i.SystemInit                             0x0000112c   Section        0  system_tm4c123.o(i.SystemInit)
    i.UARTClockSourceSet                     0x000011c4   Section        0  uart.o(i.UARTClockSourceSet)
    i.UARTStdioConfig                        0x000011cc   Section        0  uartstdio.o(i.UARTStdioConfig)
    i.UARTprintf                             0x00001238   Section        0  uartstdio.o(i.UARTprintf)
    i.UARTvprintf                            0x00001254   Section        0  uartstdio.o(i.UARTvprintf)
    i.UARTwrite                              0x000014a4   Section        0  uartstdio.o(i.UARTwrite)
    i._mutex_acquire                         0x000014ec   Section        0  clib_arm.o(i._mutex_acquire)
    __tagsym$$used                           0x000014ed   Number         0  clib_arm.o(i._mutex_acquire)
    i._mutex_free                            0x00001508   Section        0  clib_arm.o(i._mutex_free)
    __tagsym$$used                           0x00001509   Number         0  clib_arm.o(i._mutex_free)
    i._mutex_initialize                      0x0000153c   Section        0  clib_arm.o(i._mutex_initialize)
    __tagsym$$used                           0x0000153d   Number         0  clib_arm.o(i._mutex_initialize)
    i._mutex_release                         0x000015a8   Section        0  clib_arm.o(i._mutex_release)
    __tagsym$$used                           0x000015a9   Number         0  clib_arm.o(i._mutex_release)
    i._platform_post_stackheap_init          0x000015c6   Section        0  clib_arm.o(i._platform_post_stackheap_init)
    i.is_thread_mode                         0x000015c8   Section        0  clib_arm.o(i.is_thread_mode)
    is_thread_mode                           0x000015c9   Thumb Code    16  clib_arm.o(i.is_thread_mode)
    i.main                                   0x000015d8   Section        0  main.o(i.main)
    i.osDelay                                0x00001688   Section        0  cmsis_os2.o(i.osDelay)
    i.osKernelInitialize                     0x000016a8   Section        0  cmsis_os2.o(i.osKernelInitialize)
    i.osKernelStart                          0x000016dc   Section        0  cmsis_os2.o(i.osKernelStart)
    i.osMessageQueueGet                      0x00001744   Section        0  cmsis_os2.o(i.osMessageQueueGet)
    i.osMessageQueueNew                      0x000017c8   Section        0  cmsis_os2.o(i.osMessageQueueNew)
    i.osMessageQueuePut                      0x00001848   Section        0  cmsis_os2.o(i.osMessageQueuePut)
    i.osThreadNew                            0x000018d0   Section        0  cmsis_os2.o(i.osThreadNew)
    i.osThreadYield                          0x00001988   Section        0  cmsis_os2.o(i.osThreadYield)
    i.os_kernel_is_active                    0x000019b0   Section        0  clib_arm.o(i.os_kernel_is_active)
    os_kernel_is_active                      0x000019b1   Thumb Code    18  clib_arm.o(i.os_kernel_is_active)
    i.prvAddCurrentTaskToDelayedList         0x000019c4   Section        0  tasks.o(i.prvAddCurrentTaskToDelayedList)
    prvAddCurrentTaskToDelayedList           0x000019c5   Thumb Code   140  tasks.o(i.prvAddCurrentTaskToDelayedList)
    i.prvAddNewTaskToReadyList               0x00001a68   Section        0  tasks.o(i.prvAddNewTaskToReadyList)
    prvAddNewTaskToReadyList                 0x00001a69   Thumb Code   204  tasks.o(i.prvAddNewTaskToReadyList)
    i.prvCheckForValidListAndQueue           0x00001b50   Section        0  timers.o(i.prvCheckForValidListAndQueue)
    prvCheckForValidListAndQueue             0x00001b51   Thumb Code    62  timers.o(i.prvCheckForValidListAndQueue)
    i.prvCheckTasksWaitingTermination        0x00001bac   Section        0  tasks.o(i.prvCheckTasksWaitingTermination)
    prvCheckTasksWaitingTermination          0x00001bad   Thumb Code    60  tasks.o(i.prvCheckTasksWaitingTermination)
    i.prvCopyDataFromQueue                   0x00001bf4   Section        0  queue.o(i.prvCopyDataFromQueue)
    prvCopyDataFromQueue                     0x00001bf5   Thumb Code    42  queue.o(i.prvCopyDataFromQueue)
    i.prvCopyDataToQueue                     0x00001c1e   Section        0  queue.o(i.prvCopyDataToQueue)
    prvCopyDataToQueue                       0x00001c1f   Thumb Code   126  queue.o(i.prvCopyDataToQueue)
    i.prvDeleteTCB                           0x00001c9c   Section        0  tasks.o(i.prvDeleteTCB)
    prvDeleteTCB                             0x00001c9d   Thumb Code    40  tasks.o(i.prvDeleteTCB)
    i.prvGetDisinheritPriorityAfterTimeout   0x00001cc4   Section        0  queue.o(i.prvGetDisinheritPriorityAfterTimeout)
    prvGetDisinheritPriorityAfterTimeout     0x00001cc5   Thumb Code    20  queue.o(i.prvGetDisinheritPriorityAfterTimeout)
    i.prvGetNextExpireTime                   0x00001cd8   Section        0  timers.o(i.prvGetNextExpireTime)
    prvGetNextExpireTime                     0x00001cd9   Thumb Code    36  timers.o(i.prvGetNextExpireTime)
    i.prvHeapInit                            0x00001d00   Section        0  heap_4.o(i.prvHeapInit)
    prvHeapInit                              0x00001d01   Thumb Code    90  heap_4.o(i.prvHeapInit)
    i.prvIdleTask                            0x00001d70   Section        0  tasks.o(i.prvIdleTask)
    prvIdleTask                              0x00001d71   Thumb Code    32  tasks.o(i.prvIdleTask)
    i.prvInitialiseMutex                     0x00001d98   Section        0  queue.o(i.prvInitialiseMutex)
    prvInitialiseMutex                       0x00001d99   Thumb Code    30  queue.o(i.prvInitialiseMutex)
    i.prvInitialiseNewQueue                  0x00001db6   Section        0  queue.o(i.prvInitialiseNewQueue)
    prvInitialiseNewQueue                    0x00001db7   Thumb Code    42  queue.o(i.prvInitialiseNewQueue)
    i.prvInitialiseNewTask                   0x00001de0   Section        0  tasks.o(i.prvInitialiseNewTask)
    prvInitialiseNewTask                     0x00001de1   Thumb Code   134  tasks.o(i.prvInitialiseNewTask)
    i.prvInitialiseTaskLists                 0x00001e68   Section        0  tasks.o(i.prvInitialiseTaskLists)
    prvInitialiseTaskLists                   0x00001e69   Thumb Code    70  tasks.o(i.prvInitialiseTaskLists)
    i.prvInsertBlockIntoFreeList             0x00001ed0   Section        0  heap_4.o(i.prvInsertBlockIntoFreeList)
    prvInsertBlockIntoFreeList               0x00001ed1   Thumb Code    96  heap_4.o(i.prvInsertBlockIntoFreeList)
    i.prvInsertTimerInActiveList             0x00001f38   Section        0  timers.o(i.prvInsertTimerInActiveList)
    prvInsertTimerInActiveList               0x00001f39   Thumb Code    80  timers.o(i.prvInsertTimerInActiveList)
    i.prvIsQueueEmpty                        0x00001f90   Section        0  queue.o(i.prvIsQueueEmpty)
    prvIsQueueEmpty                          0x00001f91   Thumb Code    26  queue.o(i.prvIsQueueEmpty)
    i.prvIsQueueFull                         0x00001faa   Section        0  queue.o(i.prvIsQueueFull)
    prvIsQueueFull                           0x00001fab   Thumb Code    30  queue.o(i.prvIsQueueFull)
    i.prvProcessExpiredTimer                 0x00001fc8   Section        0  timers.o(i.prvProcessExpiredTimer)
    prvProcessExpiredTimer                   0x00001fc9   Thumb Code    62  timers.o(i.prvProcessExpiredTimer)
    i.prvProcessReceivedCommands             0x0000200c   Section        0  timers.o(i.prvProcessReceivedCommands)
    prvProcessReceivedCommands               0x0000200d   Thumb Code   268  timers.o(i.prvProcessReceivedCommands)
    i.prvProcessTimerOrBlockTask             0x0000211c   Section        0  timers.o(i.prvProcessTimerOrBlockTask)
    prvProcessTimerOrBlockTask               0x0000211d   Thumb Code   102  timers.o(i.prvProcessTimerOrBlockTask)
    i.prvReloadTimer                         0x00002190   Section        0  timers.o(i.prvReloadTimer)
    prvReloadTimer                           0x00002191   Thumb Code    40  timers.o(i.prvReloadTimer)
    i.prvResetNextTaskUnblockTime            0x000021b8   Section        0  tasks.o(i.prvResetNextTaskUnblockTime)
    prvResetNextTaskUnblockTime              0x000021b9   Thumb Code    40  tasks.o(i.prvResetNextTaskUnblockTime)
    i.prvSampleTimeNow                       0x000021e8   Section        0  timers.o(i.prvSampleTimeNow)
    prvSampleTimeNow                         0x000021e9   Thumb Code    40  timers.o(i.prvSampleTimeNow)
    i.prvSwitchTimerLists                    0x00002214   Section        0  timers.o(i.prvSwitchTimerLists)
    prvSwitchTimerLists                      0x00002215   Thumb Code    58  timers.o(i.prvSwitchTimerLists)
    i.prvTaskExitError                       0x00002258   Section        0  port.o(i.prvTaskExitError)
    prvTaskExitError                         0x00002259   Thumb Code    22  port.o(i.prvTaskExitError)
    i.prvTimerTask                           0x0000226e   Section        0  timers.o(i.prvTimerTask)
    prvTimerTask                             0x0000226f   Thumb Code    26  timers.o(i.prvTimerTask)
    i.prvUnlockQueue                         0x00002288   Section        0  queue.o(i.prvUnlockQueue)
    prvUnlockQueue                           0x00002289   Thumb Code   126  queue.o(i.prvUnlockQueue)
    i.pvPortMalloc                           0x00002308   Section        0  heap_4.o(i.pvPortMalloc)
    i.pvTaskIncrementMutexHeldCount          0x000023ec   Section        0  tasks.o(i.pvTaskIncrementMutexHeldCount)
    i.pxPortInitialiseStack                  0x0000240c   Section        0  port.o(i.pxPortInitialiseStack)
    i.uxListRemove                           0x00002438   Section        0  list.o(i.uxListRemove)
    i.uxTaskGetNumberOfTasks                 0x00002460   Section        0  tasks.o(i.uxTaskGetNumberOfTasks)
    i.vApplicationGetIdleTaskMemory          0x0000246c   Section        0  cmsis_os2.o(i.vApplicationGetIdleTaskMemory)
    i.vApplicationGetTimerTaskMemory         0x00002484   Section        0  cmsis_os2.o(i.vApplicationGetTimerTaskMemory)
    i.vApplicationStackOverflowHook          0x0000249c   Section        0  cmsis_os2.o(i.vApplicationStackOverflowHook)
    i.vListInitialise                        0x0000249e   Section        0  list.o(i.vListInitialise)
    i.vListInitialiseItem                    0x000024b8   Section        0  list.o(i.vListInitialiseItem)
    i.vListInsert                            0x000024be   Section        0  list.o(i.vListInsert)
    i.vPortEnterCritical                     0x000024f4   Section        0  port.o(i.vPortEnterCritical)
    i.vPortExitCritical                      0x00002518   Section        0  port.o(i.vPortExitCritical)
    i.vPortFree                              0x00002538   Section        0  heap_4.o(i.vPortFree)
    i.vPortSetupTimerInterrupt               0x00002584   Section        0  port.o(i.vPortSetupTimerInterrupt)
    i.vQueueDelete                           0x000025ac   Section        0  queue.o(i.vQueueDelete)
    i.vQueueWaitForMessageRestricted         0x000025c0   Section        0  queue.o(i.vQueueWaitForMessageRestricted)
    i.vTaskDelay                             0x0000260c   Section        0  tasks.o(i.vTaskDelay)
    i.vTaskInternalSetTimeOutState           0x00002640   Section        0  tasks.o(i.vTaskInternalSetTimeOutState)
    i.vTaskMissedYield                       0x00002658   Section        0  tasks.o(i.vTaskMissedYield)
    i.vTaskPlaceOnEventList                  0x00002664   Section        0  tasks.o(i.vTaskPlaceOnEventList)
    i.vTaskPlaceOnEventListRestricted        0x00002684   Section        0  tasks.o(i.vTaskPlaceOnEventListRestricted)
    i.vTaskPriorityDisinheritAfterTimeout    0x000026d0   Section        0  tasks.o(i.vTaskPriorityDisinheritAfterTimeout)
    i.vTaskStartScheduler                    0x00002790   Section        0  tasks.o(i.vTaskStartScheduler)
    i.vTaskSuspendAll                        0x0000282c   Section        0  tasks.o(i.vTaskSuspendAll)
    i.vTaskSwitchContext                     0x0000283c   Section        0  tasks.o(i.vTaskSwitchContext)
    i.xPortStartScheduler                    0x000028ec   Section        0  port.o(i.xPortStartScheduler)
    i.xPortSysTickHandler                    0x00002934   Section        0  port.o(i.xPortSysTickHandler)
    i.xQueueCreateMutex                      0x00002968   Section        0  queue.o(i.xQueueCreateMutex)
    i.xQueueCreateMutexStatic                0x0000298a   Section        0  queue.o(i.xQueueCreateMutexStatic)
    i.xQueueGenericCreate                    0x000029b4   Section        0  queue.o(i.xQueueGenericCreate)
    i.xQueueGenericCreateStatic              0x00002a06   Section        0  queue.o(i.xQueueGenericCreateStatic)
    i.xQueueGenericReset                     0x00002a44   Section        0  queue.o(i.xQueueGenericReset)
    i.xQueueGenericSend                      0x00002ae4   Section        0  queue.o(i.xQueueGenericSend)
    i.xQueueGenericSendFromISR               0x00002bfc   Section        0  queue.o(i.xQueueGenericSendFromISR)
    i.xQueueReceive                          0x00002c94   Section        0  queue.o(i.xQueueReceive)
    i.xQueueReceiveFromISR                   0x00002d98   Section        0  queue.o(i.xQueueReceiveFromISR)
    i.xQueueSemaphoreTake                    0x00002e24   Section        0  queue.o(i.xQueueSemaphoreTake)
    i.xTaskCheckForTimeOut                   0x00002f54   Section        0  tasks.o(i.xTaskCheckForTimeOut)
    i.xTaskCreate                            0x00002fb4   Section        0  tasks.o(i.xTaskCreate)
    i.xTaskCreateStatic                      0x00003020   Section        0  tasks.o(i.xTaskCreateStatic)
    i.xTaskGetSchedulerState                 0x00003078   Section        0  tasks.o(i.xTaskGetSchedulerState)
    i.xTaskGetTickCount                      0x00003098   Section        0  tasks.o(i.xTaskGetTickCount)
    i.xTaskIncrementTick                     0x000030a4   Section        0  tasks.o(i.xTaskIncrementTick)
    i.xTaskPriorityDisinherit                0x00003234   Section        0  tasks.o(i.xTaskPriorityDisinherit)
    i.xTaskPriorityInherit                   0x000032c8   Section        0  tasks.o(i.xTaskPriorityInherit)
    i.xTaskRemoveFromEventList               0x000033a0   Section        0  tasks.o(i.xTaskRemoveFromEventList)
    i.xTaskResumeAll                         0x000034a8   Section        0  tasks.o(i.xTaskResumeAll)
    i.xTimerCreateTimerTask                  0x00003600   Section        0  timers.o(i.xTimerCreateTimerTask)
    x$fpl$fpinit                             0x00003660   Section       10  fpinit.o(x$fpl$fpinit)
    $v0                                      0x00003660   Number         0  fpinit.o(x$fpl$fpinit)
    .constdata                               0x0000366c   Section       48  main.o(.constdata)
    .constdata                               0x0000369c   Section       36  elevator-rx-drv.o(.constdata)
    local_thread_attr                        0x0000369c   Data          36  elevator-rx-drv.o(.constdata)
    .constdata                               0x000036c0   Section       36  elevator-tx-drv.o(.constdata)
    local_thread_attr                        0x000036c0   Data          36  elevator-tx-drv.o(.constdata)
    .constdata                               0x000036e4   Section       36  elevator-mgr.o(.constdata)
    local_thread_attr                        0x000036e4   Data          36  elevator-mgr.o(.constdata)
    .constdata                               0x00003708   Section       28  uartstdio.o(.constdata)
    g_pcHex                                  0x00003708   Data           4  uartstdio.o(.constdata)
    g_ui32UARTBase                           0x0000370c   Data          12  uartstdio.o(.constdata)
    g_ui32UARTPeriph                         0x00003718   Data          12  uartstdio.o(.constdata)
    .constdata                               0x00003724   Section      596  sysctl.o(.constdata)
    g_pui32VCOFrequencies                    0x00003724   Data           8  sysctl.o(.constdata)
    g_pui32Xtals                             0x0000372c   Data         108  sysctl.o(.constdata)
    g_pppui32XTALtoVCO                       0x00003798   Data         432  sysctl.o(.constdata)
    g_sXTALtoMEMTIM                          0x00003948   Data          48  sysctl.o(.constdata)
    .conststring                             0x00003978   Section       38  main.o(.conststring)
    .conststring                             0x000039a0   Section       12  elevator-rx-drv.o(.conststring)
    .conststring                             0x000039ac   Section       12  elevator-tx-drv.o(.conststring)
    .conststring                             0x000039b8   Section       13  elevator-mgr.o(.conststring)
    .conststring                             0x000039c8   Section       17  uartstdio.o(.conststring)
    .data                                    0x20000000   Section       28  main.o(.data)
    .data                                    0x2000001c   Section       16  elevator-rx-drv.o(.data)
    local_thread_handle                      0x2000001c   Data           4  elevator-rx-drv.o(.data)
    elevator_rx_handlers_list                0x20000020   Data           4  elevator-rx-drv.o(.data)
    local_incoming_msg_queue                 0x20000024   Data           4  elevator-rx-drv.o(.data)
    local_outgoing_msg_queue                 0x20000028   Data           4  elevator-rx-drv.o(.data)
    .data                                    0x2000002c   Section       31  elevator-tx-drv.o(.data)
    local_thread_handle                      0x2000002c   Data           4  elevator-tx-drv.o(.data)
    elevator_tx_handlers_list                0x20000030   Data           4  elevator-tx-drv.o(.data)
    local_incoming_msg_queue                 0x20000034   Data           4  elevator-tx-drv.o(.data)
    .data                                    0x2000004c   Section       16  elevator-mgr.o(.data)
    local_thread_handle                      0x2000004c   Data           4  elevator-mgr.o(.data)
    elevator_mgr_handlers_list               0x20000050   Data           4  elevator-mgr.o(.data)
    local_incoming_msg_queue                 0x20000054   Data           4  elevator-mgr.o(.data)
    local_outgoing_msg_queue                 0x20000058   Data           4  elevator-mgr.o(.data)
    .data                                    0x2000005c   Section        5  uartstdio.o(.data)
    g_ui32Base                               0x2000005c   Data           4  uartstdio.o(.data)
    bLastWasCR                               0x20000060   Data           1  uartstdio.o(.data)
    .data                                    0x20000064   Section        4  cmsis_os2.o(.data)
    KernelState                              0x20000064   Data           4  cmsis_os2.o(.data)
    .data                                    0x20000068   Section        4  system_tm4c123.o(.data)
    .data                                    0x2000006c   Section       28  heap_4.o(.data)
    xStart                                   0x2000006c   Data           8  heap_4.o(.data)
    pxEnd                                    0x20000074   Data           4  heap_4.o(.data)
    xFreeBytesRemaining                      0x20000078   Data           4  heap_4.o(.data)
    xMinimumEverFreeBytesRemaining           0x2000007c   Data           4  heap_4.o(.data)
    xNumberOfSuccessfulAllocations           0x20000080   Data           4  heap_4.o(.data)
    xNumberOfSuccessfulFrees                 0x20000084   Data           4  heap_4.o(.data)
    .data                                    0x20000088   Section        4  port.o(.data)
    uxCriticalNesting                        0x20000088   Data           4  port.o(.data)
    .data                                    0x2000008c   Section       64  tasks.o(.data)
    pxDelayedTaskList                        0x20000090   Data           4  tasks.o(.data)
    pxOverflowDelayedTaskList                0x20000094   Data           4  tasks.o(.data)
    uxDeletedTasksWaitingCleanUp             0x20000098   Data           4  tasks.o(.data)
    uxCurrentNumberOfTasks                   0x2000009c   Data           4  tasks.o(.data)
    xTickCount                               0x200000a0   Data           4  tasks.o(.data)
    uxTopReadyPriority                       0x200000a4   Data           4  tasks.o(.data)
    xSchedulerRunning                        0x200000a8   Data           4  tasks.o(.data)
    xPendedTicks                             0x200000ac   Data           4  tasks.o(.data)
    xYieldPending                            0x200000b0   Data           4  tasks.o(.data)
    xNumOfOverflows                          0x200000b4   Data           4  tasks.o(.data)
    uxTaskNumber                             0x200000b8   Data           4  tasks.o(.data)
    xNextTaskUnblockTime                     0x200000bc   Data           4  tasks.o(.data)
    xIdleTaskHandle                          0x200000c0   Data           4  tasks.o(.data)
    uxSchedulerSuspended                     0x200000c8   Data           4  tasks.o(.data)
    .data                                    0x200000cc   Section       20  timers.o(.data)
    pxCurrentTimerList                       0x200000cc   Data           4  timers.o(.data)
    pxOverflowTimerList                      0x200000d0   Data           4  timers.o(.data)
    xTimerQueue                              0x200000d4   Data           4  timers.o(.data)
    xTimerTaskHandle                         0x200000d8   Data           4  timers.o(.data)
    xLastTime                                0x200000dc   Data           4  timers.o(.data)
    .bss                                     0x200000e0   Section       72  elevator-mgr.o(.bss)
    elevators_list                           0x200000e0   Data          72  elevator-mgr.o(.bss)
    .bss                                     0x20000128   Section      916  clib_arm.o(.bss)
    os_libspace                              0x20000128   Data         480  clib_arm.o(.bss)
    os_libspace_id                           0x20000308   Data          16  clib_arm.o(.bss)
    clib_mutex_cb                            0x20000318   Data         400  clib_arm.o(.bss)
    clib_mutex_id                            0x200004a8   Data          20  clib_arm.o(.bss)
    .bss                                     0x200004bc   Section     1016  cmsis_os2.o(.bss)
    Idle_TCB                                 0x200004bc   Data          92  cmsis_os2.o(.bss)
    Idle_Stack                               0x20000518   Data         512  cmsis_os2.o(.bss)
    Timer_TCB                                0x20000718   Data          92  cmsis_os2.o(.bss)
    Timer_Stack                              0x20000774   Data         320  cmsis_os2.o(.bss)
    .bss                                     0x200008b4   Section     8192  heap_4.o(.bss)
    ucHeap                                   0x200008b4   Data        8192  heap_4.o(.bss)
    .bss                                     0x200028b4   Section     1220  tasks.o(.bss)
    pxReadyTasksLists                        0x200028b4   Data        1120  tasks.o(.bss)
    xDelayedTaskList1                        0x20002d14   Data          20  tasks.o(.bss)
    xDelayedTaskList2                        0x20002d28   Data          20  tasks.o(.bss)
    xPendingReadyList                        0x20002d3c   Data          20  tasks.o(.bss)
    xTasksWaitingTermination                 0x20002d50   Data          20  tasks.o(.bss)
    xSuspendedTaskList                       0x20002d64   Data          20  tasks.o(.bss)
    .bss                                     0x20002d78   Section      200  timers.o(.bss)
    xActiveTimerList1                        0x20002d78   Data          20  timers.o(.bss)
    xActiveTimerList2                        0x20002d8c   Data          20  timers.o(.bss)
    xStaticTimerQueue                        0x20002da0   Data          80  timers.o(.bss)
    ucStaticTimerQueueStorage                0x20002df0   Data          80  timers.o(.bss)
    .bss                                     0x20002e40   Section       96  libspace.o(.bss)
    HEAP                                     0x20002ea0   Section        0  startup_tm4c123.o(HEAP)
    STACK                                    0x20002ea0   Section      512  startup_tm4c123.o(STACK)
    Heap_Mem                                 0x20002ea0   Data           0  startup_tm4c123.o(HEAP)
    Stack_Mem                                0x20002ea0   Data         512  startup_tm4c123.o(STACK)
    __initial_sp                             0x200030a0   Data           0  startup_tm4c123.o(STACK)

    Global Symbols

    Symbol Name                              Value     Ov Type        Size  Object(Section)

    BuildAttributes$$THM_ISAv4$E$P$D$K$B$S$7EM$VFPi3$EXTD16$VFPS$VFMA$PE$A:L22UL41UL21$X:L11$S22US41US21$IEEE1$IW$USESV6$~STKCKD$USESV7$~SHL$OTIME$ROPI$EBA8$UX$STANDARDLIB$REQ8$PRES8$EABIv2 0x00000000   Number         0  anon$$obj.o ABSOLUTE
    __ARM_use_no_argv                        0x00000000   Number         0  main.o ABSOLUTE
    __Vectors                                0x00000000   Data           4  startup_tm4c123.o(RESET)
    __ARM_exceptions_init                     - Undefined Weak Reference
    __alloca_initialize                       - Undefined Weak Reference
    __arm_fini_                               - Undefined Weak Reference
    __arm_preinit_                            - Undefined Weak Reference
    __cpp_initialize__aeabi_                  - Undefined Weak Reference
    __cxa_finalize                            - Undefined Weak Reference
    __rt_locale                               - Undefined Weak Reference
    __sigvec_lookup                           - Undefined Weak Reference
    _atexit_init                              - Undefined Weak Reference
    _call_atexit_fns                          - Undefined Weak Reference
    _clock_init                               - Undefined Weak Reference
    _fp_trap_init                             - Undefined Weak Reference
    _fp_trap_shutdown                         - Undefined Weak Reference
    _get_lc_collate                           - Undefined Weak Reference
    _get_lc_ctype                             - Undefined Weak Reference
    _get_lc_monetary                          - Undefined Weak Reference
    _get_lc_numeric                           - Undefined Weak Reference
    _get_lc_time                              - Undefined Weak Reference
    _getenv_init                              - Undefined Weak Reference
    _handle_redirection                       - Undefined Weak Reference
    _init_alloc                               - Undefined Weak Reference
    _init_user_alloc                          - Undefined Weak Reference
    _initio                                   - Undefined Weak Reference
    _rand_init                                - Undefined Weak Reference
    _signal_finish                            - Undefined Weak Reference
    _signal_init                              - Undefined Weak Reference
    _terminate_alloc                          - Undefined Weak Reference
    _terminate_user_alloc                     - Undefined Weak Reference
    _terminateio                              - Undefined Weak Reference
    __Vectors_End                            0x0000026c   Data           0  startup_tm4c123.o(RESET)
    __Vectors_Size                           0x0000026c   Number         0  startup_tm4c123.o ABSOLUTE
    __main                                   0x0000026d   Thumb Code     8  __main.o(!!!main)
    __scatterload                            0x00000275   Thumb Code     0  __scatter.o(!!!scatter)
    __scatterload_rt2                        0x00000275   Thumb Code    44  __scatter.o(!!!scatter)
    __scatterload_rt2_thumb_only             0x00000275   Thumb Code     0  __scatter.o(!!!scatter)
    __scatterload_null                       0x00000283   Thumb Code     0  __scatter.o(!!!scatter)
    __scatterload_copy                       0x000002a9   Thumb Code    26  __scatter_copy.o(!!handler_copy)
    __scatterload_zeroinit                   0x000002c5   Thumb Code    28  __scatter_zi.o(!!handler_zi)
    __rt_lib_init                            0x000002e1   Thumb Code     0  libinit.o(.ARM.Collect$$libinit$$00000000)
    __rt_lib_init_fp_1                       0x000002e3   Thumb Code     0  libinit2.o(.ARM.Collect$$libinit$$00000001)
    __rt_lib_init_alloca_1                   0x000002e7   Thumb Code     0  libinit2.o(.ARM.Collect$$libinit$$0000002E)
    __rt_lib_init_argv_1                     0x000002e7   Thumb Code     0  libinit2.o(.ARM.Collect$$libinit$$0000002C)
    __rt_lib_init_atexit_1                   0x000002e7   Thumb Code     0  libinit2.o(.ARM.Collect$$libinit$$0000001B)
    __rt_lib_init_clock_1                    0x000002e7   Thumb Code     0  libinit2.o(.ARM.Collect$$libinit$$00000021)
    __rt_lib_init_cpp_1                      0x000002e7   Thumb Code     0  libinit2.o(.ARM.Collect$$libinit$$00000032)
    __rt_lib_init_exceptions_1               0x000002e7   Thumb Code     0  libinit2.o(.ARM.Collect$$libinit$$00000030)
    __rt_lib_init_fp_trap_1                  0x000002e7   Thumb Code     0  libinit2.o(.ARM.Collect$$libinit$$0000001F)
    __rt_lib_init_getenv_1                   0x000002e7   Thumb Code     0  libinit2.o(.ARM.Collect$$libinit$$00000023)
    __rt_lib_init_heap_1                     0x000002e7   Thumb Code     0  libinit2.o(.ARM.Collect$$libinit$$0000000A)
    __rt_lib_init_lc_collate_1               0x000002e7   Thumb Code     0  libinit2.o(.ARM.Collect$$libinit$$00000011)
    __rt_lib_init_lc_ctype_1                 0x000002e7   Thumb Code     0  libinit2.o(.ARM.Collect$$libinit$$00000013)
    __rt_lib_init_lc_monetary_1              0x000002e7   Thumb Code     0  libinit2.o(.ARM.Collect$$libinit$$00000015)
    __rt_lib_init_lc_numeric_1               0x000002e7   Thumb Code     0  libinit2.o(.ARM.Collect$$libinit$$00000017)
    __rt_lib_init_lc_time_1                  0x000002e7   Thumb Code     0  libinit2.o(.ARM.Collect$$libinit$$00000019)
    __rt_lib_init_preinit_1                  0x000002e7   Thumb Code     0  libinit2.o(.ARM.Collect$$libinit$$00000004)
    __rt_lib_init_rand_1                     0x000002e7   Thumb Code     0  libinit2.o(.ARM.Collect$$libinit$$0000000E)
    __rt_lib_init_return                     0x000002e7   Thumb Code     0  libinit2.o(.ARM.Collect$$libinit$$00000033)
    __rt_lib_init_signal_1                   0x000002e7   Thumb Code     0  libinit2.o(.ARM.Collect$$libinit$$0000001D)
    __rt_lib_init_stdio_1                    0x000002e7   Thumb Code     0  libinit2.o(.ARM.Collect$$libinit$$00000025)
    __rt_lib_init_user_alloc_1               0x000002e7   Thumb Code     0  libinit2.o(.ARM.Collect$$libinit$$0000000C)
    __rt_lib_shutdown                        0x000002e9   Thumb Code     0  libshutdown.o(.ARM.Collect$$libshutdown$$00000000)
    __rt_lib_shutdown_cpp_1                  0x000002eb   Thumb Code     0  libshutdown2.o(.ARM.Collect$$libshutdown$$00000004)
    __rt_lib_shutdown_fini_1                 0x000002eb   Thumb Code     0  libshutdown2.o(.ARM.Collect$$libshutdown$$00000002)
    __rt_lib_shutdown_fp_trap_1              0x000002eb   Thumb Code     0  libshutdown2.o(.ARM.Collect$$libshutdown$$00000009)
    __rt_lib_shutdown_heap_1                 0x000002eb   Thumb Code     0  libshutdown2.o(.ARM.Collect$$libshutdown$$00000011)
    __rt_lib_shutdown_return                 0x000002eb   Thumb Code     0  libshutdown2.o(.ARM.Collect$$libshutdown$$00000012)
    __rt_lib_shutdown_signal_1               0x000002eb   Thumb Code     0  libshutdown2.o(.ARM.Collect$$libshutdown$$0000000C)
    __rt_lib_shutdown_stdio_1                0x000002eb   Thumb Code     0  libshutdown2.o(.ARM.Collect$$libshutdown$$00000006)
    __rt_lib_shutdown_user_alloc_1           0x000002eb   Thumb Code     0  libshutdown2.o(.ARM.Collect$$libshutdown$$0000000E)
    __rt_entry                               0x000002ed   Thumb Code     0  __rtentry.o(.ARM.Collect$$rtentry$$00000000)
    __rt_entry_presh_1                       0x000002ed   Thumb Code     0  __rtentry2.o(.ARM.Collect$$rtentry$$00000002)
    __rt_entry_sh                            0x000002ed   Thumb Code     0  __rtentry4.o(.ARM.Collect$$rtentry$$00000004)
    __rt_entry_postsh_1                      0x000002f3   Thumb Code     0  __rtentry2.o(.ARM.Collect$$rtentry$$00000008)
    __rt_entry_li                            0x000002fb   Thumb Code     0  __rtentry2.o(.ARM.Collect$$rtentry$$0000000A)
    __rt_entry_main                          0x000002ff   Thumb Code     0  __rtentry2.o(.ARM.Collect$$rtentry$$0000000D)
    __rt_entry_postli_1                      0x000002ff   Thumb Code     0  __rtentry2.o(.ARM.Collect$$rtentry$$0000000C)
    __rt_exit                                0x00000307   Thumb Code     0  rtexit.o(.ARM.Collect$$rtexit$$00000000)
    __rt_exit_ls                             0x00000309   Thumb Code     0  rtexit2.o(.ARM.Collect$$rtexit$$00000003)
    __rt_exit_prels_1                        0x00000309   Thumb Code     0  rtexit2.o(.ARM.Collect$$rtexit$$00000002)
    __rt_exit_exit                           0x0000030d   Thumb Code     0  rtexit2.o(.ARM.Collect$$rtexit$$00000004)
    SVC_Handler                              0x00000315   Thumb Code    28  port.o(.emb_text)
    __asm___6_port_c_39a90d8d__prvStartFirstTask 0x00000335   Thumb Code    36  port.o(.emb_text)
    __asm___6_port_c_39a90d8d__prvEnableVFP  0x0000035d   Thumb Code    16  port.o(.emb_text)
    PendSV_Handler                           0x00000371   Thumb Code    88  port.o(.emb_text)
    vPortGetIPSR                             0x000003cd   Thumb Code     6  port.o(.emb_text)
    SysCtlDelay                              0x000003d5   Thumb Code     6  sysctl.o(.emb_text)
    Reset_Handler                            0x000003dd   Thumb Code     8  startup_tm4c123.o(.text)
    NMI_Handler                              0x000003e5   Thumb Code     2  startup_tm4c123.o(.text)
    HardFault_Handler                        0x000003e7   Thumb Code     2  startup_tm4c123.o(.text)
    MemManage_Handler                        0x000003e9   Thumb Code     2  startup_tm4c123.o(.text)
    BusFault_Handler                         0x000003eb   Thumb Code     2  startup_tm4c123.o(.text)
    UsageFault_Handler                       0x000003ed   Thumb Code     2  startup_tm4c123.o(.text)
    DebugMon_Handler                         0x000003f1   Thumb Code     2  startup_tm4c123.o(.text)
    GPIOA_Handler                            0x000003f7   Thumb Code     2  startup_tm4c123.o(.text)
    GPIOB_Handler                            0x000003f9   Thumb Code     2  startup_tm4c123.o(.text)
    GPIOC_Handler                            0x000003fb   Thumb Code     2  startup_tm4c123.o(.text)
    GPIOD_Handler                            0x000003fd   Thumb Code     2  startup_tm4c123.o(.text)
    GPIOE_Handler                            0x000003ff   Thumb Code     2  startup_tm4c123.o(.text)
    UART0_Handler                            0x00000401   Thumb Code     2  startup_tm4c123.o(.text)
    UART1_Handler                            0x00000403   Thumb Code     2  startup_tm4c123.o(.text)
    SSI0_Handler                             0x00000405   Thumb Code     2  startup_tm4c123.o(.text)
    I2C0_Handler                             0x00000407   Thumb Code     2  startup_tm4c123.o(.text)
    PMW0_FAULT_Handler                       0x00000409   Thumb Code     2  startup_tm4c123.o(.text)
    PWM0_0_Handler                           0x0000040b   Thumb Code     2  startup_tm4c123.o(.text)
    PWM0_1_Handler                           0x0000040d   Thumb Code     2  startup_tm4c123.o(.text)
    PWM0_2_Handler                           0x0000040f   Thumb Code     2  startup_tm4c123.o(.text)
    QEI0_Handler                             0x00000411   Thumb Code     2  startup_tm4c123.o(.text)
    ADC0SS0_Handler                          0x00000413   Thumb Code     2  startup_tm4c123.o(.text)
    ADC0SS1_Handler                          0x00000415   Thumb Code     2  startup_tm4c123.o(.text)
    ADC0SS2_Handler                          0x00000417   Thumb Code     2  startup_tm4c123.o(.text)
    ADC0SS3_Handler                          0x00000419   Thumb Code     2  startup_tm4c123.o(.text)
    WDT0_Handler                             0x0000041b   Thumb Code     2  startup_tm4c123.o(.text)
    TIMER0A_Handler                          0x0000041d   Thumb Code     2  startup_tm4c123.o(.text)
    TIMER0B_Handler                          0x0000041f   Thumb Code     2  startup_tm4c123.o(.text)
    TIMER1A_Handler                          0x00000421   Thumb Code     2  startup_tm4c123.o(.text)
    TIMER1B_Handler                          0x00000423   Thumb Code     2  startup_tm4c123.o(.text)
    TIMER2A_Handler                          0x00000425   Thumb Code     2  startup_tm4c123.o(.text)
    TIMER2B_Handler                          0x00000427   Thumb Code     2  startup_tm4c123.o(.text)
    COMP0_Handler                            0x00000429   Thumb Code     2  startup_tm4c123.o(.text)
    COMP1_Handler                            0x0000042b   Thumb Code     2  startup_tm4c123.o(.text)
    COMP2_Handler                            0x0000042d   Thumb Code     2  startup_tm4c123.o(.text)
    SYSCTL_Handler                           0x0000042f   Thumb Code     2  startup_tm4c123.o(.text)
    FLASH_Handler                            0x00000431   Thumb Code     2  startup_tm4c123.o(.text)
    GPIOF_Handler                            0x00000433   Thumb Code     2  startup_tm4c123.o(.text)
    GPIOG_Handler                            0x00000435   Thumb Code     2  startup_tm4c123.o(.text)
    GPIOH_Handler                            0x00000437   Thumb Code     2  startup_tm4c123.o(.text)
    UART2_Handler                            0x00000439   Thumb Code     2  startup_tm4c123.o(.text)
    SSI1_Handler                             0x0000043b   Thumb Code     2  startup_tm4c123.o(.text)
    TIMER3A_Handler                          0x0000043d   Thumb Code     2  startup_tm4c123.o(.text)
    TIMER3B_Handler                          0x0000043f   Thumb Code     2  startup_tm4c123.o(.text)
    I2C1_Handler                             0x00000441   Thumb Code     2  startup_tm4c123.o(.text)
    QEI1_Handler                             0x00000443   Thumb Code     2  startup_tm4c123.o(.text)
    CAN0_Handler                             0x00000445   Thumb Code     2  startup_tm4c123.o(.text)
    CAN1_Handler                             0x00000447   Thumb Code     2  startup_tm4c123.o(.text)
    CAN2_Handler                             0x00000449   Thumb Code     2  startup_tm4c123.o(.text)
    HIB_Handler                              0x0000044b   Thumb Code     2  startup_tm4c123.o(.text)
    USB0_Handler                             0x0000044d   Thumb Code     2  startup_tm4c123.o(.text)
    PWM0_3_Handler                           0x0000044f   Thumb Code     2  startup_tm4c123.o(.text)
    UDMA_Handler                             0x00000451   Thumb Code     2  startup_tm4c123.o(.text)
    UDMAERR_Handler                          0x00000453   Thumb Code     2  startup_tm4c123.o(.text)
    ADC1SS0_Handler                          0x00000455   Thumb Code     2  startup_tm4c123.o(.text)
    ADC1SS1_Handler                          0x00000457   Thumb Code     2  startup_tm4c123.o(.text)
    ADC1SS2_Handler                          0x00000459   Thumb Code     2  startup_tm4c123.o(.text)
    ADC1SS3_Handler                          0x0000045b   Thumb Code     2  startup_tm4c123.o(.text)
    GPIOJ_Handler                            0x0000045d   Thumb Code     2  startup_tm4c123.o(.text)
    GPIOK_Handler                            0x0000045f   Thumb Code     2  startup_tm4c123.o(.text)
    GPIOL_Handler                            0x00000461   Thumb Code     2  startup_tm4c123.o(.text)
    SSI2_Handler                             0x00000463   Thumb Code     2  startup_tm4c123.o(.text)
    SSI3_Handler                             0x00000465   Thumb Code     2  startup_tm4c123.o(.text)
    UART3_Handler                            0x00000467   Thumb Code     2  startup_tm4c123.o(.text)
    UART4_Handler                            0x00000469   Thumb Code     2  startup_tm4c123.o(.text)
    UART5_Handler                            0x0000046b   Thumb Code     2  startup_tm4c123.o(.text)
    UART6_Handler                            0x0000046d   Thumb Code     2  startup_tm4c123.o(.text)
    UART7_Handler                            0x0000046f   Thumb Code     2  startup_tm4c123.o(.text)
    I2C2_Handler                             0x00000471   Thumb Code     2  startup_tm4c123.o(.text)
    I2C3_Handler                             0x00000473   Thumb Code     2  startup_tm4c123.o(.text)
    TIMER4A_Handler                          0x00000475   Thumb Code     2  startup_tm4c123.o(.text)
    TIMER4B_Handler                          0x00000477   Thumb Code     2  startup_tm4c123.o(.text)
    TIMER5A_Handler                          0x00000479   Thumb Code     2  startup_tm4c123.o(.text)
    TIMER5B_Handler                          0x0000047b   Thumb Code     2  startup_tm4c123.o(.text)
    WTIMER0A_Handler                         0x0000047d   Thumb Code     2  startup_tm4c123.o(.text)
    WTIMER0B_Handler                         0x0000047f   Thumb Code     2  startup_tm4c123.o(.text)
    WTIMER1A_Handler                         0x00000481   Thumb Code     2  startup_tm4c123.o(.text)
    WTIMER1B_Handler                         0x00000483   Thumb Code     2  startup_tm4c123.o(.text)
    WTIMER2A_Handler                         0x00000485   Thumb Code     2  startup_tm4c123.o(.text)
    WTIMER2B_Handler                         0x00000487   Thumb Code     2  startup_tm4c123.o(.text)
    WTIMER3A_Handler                         0x00000489   Thumb Code     2  startup_tm4c123.o(.text)
    WTIMER3B_Handler                         0x0000048b   Thumb Code     2  startup_tm4c123.o(.text)
    WTIMER4A_Handler                         0x0000048d   Thumb Code     2  startup_tm4c123.o(.text)
    WTIMER4B_Handler                         0x0000048f   Thumb Code     2  startup_tm4c123.o(.text)
    WTIMER5A_Handler                         0x00000491   Thumb Code     2  startup_tm4c123.o(.text)
    WTIMER5B_Handler                         0x00000493   Thumb Code     2  startup_tm4c123.o(.text)
    FPU_Handler                              0x00000495   Thumb Code     2  startup_tm4c123.o(.text)
    I2C4_Handler                             0x00000497   Thumb Code     2  startup_tm4c123.o(.text)
    I2C5_Handler                             0x00000499   Thumb Code     2  startup_tm4c123.o(.text)
    GPIOM_Handler                            0x0000049b   Thumb Code     2  startup_tm4c123.o(.text)
    GPION_Handler                            0x0000049d   Thumb Code     2  startup_tm4c123.o(.text)
    QEI2_Handler                             0x0000049f   Thumb Code     2  startup_tm4c123.o(.text)
    GPIOP0_Handler                           0x000004a1   Thumb Code     2  startup_tm4c123.o(.text)
    GPIOP1_Handler                           0x000004a3   Thumb Code     2  startup_tm4c123.o(.text)
    GPIOP2_Handler                           0x000004a5   Thumb Code     2  startup_tm4c123.o(.text)
    GPIOP3_Handler                           0x000004a7   Thumb Code     2  startup_tm4c123.o(.text)
    GPIOP4_Handler                           0x000004a9   Thumb Code     2  startup_tm4c123.o(.text)
    GPIOP5_Handler                           0x000004ab   Thumb Code     2  startup_tm4c123.o(.text)
    GPIOP6_Handler                           0x000004ad   Thumb Code     2  startup_tm4c123.o(.text)
    GPIOP7_Handler                           0x000004af   Thumb Code     2  startup_tm4c123.o(.text)
    GPIOQ0_Handler                           0x000004b1   Thumb Code     2  startup_tm4c123.o(.text)
    GPIOQ1_Handler                           0x000004b3   Thumb Code     2  startup_tm4c123.o(.text)
    GPIOQ2_Handler                           0x000004b5   Thumb Code     2  startup_tm4c123.o(.text)
    GPIOQ3_Handler                           0x000004b7   Thumb Code     2  startup_tm4c123.o(.text)
    GPIOQ4_Handler                           0x000004b9   Thumb Code     2  startup_tm4c123.o(.text)
    GPIOQ5_Handler                           0x000004bb   Thumb Code     2  startup_tm4c123.o(.text)
    GPIOQ6_Handler                           0x000004bd   Thumb Code     2  startup_tm4c123.o(.text)
    GPIOQ7_Handler                           0x000004bf   Thumb Code     2  startup_tm4c123.o(.text)
    GPIOR_Handler                            0x000004c1   Thumb Code     2  startup_tm4c123.o(.text)
    GPIOS_Handler                            0x000004c3   Thumb Code     2  startup_tm4c123.o(.text)
    PMW1_0_Handler                           0x000004c5   Thumb Code     2  startup_tm4c123.o(.text)
    PWM1_1_Handler                           0x000004c7   Thumb Code     2  startup_tm4c123.o(.text)
    PWM1_2_Handler                           0x000004c9   Thumb Code     2  startup_tm4c123.o(.text)
    PWM1_3_Handler                           0x000004cb   Thumb Code     2  startup_tm4c123.o(.text)
    PWM1_FAULT_Handler                       0x000004cd   Thumb Code     2  startup_tm4c123.o(.text)
    __user_initial_stackheap                 0x000004d1   Thumb Code     0  startup_tm4c123.o(.text)
    __aeabi_memcpy                           0x000004f1   Thumb Code     0  rt_memcpy_v6.o(.text)
    __rt_memcpy                              0x000004f1   Thumb Code   138  rt_memcpy_v6.o(.text)
    _memcpy_lastbytes                        0x00000557   Thumb Code     0  rt_memcpy_v6.o(.text)
    __aeabi_memset                           0x0000057b   Thumb Code    16  aeabi_memset.o(.text)
    __aeabi_memclr                           0x0000058b   Thumb Code     0  rt_memclr.o(.text)
    __rt_memclr                              0x0000058b   Thumb Code    68  rt_memclr.o(.text)
    _memset                                  0x0000058f   Thumb Code     0  rt_memclr.o(.text)
    __aeabi_memclr4                          0x000005cf   Thumb Code     0  rt_memclr_w.o(.text)
    __aeabi_memclr8                          0x000005cf   Thumb Code     0  rt_memclr_w.o(.text)
    __rt_memclr_w                            0x000005cf   Thumb Code    78  rt_memclr_w.o(.text)
    _memset_w                                0x000005d3   Thumb Code     0  rt_memclr_w.o(.text)
    __use_two_region_memory                  0x0000061d   Thumb Code     2  heapauxi.o(.text)
    __rt_heap_escrow$2region                 0x0000061f   Thumb Code     2  heapauxi.o(.text)
    __rt_heap_expand$2region                 0x00000621   Thumb Code     2  heapauxi.o(.text)
    __aeabi_memcpy4                          0x00000623   Thumb Code     0  rt_memcpy_w.o(.text)
    __aeabi_memcpy8                          0x00000623   Thumb Code     0  rt_memcpy_w.o(.text)
    __rt_memcpy_w                            0x00000623   Thumb Code   100  rt_memcpy_w.o(.text)
    _memcpy_lastbytes_aligned                0x0000066b   Thumb Code     0  rt_memcpy_w.o(.text)
    __user_setup_stackheap                   0x00000687   Thumb Code    74  sys_stackheap_outer.o(.text)
    exit                                     0x000006d1   Thumb Code    18  exit.o(.text)
    __user_libspace                          0x000006e5   Thumb Code     8  libspace.o(.text)
    __user_perproc_libspace                  0x000006e5   Thumb Code     0  libspace.o(.text)
    _sys_exit                                0x000006ed   Thumb Code     8  sys_exit.o(.text)
    __I$use$semihosting                      0x000006f9   Thumb Code     0  use_no_semi.o(.text)
    __use_no_semihosting_swi                 0x000006f9   Thumb Code     2  use_no_semi.o(.text)
    AddDownFloorStop                         0x000006fb   Thumb Code    30  elevator-mgr.o(i.AddDownFloorStop)
    __semihosting_library_function           0x000006fb   Thumb Code     0  indicate_semi.o(.text)
    AddUpFloorStop                           0x00000719   Thumb Code    30  elevator-mgr.o(i.AddUpFloorStop)
    CheckButtonPressed                       0x00000737   Thumb Code    46  elevator-mgr.o(i.CheckButtonPressed)
    ConfigureUART                            0x00000765   Thumb Code   162  main.o(i.ConfigureUART)
    ElevatorMgrAddFloorToStop                0x00000819   Thumb Code    44  elevator-mgr.o(i.ElevatorMgrAddFloorToStop)
    ElevatorMgrGetNextFloor                  0x00000845   Thumb Code    94  elevator-mgr.o(i.ElevatorMgrGetNextFloor)
    ElevatorMgrInit                          0x000008a5   Thumb Code    58  elevator-mgr.o(i.ElevatorMgrInit)
    ElevatorMgrInitElevators                 0x000008f9   Thumb Code   140  elevator-mgr.o(i.ElevatorMgrInitElevators)
    ElevatorMgrSendMsgToTX                   0x00000989   Thumb Code    36  elevator-mgr.o(i.ElevatorMgrSendMsgToTX)
    ElevatorMgrTask                          0x000009b1   Thumb Code   370  elevator-mgr.o(i.ElevatorMgrTask)
    ElevatorRXInit                           0x00000b2d   Thumb Code    48  elevator-rx-drv.o(i.ElevatorRXInit)
    ElevatorRXTask                           0x00000b71   Thumb Code    30  elevator-rx-drv.o(i.ElevatorRXTask)
    ElevatorTXInit                           0x00000b95   Thumb Code    48  elevator-tx-drv.o(i.ElevatorTXInit)
    ElevatorTXTask                           0x00000bd9   Thumb Code   152  elevator-tx-drv.o(i.ElevatorTXTask)
    GPIOPinWrite                             0x00000c8d   Thumb Code     6  gpio.o(i.GPIOPinWrite)
    GetNextDownFloor                         0x00000c93   Thumb Code    46  elevator-mgr.o(i.GetNextDownFloor)
    GetNextUpFloor                           0x00000cc1   Thumb Code    46  elevator-mgr.o(i.GetNextUpFloor)
    InitMessageQueues                        0x00000d21   Thumb Code    84  main.o(i.InitMessageQueues)
    InitThreads                              0x00000d91   Thumb Code    32  main.o(i.InitThreads)
    LEDS_INIT                                0x00000dbd   Thumb Code    98  main.o(i.LEDS_INIT)
    SysCtlClockFreqSet                       0x00000e29   Thumb Code   706  sysctl.o(i.SysCtlClockFreqSet)
    SysTick_Handler                          0x00001115   Thumb Code    22  cmsis_os2.o(i.SysTick_Handler)
    SystemInit                               0x0000112d   Thumb Code   112  system_tm4c123.o(i.SystemInit)
    UARTClockSourceSet                       0x000011c5   Thumb Code     6  uart.o(i.UARTClockSourceSet)
    UARTStdioConfig                          0x000011cd   Thumb Code    96  uartstdio.o(i.UARTStdioConfig)
    UARTprintf                               0x00001239   Thumb Code    26  uartstdio.o(i.UARTprintf)
    UARTvprintf                              0x00001255   Thumb Code   574  uartstdio.o(i.UARTvprintf)
    UARTwrite                                0x000014a5   Thumb Code    68  uartstdio.o(i.UARTwrite)
    _mutex_acquire                           0x000014ed   Thumb Code    28  clib_arm.o(i._mutex_acquire)
    _mutex_free                              0x00001509   Thumb Code    46  clib_arm.o(i._mutex_free)
    _mutex_initialize                        0x0000153d   Thumb Code    98  clib_arm.o(i._mutex_initialize)
    _mutex_release                           0x000015a9   Thumb Code    30  clib_arm.o(i._mutex_release)
    _platform_post_stackheap_init            0x000015c7   Thumb Code     2  clib_arm.o(i._platform_post_stackheap_init)
    main                                     0x000015d9   Thumb Code   158  main.o(i.main)
    osDelay                                  0x00001689   Thumb Code    30  cmsis_os2.o(i.osDelay)
    osKernelInitialize                       0x000016a9   Thumb Code    48  cmsis_os2.o(i.osKernelInitialize)
    osKernelStart                            0x000016dd   Thumb Code    92  cmsis_os2.o(i.osKernelStart)
    osMessageQueueGet                        0x00001745   Thumb Code   126  cmsis_os2.o(i.osMessageQueueGet)
    osMessageQueueNew                        0x000017c9   Thumb Code   126  cmsis_os2.o(i.osMessageQueueNew)
    osMessageQueuePut                        0x00001849   Thumb Code   130  cmsis_os2.o(i.osMessageQueuePut)
    osThreadNew                              0x000018d1   Thumb Code   184  cmsis_os2.o(i.osThreadNew)
    osThreadYield                            0x00001989   Thumb Code    36  cmsis_os2.o(i.osThreadYield)
    pvPortMalloc                             0x00002309   Thumb Code   208  heap_4.o(i.pvPortMalloc)
    pvTaskIncrementMutexHeldCount            0x000023ed   Thumb Code    26  tasks.o(i.pvTaskIncrementMutexHeldCount)
    pxPortInitialiseStack                    0x0000240d   Thumb Code    38  port.o(i.pxPortInitialiseStack)
    uxListRemove                             0x00002439   Thumb Code    40  list.o(i.uxListRemove)
    uxTaskGetNumberOfTasks                   0x00002461   Thumb Code     6  tasks.o(i.uxTaskGetNumberOfTasks)
    vApplicationGetIdleTaskMemory            0x0000246d   Thumb Code    14  cmsis_os2.o(i.vApplicationGetIdleTaskMemory)
    vApplicationGetTimerTaskMemory           0x00002485   Thumb Code    14  cmsis_os2.o(i.vApplicationGetTimerTaskMemory)
    vApplicationStackOverflowHook            0x0000249d   Thumb Code     2  cmsis_os2.o(i.vApplicationStackOverflowHook)
    vListInitialise                          0x0000249f   Thumb Code    26  list.o(i.vListInitialise)
    vListInitialiseItem                      0x000024b9   Thumb Code     6  list.o(i.vListInitialiseItem)
    vListInsert                              0x000024bf   Thumb Code    52  list.o(i.vListInsert)
    vPortEnterCritical                       0x000024f5   Thumb Code    30  port.o(i.vPortEnterCritical)
    vPortExitCritical                        0x00002519   Thumb Code    28  port.o(i.vPortExitCritical)
    vPortFree                                0x00002539   Thumb Code    68  heap_4.o(i.vPortFree)
    vPortSetupTimerInterrupt                 0x00002585   Thumb Code    36  port.o(i.vPortSetupTimerInterrupt)
    vQueueDelete                             0x000025ad   Thumb Code    20  queue.o(i.vQueueDelete)
    vQueueWaitForMessageRestricted           0x000025c1   Thumb Code    74  queue.o(i.vQueueWaitForMessageRestricted)
    vTaskDelay                               0x0000260d   Thumb Code    46  tasks.o(i.vTaskDelay)
    vTaskInternalSetTimeOutState             0x00002641   Thumb Code    14  tasks.o(i.vTaskInternalSetTimeOutState)
    vTaskMissedYield                         0x00002659   Thumb Code     8  tasks.o(i.vTaskMissedYield)
    vTaskPlaceOnEventList                    0x00002665   Thumb Code    28  tasks.o(i.vTaskPlaceOnEventList)
    vTaskPlaceOnEventListRestricted          0x00002685   Thumb Code    70  tasks.o(i.vTaskPlaceOnEventListRestricted)
    vTaskPriorityDisinheritAfterTimeout      0x000026d1   Thumb Code   182  tasks.o(i.vTaskPriorityDisinheritAfterTimeout)
    vTaskStartScheduler                      0x00002791   Thumb Code   124  tasks.o(i.vTaskStartScheduler)
    vTaskSuspendAll                          0x0000282d   Thumb Code    12  tasks.o(i.vTaskSuspendAll)
    vTaskSwitchContext                       0x0000283d   Thumb Code   154  tasks.o(i.vTaskSwitchContext)
    xPortStartScheduler                      0x000028ed   Thumb Code    58  port.o(i.xPortStartScheduler)
    xPortSysTickHandler                      0x00002935   Thumb Code    46  port.o(i.xPortSysTickHandler)
    xQueueCreateMutex                        0x00002969   Thumb Code    34  queue.o(i.xQueueCreateMutex)
    xQueueCreateMutexStatic                  0x0000298b   Thumb Code    42  queue.o(i.xQueueCreateMutexStatic)
    xQueueGenericCreate                      0x000029b5   Thumb Code    82  queue.o(i.xQueueGenericCreate)
    xQueueGenericCreateStatic                0x00002a07   Thumb Code    62  queue.o(i.xQueueGenericCreateStatic)
    xQueueGenericReset                       0x00002a45   Thumb Code   156  queue.o(i.xQueueGenericReset)
    xQueueGenericSend                        0x00002ae5   Thumb Code   276  queue.o(i.xQueueGenericSend)
    xQueueGenericSendFromISR                 0x00002bfd   Thumb Code   152  queue.o(i.xQueueGenericSendFromISR)
    xQueueReceive                            0x00002c95   Thumb Code   256  queue.o(i.xQueueReceive)
    xQueueReceiveFromISR                     0x00002d99   Thumb Code   140  queue.o(i.xQueueReceiveFromISR)
    xQueueSemaphoreTake                      0x00002e25   Thumb Code   300  queue.o(i.xQueueSemaphoreTake)
    xTaskCheckForTimeOut                     0x00002f55   Thumb Code    88  tasks.o(i.xTaskCheckForTimeOut)
    xTaskCreate                              0x00002fb5   Thumb Code   108  tasks.o(i.xTaskCreate)
    xTaskCreateStatic                        0x00003021   Thumb Code    86  tasks.o(i.xTaskCreateStatic)
    xTaskGetSchedulerState                   0x00003079   Thumb Code    24  tasks.o(i.xTaskGetSchedulerState)
    xTaskGetTickCount                        0x00003099   Thumb Code     6  tasks.o(i.xTaskGetTickCount)
    xTaskIncrementTick                       0x000030a5   Thumb Code   354  tasks.o(i.xTaskIncrementTick)
    xTaskPriorityDisinherit                  0x00003235   Thumb Code   138  tasks.o(i.xTaskPriorityDisinherit)
    xTaskPriorityInherit                     0x000032c9   Thumb Code   202  tasks.o(i.xTaskPriorityInherit)
    xTaskRemoveFromEventList                 0x000033a1   Thumb Code   238  tasks.o(i.xTaskRemoveFromEventList)
    xTaskResumeAll                           0x000034a9   Thumb Code   308  tasks.o(i.xTaskResumeAll)
    xTimerCreateTimerTask                    0x00003601   Thumb Code    76  timers.o(i.xTimerCreateTimerTask)
    _fp_init                                 0x00003661   Thumb Code    10  fpinit.o(x$fpl$fpinit)
    __fplib_config_fpu_vfp                   0x00003669   Thumb Code     0  fpinit.o(x$fpl$fpinit)
    __fplib_config_pureend_doubles           0x00003669   Thumb Code     0  fpinit.o(x$fpl$fpinit)
    elevator_mgr_incoming_queue_attr         0x0000366c   Data          24  main.o(.constdata)
    elevator_tx_incoming_queue_attr          0x00003684   Data          24  main.o(.constdata)
    Region$$Table$$Base                      0x000039dc   Number         0  anon$$obj.o(Region$$Table)
    Region$$Table$$Limit                     0x000039fc   Number         0  anon$$obj.o(Region$$Table)
    g_ui32SysClock                           0x20000000   Data           4  main.o(.data)
    elevator_mgr_incoming_queue_id           0x20000004   Data           4  main.o(.data)
    elevator_mgr_handlers_list               0x20000008   Data           8  main.o(.data)
    elevator_tx_incoming_queue_id            0x20000010   Data           4  main.o(.data)
    elevator_tx_handlers_list                0x20000014   Data           4  main.o(.data)
    elevator_rx_handlers_list                0x20000018   Data           4  main.o(.data)
    elevator_id_codes                        0x20000038   Data           3  elevator-tx-drv.o(.data)
    buttons_id_codes                         0x2000003b   Data          16  elevator-tx-drv.o(.data)
    SystemCoreClock                          0x20000068   Data           4  system_tm4c123.o(.data)
    pxCurrentTCB                             0x2000008c   Data           4  tasks.o(.data)
    uxTopUsedPriority                        0x200000c4   Data           4  tasks.o(.data)
    __libspace_start                         0x20002e40   Data          96  libspace.o(.bss)
    __temporary_stack_top$libspace           0x20002ea0   Data           0  libspace.o(.bss)



==============================================================================

Memory Map of the image

  Image Entry point : 0x000003dd

  Load Region LR_1 (Base: 0x00000000, Size: 0x00003adc, Max: 0xffffffff, ABSOLUTE)

    Execution Region ER_RO (Exec base: 0x00000000, Load base: 0x00000000, Size: 0x000039fc, Max: 0xffffffff, ABSOLUTE)

    Exec Addr    Load Addr    Size         Type   Attr      Idx    E Section Name        Object

    0x00000000   0x00000000   0x0000026c   Data   RO         1074    RESET               startup_tm4c123.o
    0x0000026c   0x0000026c   0x00000008   Code   RO         3585  * !!!main             c_w.l(__main.o)
    0x00000274   0x00000274   0x00000034   Code   RO         3744    !!!scatter          c_w.l(__scatter.o)
    0x000002a8   0x000002a8   0x0000001a   Code   RO         3746    !!handler_copy      c_w.l(__scatter_copy.o)
    0x000002c2   0x000002c2   0x00000002   PAD
    0x000002c4   0x000002c4   0x0000001c   Code   RO         3748    !!handler_zi        c_w.l(__scatter_zi.o)
    0x000002e0   0x000002e0   0x00000002   Code   RO         3612    .ARM.Collect$$libinit$$00000000  c_w.l(libinit.o)
    0x000002e2   0x000002e2   0x00000004   Code   RO         3618    .ARM.Collect$$libinit$$00000001  c_w.l(libinit2.o)
    0x000002e6   0x000002e6   0x00000000   Code   RO         3621    .ARM.Collect$$libinit$$00000004  c_w.l(libinit2.o)
    0x000002e6   0x000002e6   0x00000000   Code   RO         3624    .ARM.Collect$$libinit$$0000000A  c_w.l(libinit2.o)
    0x000002e6   0x000002e6   0x00000000   Code   RO         3626    .ARM.Collect$$libinit$$0000000C  c_w.l(libinit2.o)
    0x000002e6   0x000002e6   0x00000000   Code   RO         3628    .ARM.Collect$$libinit$$0000000E  c_w.l(libinit2.o)
    0x000002e6   0x000002e6   0x00000000   Code   RO         3631    .ARM.Collect$$libinit$$00000011  c_w.l(libinit2.o)
    0x000002e6   0x000002e6   0x00000000   Code   RO         3633    .ARM.Collect$$libinit$$00000013  c_w.l(libinit2.o)
    0x000002e6   0x000002e6   0x00000000   Code   RO         3635    .ARM.Collect$$libinit$$00000015  c_w.l(libinit2.o)
    0x000002e6   0x000002e6   0x00000000   Code   RO         3637    .ARM.Collect$$libinit$$00000017  c_w.l(libinit2.o)
    0x000002e6   0x000002e6   0x00000000   Code   RO         3639    .ARM.Collect$$libinit$$00000019  c_w.l(libinit2.o)
    0x000002e6   0x000002e6   0x00000000   Code   RO         3641    .ARM.Collect$$libinit$$0000001B  c_w.l(libinit2.o)
    0x000002e6   0x000002e6   0x00000000   Code   RO         3643    .ARM.Collect$$libinit$$0000001D  c_w.l(libinit2.o)
    0x000002e6   0x000002e6   0x00000000   Code   RO         3645    .ARM.Collect$$libinit$$0000001F  c_w.l(libinit2.o)
    0x000002e6   0x000002e6   0x00000000   Code   RO         3647    .ARM.Collect$$libinit$$00000021  c_w.l(libinit2.o)
    0x000002e6   0x000002e6   0x00000000   Code   RO         3649    .ARM.Collect$$libinit$$00000023  c_w.l(libinit2.o)
    0x000002e6   0x000002e6   0x00000000   Code   RO         3651    .ARM.Collect$$libinit$$00000025  c_w.l(libinit2.o)
    0x000002e6   0x000002e6   0x00000000   Code   RO         3655    .ARM.Collect$$libinit$$0000002C  c_w.l(libinit2.o)
    0x000002e6   0x000002e6   0x00000000   Code   RO         3657    .ARM.Collect$$libinit$$0000002E  c_w.l(libinit2.o)
    0x000002e6   0x000002e6   0x00000000   Code   RO         3659    .ARM.Collect$$libinit$$00000030  c_w.l(libinit2.o)
    0x000002e6   0x000002e6   0x00000000   Code   RO         3661    .ARM.Collect$$libinit$$00000032  c_w.l(libinit2.o)
    0x000002e6   0x000002e6   0x00000002   Code   RO         3662    .ARM.Collect$$libinit$$00000033  c_w.l(libinit2.o)
    0x000002e8   0x000002e8   0x00000002   Code   RO         3682    .ARM.Collect$$libshutdown$$00000000  c_w.l(libshutdown.o)
    0x000002ea   0x000002ea   0x00000000   Code   RO         3695    .ARM.Collect$$libshutdown$$00000002  c_w.l(libshutdown2.o)
    0x000002ea   0x000002ea   0x00000000   Code   RO         3697    .ARM.Collect$$libshutdown$$00000004  c_w.l(libshutdown2.o)
    0x000002ea   0x000002ea   0x00000000   Code   RO         3699    .ARM.Collect$$libshutdown$$00000006  c_w.l(libshutdown2.o)
    0x000002ea   0x000002ea   0x00000000   Code   RO         3702    .ARM.Collect$$libshutdown$$00000009  c_w.l(libshutdown2.o)
    0x000002ea   0x000002ea   0x00000000   Code   RO         3705    .ARM.Collect$$libshutdown$$0000000C  c_w.l(libshutdown2.o)
    0x000002ea   0x000002ea   0x00000000   Code   RO         3707    .ARM.Collect$$libshutdown$$0000000E  c_w.l(libshutdown2.o)
    0x000002ea   0x000002ea   0x00000000   Code   RO         3710    .ARM.Collect$$libshutdown$$00000011  c_w.l(libshutdown2.o)
    0x000002ea   0x000002ea   0x00000002   Code   RO         3711    .ARM.Collect$$libshutdown$$00000012  c_w.l(libshutdown2.o)
    0x000002ec   0x000002ec   0x00000000   Code   RO         3587    .ARM.Collect$$rtentry$$00000000  c_w.l(__rtentry.o)
    0x000002ec   0x000002ec   0x00000000   Code   RO         3591    .ARM.Collect$$rtentry$$00000002  c_w.l(__rtentry2.o)
    0x000002ec   0x000002ec   0x00000006   Code   RO         3603    .ARM.Collect$$rtentry$$00000004  c_w.l(__rtentry4.o)
    0x000002f2   0x000002f2   0x00000008   Code   RO         3592    .ARM.Collect$$rtentry$$00000008  c_w.l(__rtentry2.o)
    0x000002fa   0x000002fa   0x00000004   Code   RO         3594    .ARM.Collect$$rtentry$$0000000A  c_w.l(__rtentry2.o)
    0x000002fe   0x000002fe   0x00000000   Code   RO         3596    .ARM.Collect$$rtentry$$0000000C  c_w.l(__rtentry2.o)
    0x000002fe   0x000002fe   0x00000008   Code   RO         3597    .ARM.Collect$$rtentry$$0000000D  c_w.l(__rtentry2.o)
    0x00000306   0x00000306   0x00000002   Code   RO         3616    .ARM.Collect$$rtexit$$00000000  c_w.l(rtexit.o)
    0x00000308   0x00000308   0x00000000   Code   RO         3664    .ARM.Collect$$rtexit$$00000002  c_w.l(rtexit2.o)
    0x00000308   0x00000308   0x00000004   Code   RO         3665    .ARM.Collect$$rtexit$$00000003  c_w.l(rtexit2.o)
    0x0000030c   0x0000030c   0x00000006   Code   RO         3666    .ARM.Collect$$rtexit$$00000004  c_w.l(rtexit2.o)
    0x00000312   0x00000312   0x00000002   PAD
    0x00000314   0x00000314   0x000000be   Code   RO         1408    .emb_text           port.o
    0x000003d2   0x000003d2   0x00000002   PAD
    0x000003d4   0x000003d4   0x00000006   Code   RO         2804    .emb_text           driverlib.lib(sysctl.o)
    0x000003da   0x000003da   0x00000002   PAD
    0x000003dc   0x000003dc   0x00000114   Code   RO         1075  * .text               startup_tm4c123.o
    0x000004f0   0x000004f0   0x0000008a   Code   RO         3575    .text               c_w.l(rt_memcpy_v6.o)
    0x0000057a   0x0000057a   0x00000010   Code   RO         3577    .text               c_w.l(aeabi_memset.o)
    0x0000058a   0x0000058a   0x00000044   Code   RO         3579    .text               c_w.l(rt_memclr.o)
    0x000005ce   0x000005ce   0x0000004e   Code   RO         3581    .text               c_w.l(rt_memclr_w.o)
    0x0000061c   0x0000061c   0x00000006   Code   RO         3583    .text               c_w.l(heapauxi.o)
    0x00000622   0x00000622   0x00000064   Code   RO         3588    .text               c_w.l(rt_memcpy_w.o)
    0x00000686   0x00000686   0x0000004a   Code   RO         3605    .text               c_w.l(sys_stackheap_outer.o)
    0x000006d0   0x000006d0   0x00000012   Code   RO         3607    .text               c_w.l(exit.o)
    0x000006e2   0x000006e2   0x00000002   PAD
    0x000006e4   0x000006e4   0x00000008   Code   RO         3613    .text               c_w.l(libspace.o)
    0x000006ec   0x000006ec   0x0000000c   Code   RO         3674    .text               c_w.l(sys_exit.o)
    0x000006f8   0x000006f8   0x00000002   Code   RO         3685    .text               c_w.l(use_no_semi.o)
    0x000006fa   0x000006fa   0x00000000   Code   RO         3687    .text               c_w.l(indicate_semi.o)
    0x000006fa   0x000006fa   0x0000001e   Code   RO          189    i.AddDownFloorStop  elevator-mgr.o
    0x00000718   0x00000718   0x0000001e   Code   RO          190    i.AddUpFloorStop    elevator-mgr.o
    0x00000736   0x00000736   0x0000002e   Code   RO          191    i.CheckButtonPressed  elevator-mgr.o
    0x00000764   0x00000764   0x000000b4   Code   RO            1    i.ConfigureUART     main.o
    0x00000818   0x00000818   0x0000002c   Code   RO          192    i.ElevatorMgrAddFloorToStop  elevator-mgr.o
    0x00000844   0x00000844   0x0000005e   Code   RO          193    i.ElevatorMgrGetNextFloor  elevator-mgr.o
    0x000008a2   0x000008a2   0x00000002   PAD
    0x000008a4   0x000008a4   0x00000054   Code   RO          194    i.ElevatorMgrInit   elevator-mgr.o
    0x000008f8   0x000008f8   0x00000090   Code   RO          195    i.ElevatorMgrInitElevators  elevator-mgr.o
    0x00000988   0x00000988   0x00000028   Code   RO          196    i.ElevatorMgrSendMsgToTX  elevator-mgr.o
    0x000009b0   0x000009b0   0x0000017c   Code   RO          197    i.ElevatorMgrTask   elevator-mgr.o
    0x00000b2c   0x00000b2c   0x00000044   Code   RO          138    i.ElevatorRXInit    elevator-rx-drv.o
    0x00000b70   0x00000b70   0x00000024   Code   RO          139    i.ElevatorRXTask    elevator-rx-drv.o
    0x00000b94   0x00000b94   0x00000044   Code   RO          163    i.ElevatorTXInit    elevator-tx-drv.o
    0x00000bd8   0x00000bd8   0x000000b4   Code   RO          164    i.ElevatorTXTask    elevator-tx-drv.o
    0x00000c8c   0x00000c8c   0x00000006   Code   RO         2520    i.GPIOPinWrite      driverlib.lib(gpio.o)
    0x00000c92   0x00000c92   0x0000002e   Code   RO          198    i.GetNextDownFloor  elevator-mgr.o
    0x00000cc0   0x00000cc0   0x0000002e   Code   RO          199    i.GetNextUpFloor    elevator-mgr.o
    0x00000cee   0x00000cee   0x00000032   Code   RO          462    i.IRQ_Context       cmsis_os2.o
    0x00000d20   0x00000d20   0x00000070   Code   RO            2    i.InitMessageQueues  main.o
    0x00000d90   0x00000d90   0x0000002c   Code   RO            3    i.InitThreads       main.o
    0x00000dbc   0x00000dbc   0x0000006c   Code   RO            4    i.LEDS_INIT         main.o
    0x00000e28   0x00000e28   0x000002ec   Code   RO         2806    i.SysCtlClockFreqSet  driverlib.lib(sysctl.o)
    0x00001114   0x00001114   0x00000016   Code   RO          463    i.SysTick_Handler   cmsis_os2.o
    0x0000112a   0x0000112a   0x00000002   PAD
    0x0000112c   0x0000112c   0x00000098   Code   RO         1083    i.SystemInit        system_tm4c123.o
    0x000011c4   0x000011c4   0x00000006   Code   RO         3170    i.UARTClockSourceSet  driverlib.lib(uart.o)
    0x000011ca   0x000011ca   0x00000002   PAD
    0x000011cc   0x000011cc   0x0000006c   Code   RO          269    i.UARTStdioConfig   uartstdio.o
    0x00001238   0x00001238   0x0000001a   Code   RO          272    i.UARTprintf        uartstdio.o
    0x00001252   0x00001252   0x00000002   PAD
    0x00001254   0x00001254   0x00000250   Code   RO          273    i.UARTvprintf       uartstdio.o
    0x000014a4   0x000014a4   0x00000048   Code   RO          274    i.UARTwrite         uartstdio.o
    0x000014ec   0x000014ec   0x0000001c   Code   RO          322    i._mutex_acquire    clib_arm.o
    0x00001508   0x00001508   0x00000034   Code   RO          323    i._mutex_free       clib_arm.o
    0x0000153c   0x0000153c   0x0000006c   Code   RO          324    i._mutex_initialize  clib_arm.o
    0x000015a8   0x000015a8   0x0000001e   Code   RO          325    i._mutex_release    clib_arm.o
    0x000015c6   0x000015c6   0x00000002   Code   RO          326    i._platform_post_stackheap_init  clib_arm.o
    0x000015c8   0x000015c8   0x00000010   Code   RO          327    i.is_thread_mode    clib_arm.o
    0x000015d8   0x000015d8   0x000000b0   Code   RO            6    i.main              main.o
    0x00001688   0x00001688   0x0000001e   Code   RO          465    i.osDelay           cmsis_os2.o
    0x000016a6   0x000016a6   0x00000002   PAD
    0x000016a8   0x000016a8   0x00000034   Code   RO          479    i.osKernelInitialize  cmsis_os2.o
    0x000016dc   0x000016dc   0x00000068   Code   RO          482    i.osKernelStart     cmsis_os2.o
    0x00001744   0x00001744   0x00000084   Code   RO          494    i.osMessageQueueGet  cmsis_os2.o
    0x000017c8   0x000017c8   0x0000007e   Code   RO          499    i.osMessageQueueNew  cmsis_os2.o
    0x00001846   0x00001846   0x00000002   PAD
    0x00001848   0x00001848   0x00000088   Code   RO          500    i.osMessageQueuePut  cmsis_os2.o
    0x000018d0   0x000018d0   0x000000b8   Code   RO          524    i.osThreadNew       cmsis_os2.o
    0x00001988   0x00001988   0x00000028   Code   RO          529    i.osThreadYield     cmsis_os2.o
    0x000019b0   0x000019b0   0x00000012   Code   RO          328    i.os_kernel_is_active  clib_arm.o
    0x000019c2   0x000019c2   0x00000002   PAD
    0x000019c4   0x000019c4   0x000000a4   Code   RO         1893    i.prvAddCurrentTaskToDelayedList  tasks.o
    0x00001a68   0x00001a68   0x000000e8   Code   RO         1894    i.prvAddNewTaskToReadyList  tasks.o
    0x00001b50   0x00001b50   0x0000005c   Code   RO         2290    i.prvCheckForValidListAndQueue  timers.o
    0x00001bac   0x00001bac   0x00000048   Code   RO         1895    i.prvCheckTasksWaitingTermination  tasks.o
    0x00001bf4   0x00001bf4   0x0000002a   Code   RO         1491    i.prvCopyDataFromQueue  queue.o
    0x00001c1e   0x00001c1e   0x0000007e   Code   RO         1492    i.prvCopyDataToQueue  queue.o
    0x00001c9c   0x00001c9c   0x00000028   Code   RO         1896    i.prvDeleteTCB      tasks.o
    0x00001cc4   0x00001cc4   0x00000014   Code   RO         1493    i.prvGetDisinheritPriorityAfterTimeout  queue.o
    0x00001cd8   0x00001cd8   0x00000028   Code   RO         2291    i.prvGetNextExpireTime  timers.o
    0x00001d00   0x00001d00   0x00000070   Code   RO         1335    i.prvHeapInit       heap_4.o
    0x00001d70   0x00001d70   0x00000028   Code   RO         1897    i.prvIdleTask       tasks.o
    0x00001d98   0x00001d98   0x0000001e   Code   RO         1494    i.prvInitialiseMutex  queue.o
    0x00001db6   0x00001db6   0x0000002a   Code   RO         1495    i.prvInitialiseNewQueue  queue.o
    0x00001de0   0x00001de0   0x00000086   Code   RO         1898    i.prvInitialiseNewTask  tasks.o
    0x00001e66   0x00001e66   0x00000002   PAD
    0x00001e68   0x00001e68   0x00000068   Code   RO         1899    i.prvInitialiseTaskLists  tasks.o
    0x00001ed0   0x00001ed0   0x00000068   Code   RO         1336    i.prvInsertBlockIntoFreeList  heap_4.o
    0x00001f38   0x00001f38   0x00000058   Code   RO         2293    i.prvInsertTimerInActiveList  timers.o
    0x00001f90   0x00001f90   0x0000001a   Code   RO         1496    i.prvIsQueueEmpty   queue.o
    0x00001faa   0x00001faa   0x0000001e   Code   RO         1497    i.prvIsQueueFull    queue.o
    0x00001fc8   0x00001fc8   0x00000044   Code   RO         2294    i.prvProcessExpiredTimer  timers.o
    0x0000200c   0x0000200c   0x00000110   Code   RO         2295    i.prvProcessReceivedCommands  timers.o
    0x0000211c   0x0000211c   0x00000074   Code   RO         2296    i.prvProcessTimerOrBlockTask  timers.o
    0x00002190   0x00002190   0x00000028   Code   RO         2297    i.prvReloadTimer    timers.o
    0x000021b8   0x000021b8   0x00000030   Code   RO         1901    i.prvResetNextTaskUnblockTime  tasks.o
    0x000021e8   0x000021e8   0x0000002c   Code   RO         2298    i.prvSampleTimeNow  timers.o
    0x00002214   0x00002214   0x00000044   Code   RO         2299    i.prvSwitchTimerLists  timers.o
    0x00002258   0x00002258   0x00000016   Code   RO         1409    i.prvTaskExitError  port.o
    0x0000226e   0x0000226e   0x0000001a   Code   RO         2300    i.prvTimerTask      timers.o
    0x00002288   0x00002288   0x0000007e   Code   RO         1498    i.prvUnlockQueue    queue.o
    0x00002306   0x00002306   0x00000002   PAD
    0x00002308   0x00002308   0x000000e4   Code   RO         1338    i.pvPortMalloc      heap_4.o
    0x000023ec   0x000023ec   0x00000020   Code   RO         1904    i.pvTaskIncrementMutexHeldCount  tasks.o
    0x0000240c   0x0000240c   0x0000002c   Code   RO         1410    i.pxPortInitialiseStack  port.o
    0x00002438   0x00002438   0x00000028   Code   RO         1284    i.uxListRemove      list.o
    0x00002460   0x00002460   0x0000000c   Code   RO         1907    i.uxTaskGetNumberOfTasks  tasks.o
    0x0000246c   0x0000246c   0x00000018   Code   RO          536    i.vApplicationGetIdleTaskMemory  cmsis_os2.o
    0x00002484   0x00002484   0x00000018   Code   RO          537    i.vApplicationGetTimerTaskMemory  cmsis_os2.o
    0x0000249c   0x0000249c   0x00000002   Code   RO          538    i.vApplicationStackOverflowHook  cmsis_os2.o
    0x0000249e   0x0000249e   0x0000001a   Code   RO         1285    i.vListInitialise   list.o
    0x000024b8   0x000024b8   0x00000006   Code   RO         1286    i.vListInitialiseItem  list.o
    0x000024be   0x000024be   0x00000034   Code   RO         1287    i.vListInsert       list.o
    0x000024f2   0x000024f2   0x00000002   PAD
    0x000024f4   0x000024f4   0x00000024   Code   RO         1412    i.vPortEnterCritical  port.o
    0x00002518   0x00002518   0x00000020   Code   RO         1413    i.vPortExitCritical  port.o
    0x00002538   0x00002538   0x0000004c   Code   RO         1339    i.vPortFree         heap_4.o
    0x00002584   0x00002584   0x00000028   Code   RO         1414    i.vPortSetupTimerInterrupt  port.o
    0x000025ac   0x000025ac   0x00000014   Code   RO         1504    i.vQueueDelete      queue.o
    0x000025c0   0x000025c0   0x0000004a   Code   RO         1506    i.vQueueWaitForMessageRestricted  queue.o
    0x0000260a   0x0000260a   0x00000002   PAD
    0x0000260c   0x0000260c   0x00000034   Code   RO         1914    i.vTaskDelay        tasks.o
    0x00002640   0x00002640   0x00000018   Code   RO         1919    i.vTaskInternalSetTimeOutState  tasks.o
    0x00002658   0x00002658   0x0000000c   Code   RO         1920    i.vTaskMissedYield  tasks.o
    0x00002664   0x00002664   0x00000020   Code   RO         1921    i.vTaskPlaceOnEventList  tasks.o
    0x00002684   0x00002684   0x0000004c   Code   RO         1922    i.vTaskPlaceOnEventListRestricted  tasks.o
    0x000026d0   0x000026d0   0x000000c0   Code   RO         1924    i.vTaskPriorityDisinheritAfterTimeout  tasks.o
    0x00002790   0x00002790   0x0000009c   Code   RO         1930    i.vTaskStartScheduler  tasks.o
    0x0000282c   0x0000282c   0x00000010   Code   RO         1932    i.vTaskSuspendAll   tasks.o
    0x0000283c   0x0000283c   0x000000b0   Code   RO         1933    i.vTaskSwitchContext  tasks.o
    0x000028ec   0x000028ec   0x00000048   Code   RO         1415    i.xPortStartScheduler  port.o
    0x00002934   0x00002934   0x00000034   Code   RO         1416    i.xPortSysTickHandler  port.o
    0x00002968   0x00002968   0x00000022   Code   RO         1509    i.xQueueCreateMutex  queue.o
    0x0000298a   0x0000298a   0x0000002a   Code   RO         1510    i.xQueueCreateMutexStatic  queue.o
    0x000029b4   0x000029b4   0x00000052   Code   RO         1511    i.xQueueGenericCreate  queue.o
    0x00002a06   0x00002a06   0x0000003e   Code   RO         1512    i.xQueueGenericCreateStatic  queue.o
    0x00002a44   0x00002a44   0x000000a0   Code   RO         1513    i.xQueueGenericReset  queue.o
    0x00002ae4   0x00002ae4   0x00000118   Code   RO         1514    i.xQueueGenericSend  queue.o
    0x00002bfc   0x00002bfc   0x00000098   Code   RO         1515    i.xQueueGenericSendFromISR  queue.o
    0x00002c94   0x00002c94   0x00000104   Code   RO         1524    i.xQueueReceive     queue.o
    0x00002d98   0x00002d98   0x0000008c   Code   RO         1525    i.xQueueReceiveFromISR  queue.o
    0x00002e24   0x00002e24   0x00000130   Code   RO         1526    i.xQueueSemaphoreTake  queue.o
    0x00002f54   0x00002f54   0x00000060   Code   RO         1935    i.xTaskCheckForTimeOut  tasks.o
    0x00002fb4   0x00002fb4   0x0000006c   Code   RO         1936    i.xTaskCreate       tasks.o
    0x00003020   0x00003020   0x00000056   Code   RO         1937    i.xTaskCreateStatic  tasks.o
    0x00003076   0x00003076   0x00000002   PAD
    0x00003078   0x00003078   0x00000020   Code   RO         1944    i.xTaskGetSchedulerState  tasks.o
    0x00003098   0x00003098   0x0000000c   Code   RO         1945    i.xTaskGetTickCount  tasks.o
    0x000030a4   0x000030a4   0x00000190   Code   RO         1947    i.xTaskIncrementTick  tasks.o
    0x00003234   0x00003234   0x00000094   Code   RO         1948    i.xTaskPriorityDisinherit  tasks.o
    0x000032c8   0x000032c8   0x000000d8   Code   RO         1949    i.xTaskPriorityInherit  tasks.o
    0x000033a0   0x000033a0   0x00000108   Code   RO         1950    i.xTaskRemoveFromEventList  tasks.o
    0x000034a8   0x000034a8   0x00000158   Code   RO         1951    i.xTaskResumeAll    tasks.o
    0x00003600   0x00003600   0x00000060   Code   RO         2309    i.xTimerCreateTimerTask  timers.o
    0x00003660   0x00003660   0x0000000a   Code   RO         3672    x$fpl$fpinit        fz_wm.l(fpinit.o)
    0x0000366a   0x0000366a   0x00000002   PAD
    0x0000366c   0x0000366c   0x00000030   Data   RO            7    .constdata          main.o
    0x0000369c   0x0000369c   0x00000024   Data   RO          140    .constdata          elevator-rx-drv.o
    0x000036c0   0x000036c0   0x00000024   Data   RO          165    .constdata          elevator-tx-drv.o
    0x000036e4   0x000036e4   0x00000024   Data   RO          201    .constdata          elevator-mgr.o
    0x00003708   0x00003708   0x0000001c   Data   RO          275    .constdata          uartstdio.o
    0x00003724   0x00003724   0x00000254   Data   RO         2860    .constdata          driverlib.lib(sysctl.o)
    0x00003978   0x00003978   0x00000026   Data   RO            8    .conststring        main.o
    0x0000399e   0x0000399e   0x00000002   PAD
    0x000039a0   0x000039a0   0x0000000c   Data   RO          141    .conststring        elevator-rx-drv.o
    0x000039ac   0x000039ac   0x0000000c   Data   RO          166    .conststring        elevator-tx-drv.o
    0x000039b8   0x000039b8   0x0000000d   Data   RO          202    .conststring        elevator-mgr.o
    0x000039c5   0x000039c5   0x00000003   PAD
    0x000039c8   0x000039c8   0x00000011   Data   RO          276    .conststring        uartstdio.o
    0x000039d9   0x000039d9   0x00000003   PAD
    0x000039dc   0x000039dc   0x00000020   Data   RO         3742    Region$$Table       anon$$obj.o


    Execution Region ER_RW (Exec base: 0x20000000, Load base: 0x000039fc, Size: 0x000000e0, Max: 0xffffffff, ABSOLUTE)

    Exec Addr    Load Addr    Size         Type   Attr      Idx    E Section Name        Object

    0x20000000   0x000039fc   0x0000001c   Data   RW            9    .data               main.o
    0x2000001c   0x00003a18   0x00000010   Data   RW          142    .data               elevator-rx-drv.o
    0x2000002c   0x00003a28   0x0000001f   Data   RW          167    .data               elevator-tx-drv.o
    0x2000004b   0x00003a47   0x00000001   PAD
    0x2000004c   0x00003a48   0x00000010   Data   RW          203    .data               elevator-mgr.o
    0x2000005c   0x00003a58   0x00000005   Data   RW          277    .data               uartstdio.o
    0x20000061   0x00003a5d   0x00000003   PAD
    0x20000064   0x00003a60   0x00000004   Data   RW          540    .data               cmsis_os2.o
    0x20000068   0x00003a64   0x00000004   Data   RW         1085    .data               system_tm4c123.o
    0x2000006c   0x00003a68   0x0000001c   Data   RW         1345    .data               heap_4.o
    0x20000088   0x00003a84   0x00000004   Data   RW         1417    .data               port.o
    0x2000008c   0x00003a88   0x00000040   Data   RW         1954    .data               tasks.o
    0x200000cc   0x00003ac8   0x00000014   Data   RW         2319    .data               timers.o


    Execution Region ER_ZI (Exec base: 0x200000e0, Load base: 0x00003adc, Size: 0x00002fc0, Max: 0xffffffff, ABSOLUTE)

    Exec Addr    Load Addr    Size         Type   Attr      Idx    E Section Name        Object

    0x200000e0        -       0x00000048   Zero   RW          200    .bss                elevator-mgr.o
    0x20000128        -       0x00000394   Zero   RW          329    .bss                clib_arm.o
    0x200004bc        -       0x000003f8   Zero   RW          539    .bss                cmsis_os2.o
    0x200008b4        -       0x00002000   Zero   RW         1344    .bss                heap_4.o
    0x200028b4        -       0x000004c4   Zero   RW         1953    .bss                tasks.o
    0x20002d78        -       0x000000c8   Zero   RW         2318    .bss                timers.o
    0x20002e40        -       0x00000060   Zero   RW         3614    .bss                c_w.l(libspace.o)
    0x20002ea0        -       0x00000000   Zero   RW         1073    HEAP                startup_tm4c123.o
    0x20002ea0        -       0x00000200   Zero   RW         1072    STACK               startup_tm4c123.o


==============================================================================

Image component sizes


      Code (inc. data)   RO Data    RW Data    ZI Data      Debug   Object Name

       254         16          0          0        916      59748   clib_arm.o
       926         52          0          4       1016      71115   cmsis_os2.o
       984         44         49         16         72      11635   elevator-mgr.o
       104         26         48         16          0       2682   elevator-rx-drv.o
       248         58         48         31          0       3027   elevator-tx-drv.o
         0          0          0          0          0      12048   event_groups.o
         0          0          0          0          0      11852   freertos_evr.o
       520         58          0         28       8192       5267   heap_4.o
       124          0          0          0          0      12685   list.o
       620         86         86         28          0      17983   main.o
       488         56          0          4          0      10664   port.o
      2052         16          0          0          0      22857   queue.o
       276         24        620          0        512       5452   startup_tm4c123.o
       152         40          0          4          0        843   system_tm4c123.o
      3320        378          0         64       1220      47998   tasks.o
       950        110          0         20        200      12388   timers.o
       798         34         45          5          0       4776   uartstdio.o

    ----------------------------------------------------------------------
     11840        998        936        224      12128     313020   Object Totals
         0          0         32          0          0          0   (incl. Generated)
        24          0          8          4          0          0   (incl. Padding)

    ----------------------------------------------------------------------

      Code (inc. data)   RO Data    RW Data    ZI Data      Debug   Library Member Name

         8          0          0          0          0         68   __main.o
         0          0          0          0          0          0   __rtentry.o
        20          0          0          0          0          0   __rtentry2.o
         6          0          0          0          0          0   __rtentry4.o
        52          8          0          0          0          0   __scatter.o
        26          0          0          0          0          0   __scatter_copy.o
        28          0          0          0          0          0   __scatter_zi.o
        16          0          0          0          0         68   aeabi_memset.o
        18          0          0          0          0         80   exit.o
         6          0          0          0          0        152   heapauxi.o
         0          0          0          0          0          0   indicate_semi.o
         2          0          0          0          0          0   libinit.o
         6          0          0          0          0          0   libinit2.o
         2          0          0          0          0          0   libshutdown.o
         2          0          0          0          0          0   libshutdown2.o
         8          4          0          0         96         68   libspace.o
        68          0          0          0          0         68   rt_memclr.o
        78          0          0          0          0         80   rt_memclr_w.o
       138          0          0          0          0         68   rt_memcpy_v6.o
       100          0          0          0          0         80   rt_memcpy_w.o
         2          0          0          0          0          0   rtexit.o
        10          0          0          0          0          0   rtexit2.o
        12          4          0          0          0         68   sys_exit.o
        74          0          0          0          0         80   sys_stackheap_outer.o
         2          0          0          0          0         68   use_no_semi.o
         6          0          0          0          0        535   gpio.o
       754         42        596          0          0       4657   sysctl.o
         6          0          0          0          0        513   uart.o
        10          0          0          0          0        116   fpinit.o

    ----------------------------------------------------------------------
      1472         58        596          0         96       6769   Library Totals
        12          0          0          0          0          0   (incl. Padding)

    ----------------------------------------------------------------------

      Code (inc. data)   RO Data    RW Data    ZI Data      Debug   Library Name

       684         16          0          0         96        948   c_w.l
       766         42        596          0          0       5705   driverlib.lib
        10          0          0          0          0        116   fz_wm.l

    ----------------------------------------------------------------------
      1472         58        596          0         96       6769   Library Totals

    ----------------------------------------------------------------------

==============================================================================


      Code (inc. data)   RO Data    RW Data    ZI Data      Debug   

     13312       1056       1532        224      12224     307573   Grand Totals
     13312       1056       1532        224      12224     307573   ELF Image Totals
     13312       1056       1532        224          0          0   ROM Totals

==============================================================================

    Total RO  Size (Code + RO Data)                14844 (  14.50kB)
    Total RW  Size (RW Data + ZI Data)             12448 (  12.16kB)
    Total ROM Size (Code + RO Data + RW Data)      15068 (  14.71kB)

==============================================================================

