Component: ARM Compiler 5.06 update 7 (build 960) Tool: armlink [4d3601]

==============================================================================

Section Cross References

    main.o(i.ConfigureUART) refers to uart.o(i.UARTIntRegister) for UARTIntRegister
    main.o(i.ConfigureUART) refers to uart.o(i.UARTClockSourceSet) for UARTClockSourceSet
    main.o(i.ConfigureUART) refers to uartstdio.o(i.UARTStdioConfig) for UARTStdioConfig
    main.o(i.ConfigureUART) refers to elevator-rx-drv.o(i.UART0_Handler) for UART0_Handler
    main.o(i.InitMessageQueues) refers to cmsis_os2.o(i.osMessageQueueNew) for osMessageQueueNew
    main.o(i.InitMessageQueues) refers to main.o(.constdata) for elevator_mgr_incoming_queue_attr
    main.o(i.InitMessageQueues) refers to main.o(.data) for elevator_mgr_incoming_queue_id
    main.o(i.InitThreads) refers to elevator-mgr.o(i.ElevatorMgrInit) for ElevatorMgrInit
    main.o(i.InitThreads) refers to elevator-rx-drv.o(i.ElevatorRXInit) for ElevatorRXInit
    main.o(i.InitThreads) refers to elevator-tx-drv.o(i.ElevatorTXInit) for ElevatorTXInit
    main.o(i.InitThreads) refers to main.o(.data) for elevator_mgr_handlers_list
    main.o(i.main) refers to sysctl.o(i.SysCtlClockFreqSet) for SysCtlClockFreqSet
    main.o(i.main) refers to main.o(i.ConfigureUART) for ConfigureUART
    main.o(i.main) refers to main.o(i.LEDS_INIT) for LEDS_INIT
    main.o(i.main) refers to cmsis_os2.o(i.osKernelInitialize) for osKernelInitialize
    main.o(i.main) refers to main.o(i.InitMessageQueues) for InitMessageQueues
    main.o(i.main) refers to main.o(i.InitThreads) for InitThreads
    main.o(i.main) refers to cmsis_os2.o(i.osKernelStart) for osKernelStart
    main.o(i.main) refers to gpio.o(i.GPIOPinWrite) for GPIOPinWrite
    main.o(i.main) refers to sysctl.o(.emb_text) for SysCtlDelay
    main.o(i.main) refers to main.o(.data) for g_ui32SysClock
    main.o(.constdata) refers to main.o(.conststring) for .conststring
    elevator-rx-drv.o(i.ElevatorRXInit) refers to stream_buffer.o(i.xStreamBufferGenericCreate) for xStreamBufferGenericCreate
    elevator-rx-drv.o(i.ElevatorRXInit) refers to cmsis_os2.o(i.osThreadNew) for osThreadNew
    elevator-rx-drv.o(i.ElevatorRXInit) refers to elevator-rx-drv.o(.data) for elevator_rx_handlers_list
    elevator-rx-drv.o(i.ElevatorRXInit) refers to elevator-rx-drv.o(.constdata) for local_thread_attr
    elevator-rx-drv.o(i.ElevatorRXInit) refers to elevator-rx-drv.o(i.ElevatorRXTask) for ElevatorRXTask
    elevator-rx-drv.o(i.ElevatorRXTask) refers to stream_buffer.o(i.xStreamBufferReceive) for xStreamBufferReceive
    elevator-rx-drv.o(i.ElevatorRXTask) refers to elevator-rx-drv.o(i.getElevatorCode) for getElevatorCode
    elevator-rx-drv.o(i.ElevatorRXTask) refers to atoi.o(.text) for atoi
    elevator-rx-drv.o(i.ElevatorRXTask) refers to cmsis_os2.o(i.osMessageQueuePut) for osMessageQueuePut
    elevator-rx-drv.o(i.ElevatorRXTask) refers to elevator-rx-drv.o(.data) for uartRxMsgBufferId
    elevator-rx-drv.o(i.UART0_Handler) refers to uart.o(i.UARTIntStatus) for UARTIntStatus
    elevator-rx-drv.o(i.UART0_Handler) refers to uart.o(i.UARTIntClear) for UARTIntClear
    elevator-rx-drv.o(i.UART0_Handler) refers to uart.o(i.UARTCharGetNonBlocking) for UARTCharGetNonBlocking
    elevator-rx-drv.o(i.UART0_Handler) refers to stream_buffer.o(i.xStreamBufferSendFromISR) for xStreamBufferSendFromISR
    elevator-rx-drv.o(i.UART0_Handler) refers to rt_memclr.o(.text) for __aeabi_memclr
    elevator-rx-drv.o(i.UART0_Handler) refers to uart.o(i.UARTCharsAvail) for UARTCharsAvail
    elevator-rx-drv.o(i.UART0_Handler) refers to elevator-rx-drv.o(.bss) for rxBuffer
    elevator-rx-drv.o(i.UART0_Handler) refers to elevator-rx-drv.o(.data) for bufferIdx
    elevator-rx-drv.o(.constdata) refers to elevator-rx-drv.o(.conststring) for .conststring
    elevator-tx-drv.o(i.ElevatorTXInit) refers to cmsis_os2.o(i.osThreadNew) for osThreadNew
    elevator-tx-drv.o(i.ElevatorTXInit) refers to elevator-tx-drv.o(.data) for elevator_tx_handlers_list
    elevator-tx-drv.o(i.ElevatorTXInit) refers to elevator-tx-drv.o(.constdata) for local_thread_attr
    elevator-tx-drv.o(i.ElevatorTXInit) refers to elevator-tx-drv.o(i.ElevatorTXTask) for ElevatorTXTask
    elevator-tx-drv.o(i.ElevatorTXTask) refers to cmsis_os2.o(i.osMessageQueueGet) for osMessageQueueGet
    elevator-tx-drv.o(i.ElevatorTXTask) refers to uartstdio.o(i.UARTprintf) for UARTprintf
    elevator-tx-drv.o(i.ElevatorTXTask) refers to cmsis_os2.o(i.osThreadYield) for osThreadYield
    elevator-tx-drv.o(i.ElevatorTXTask) refers to elevator-tx-drv.o(.data) for local_incoming_msg_queue
    elevator-tx-drv.o(.constdata) refers to elevator-tx-drv.o(.conststring) for .conststring
    elevator-mgr.o(i.CheckButtonPressed) refers to elevator-mgr.o(i.ElevatorMgrAddFloorToStop) for ElevatorMgrAddFloorToStop
[...]
    prvWriteMessageToBuffer                  0x00002a4b   Thumb Code    88  stream_buffer.o(i.prvWriteMessageToBuffer)
    i.pvPortMalloc                           0x00002aa4   Section        0  heap_4.o(i.pvPortMalloc)
    i.pvTaskIncrementMutexHeldCount          0x00002b88   Section        0  tasks.o(i.pvTaskIncrementMutexHeldCount)
    i.pxPortInitialiseStack                  0x00002ba8   Section        0  port.o(i.pxPortInitialiseStack)
    i.uxListRemove                           0x00002bd4   Section        0  list.o(i.uxListRemove)
    i.uxTaskGetNumberOfTasks                 0x00002bfc   Section        0  tasks.o(i.uxTaskGetNumberOfTasks)
    i.vApplicationGetIdleTaskMemory          0x00002c08   Section        0  cmsis_os2.o(i.vApplicationGetIdleTaskMemory)
    i.vApplicationGetTimerTaskMemory         0x00002c20   Section        0  cmsis_os2.o(i.vApplicationGetTimerTaskMemory)
    i.vApplicationStackOverflowHook          0x00002c38   Section        0  cmsis_os2.o(i.vApplicationStackOverflowHook)
    i.vListInitialise                        0x00002c3a   Section        0  list.o(i.vListInitialise)
    i.vListInitialiseItem                    0x00002c54   Section        0  list.o(i.vListInitialiseItem)
    i.vListInsert                            0x00002c5a   Section        0  list.o(i.vListInsert)
    i.vPortEnterCritical                     0x00002c90   Section        0  port.o(i.vPortEnterCritical)
    i.vPortExitCritical                      0x00002cb4   Section        0  port.o(i.vPortExitCritical)
    i.vPortFree                              0x00002cd4   Section        0  heap_4.o(i.vPortFree)
    i.vPortSetupTimerInterrupt               0x00002d20   Section        0  port.o(i.vPortSetupTimerInterrupt)
    i.vQueueDelete                           0x00002d48   Section        0  queue.o(i.vQueueDelete)
    i.vQueueWaitForMessageRestricted         0x00002d5c   Section        0  queue.o(i.vQueueWaitForMessageRestricted)
    i.vTaskDelay                             0x00002da8   Section        0  tasks.o(i.vTaskDelay)
    i.vTaskInternalSetTimeOutState           0x00002ddc   Section        0  tasks.o(i.vTaskInternalSetTimeOutState)
    i.vTaskMissedYield                       0x00002df4   Section        0  tasks.o(i.vTaskMissedYield)
    i.vTaskPlaceOnEventList                  0x00002e00   Section        0  tasks.o(i.vTaskPlaceOnEventList)
    i.vTaskPlaceOnEventListRestricted        0x00002e20   Section        0  tasks.o(i.vTaskPlaceOnEventListRestricted)
    i.vTaskPriorityDisinheritAfterTimeout    0x00002e6c   Section        0  tasks.o(i.vTaskPriorityDisinheritAfterTimeout)
    i.vTaskStartScheduler                    0x00002f2c   Section        0  tasks.o(i.vTaskStartScheduler)
    i.vTaskSuspendAll                        0x00002fc8   Section        0  tasks.o(i.vTaskSuspendAll)
    i.vTaskSwitchContext                     0x00002fd8   Section        0  tasks.o(i.vTaskSwitchContext)
    i.xPortStartScheduler                    0x00003088   Section        0  port.o(i.xPortStartScheduler)
    i.xPortSysTickHandler                    0x000030d0   Section        0  port.o(i.xPortSysTickHandler)
    i.xQueueCreateMutex                      0x00003104   Section        0  queue.o(i.xQueueCreateMutex)
    i.xQueueCreateMutexStatic                0x00003126   Section        0  queue.o(i.xQueueCreateMutexStatic)
    i.xQueueGenericCreate                    0x00003150   Section        0  queue.o(i.xQueueGenericCreate)
    i.xQueueGenericCreateStatic              0x000031a2   Section        0  queue.o(i.xQueueGenericCreateStatic)
    i.xQueueGenericReset                     0x000031e0   Section        0  queue.o(i.xQueueGenericReset)
    i.xQueueGenericSend                      0x00003280   Section        0  queue.o(i.xQueueGenericSend)
    i.xQueueGenericSendFromISR               0x00003398   Section        0  queue.o(i.xQueueGenericSendFromISR)
    i.xQueueReceive                          0x00003430   Section        0  queue.o(i.xQueueReceive)
    i.xQueueReceiveFromISR                   0x00003534   Section        0  queue.o(i.xQueueReceiveFromISR)
    i.xQueueSemaphoreTake                    0x000035c0   Section        0  queue.o(i.xQueueSemaphoreTake)
    i.xStreamBufferGenericCreate             0x000036f0   Section        0  stream_buffer.o(i.xStreamBufferGenericCreate)
    i.xStreamBufferReceive                   0x00003742   Section        0  stream_buffer.o(i.xStreamBufferReceive)
    i.xStreamBufferSendFromISR               0x000037f2   Section        0  stream_buffer.o(i.xStreamBufferSendFromISR)
    i.xStreamBufferSpacesAvailable           0x00003878   Section        0  stream_buffer.o(i.xStreamBufferSpacesAvailable)
    i.xTaskCheckForTimeOut                   0x000038a0   Section        0  tasks.o(i.xTaskCheckForTimeOut)
    i.xTaskCreate                            0x00003900   Section        0  tasks.o(i.xTaskCreate)
    i.xTaskCreateStatic                      0x0000396c   Section        0  tasks.o(i.xTaskCreateStatic)
    i.xTaskGenericNotify                     0x000039c4   Section        0  tasks.o(i.xTaskGenericNotify)
    i.xTaskGenericNotifyFromISR              0x00003b0c   Section        0  tasks.o(i.xTaskGenericNotifyFromISR)
    i.xTaskGenericNotifyStateClear           0x00003d00   Section        0  tasks.o(i.xTaskGenericNotifyStateClear)
    i.xTaskGenericNotifyWait                 0x00003d40   Section        0  tasks.o(i.xTaskGenericNotifyWait)
    i.xTaskGetCurrentTaskHandle              0x00003dec   Section        0  tasks.o(i.xTaskGetCurrentTaskHandle)
    i.xTaskGetSchedulerState                 0x00003df8   Section        0  tasks.o(i.xTaskGetSchedulerState)
    i.xTaskGetTickCount                      0x00003e18   Section        0  tasks.o(i.xTaskGetTickCount)
    i.xTaskIncrementTick                     0x00003e24   Section        0  tasks.o(i.xTaskIncrementTick)
    i.xTaskPriorityDisinherit                0x00003fb4   Section        0  tasks.o(i.xTaskPriorityDisinherit)
    i.xTaskPriorityInherit                   0x00004048   Section        0  tasks.o(i.xTaskPriorityInherit)
    i.xTaskRemoveFromEventList               0x00004120   Section        0  tasks.o(i.xTaskRemoveFromEventList)
    i.xTaskResumeAll                         0x00004228   Section        0  tasks.o(i.xTaskResumeAll)
    i.xTimerCreateTimerTask                  0x00004380   Section        0  timers.o(i.xTimerCreateTimerTask)
    locale$$code                             0x000043e0   Section       44  lc_ctype_c.o(locale$$code)
    x$fpl$fpinit                             0x0000440c   Section       10  fpinit.o(x$fpl$fpinit)
    $v0                                      0x0000440c   Number         0  fpinit.o(x$fpl$fpinit)
    .constdata                               0x00004418   Section       48  main.o(.constdata)
    .constdata                               0x00004448   Section       36  elevator-rx-drv.o(.constdata)
    local_thread_attr                        0x00004448   Data          36  elevator-rx-drv.o(.constdata)
    .constdata                               0x0000446c   Section       36  elevator-tx-drv.o(.constdata)
    local_thread_attr                        0x0000446c   Data          36  elevator-tx-drv.o(.constdata)
    .constdata                               0x00004490   Section       36  elevator-mgr.o(.constdata)
    local_thread_attr                        0x00004490   Data          36  elevator-mgr.o(.constdata)
    .constdata                               0x000044b4   Section       28  uartstdio.o(.constdata)
    g_pcHex                                  0x000044b4   Data           4  uartstdio.o(.constdata)
    g_ui32UARTBase                           0x000044b8   Data          12  uartstdio.o(.constdata)
    g_ui32UARTPeriph                         0x000044c4   Data          12  uartstdio.o(.constdata)
    .constdata                               0x000044d0   Section      596  sysctl.o(.constdata)
    g_pui32VCOFrequencies                    0x000044d0   Data           8  sysctl.o(.constdata)
    g_pui32Xtals                             0x000044d8   Data         108  sysctl.o(.constdata)
    g_pppui32XTALtoVCO                       0x00004544   Data         432  sysctl.o(.constdata)
    g_sXTALtoMEMTIM                          0x000046f4   Data          48  sysctl.o(.constdata)
    .constdata                               0x00004724   Section      128  uart.o(.constdata)
    g_ppui32UARTIntMap                       0x00004724   Data          64  uart.o(.constdata)
    g_ppui32UARTIntMapSnowflake              0x00004764   Data          64  uart.o(.constdata)
    .constdata                               0x000047a4   Section      268  interrupt.o(.constdata)
    g_pui32Priority                          0x000047a4   Data          32  interrupt.o(.constdata)
    g_pui32Regs                              0x000047c4   Data         156  interrupt.o(.constdata)
    g_pui32EnRegs                            0x00004860   Data          20  interrupt.o(.constdata)
    g_pui32Dii16Regs                         0x00004874   Data          20  interrupt.o(.constdata)
    g_pui32PendRegs                          0x00004888   Data          20  interrupt.o(.constdata)
    g_pui32UnpendRegs                        0x0000489c   Data          20  interrupt.o(.constdata)
    .conststring                             0x000048b0   Section       38  main.o(.conststring)
    .conststring                             0x000048d8   Section       12  elevator-rx-drv.o(.conststring)
    .conststring                             0x000048e4   Section       12  elevator-tx-drv.o(.conststring)
    .conststring                             0x000048f0   Section       13  elevator-mgr.o(.conststring)
    .conststring                             0x00004900   Section       17  uartstdio.o(.conststring)
    locale$$data                             0x00004934   Section      272  lc_ctype_c.o(locale$$data)
    __lcctype_c_name                         0x00004938   Data           2  lc_ctype_c.o(locale$$data)
    __lcctype_c_start                        0x00004940   Data           0  lc_ctype_c.o(locale$$data)
    __lcctype_c_end                          0x00004a44   Data           0  lc_ctype_c.o(locale$$data)
    .data                                    0x20000000   Section       28  main.o(.data)
    .data                                    0x2000001c   Section       17  elevator-rx-drv.o(.data)
    local_thread_handle                      0x2000001c   Data           4  elevator-rx-drv.o(.data)
    elevator_rx_handlers_list                0x20000020   Data           4  elevator-rx-drv.o(.data)
    local_outgoing_msg_queue                 0x20000024   Data           4  elevator-rx-drv.o(.data)
    uartRxMsgBufferId                        0x20000028   Data           4  elevator-rx-drv.o(.data)
    .data                                    0x20000030   Section       31  elevator-tx-drv.o(.data)
    local_thread_handle                      0x20000030   Data           4  elevator-tx-drv.o(.data)
    elevator_tx_handlers_list                0x20000034   Data           4  elevator-tx-drv.o(.data)
    local_incoming_msg_queue                 0x20000038   Data           4  elevator-tx-drv.o(.data)
    .data                                    0x20000050   Section       16  elevator-mgr.o(.data)
    local_thread_handle                      0x20000050   Data           4  elevator-mgr.o(.data)
    elevator_mgr_handlers_list               0x20000054   Data           4  elevator-mgr.o(.data)
    local_incoming_msg_queue                 0x20000058   Data           4  elevator-mgr.o(.data)
    local_outgoing_msg_queue                 0x2000005c   Data           4  elevator-mgr.o(.data)
    .data                                    0x20000060   Section        5  uartstdio.o(.data)
    g_ui32Base                               0x20000060   Data           4  uartstdio.o(.data)
    bLastWasCR                               0x20000064   Data           1  uartstdio.o(.data)
    .data                                    0x20000068   Section        4  cmsis_os2.o(.data)
    KernelState                              0x20000068   Data           4  cmsis_os2.o(.data)
    .data                                    0x2000006c   Section        4  system_tm4c123.o(.data)
    .data                                    0x20000070   Section       28  heap_4.o(.data)
    xStart                                   0x20000070   Data           8  heap_4.o(.data)
    pxEnd                                    0x20000078   Data           4  heap_4.o(.data)
    xFreeBytesRemaining                      0x2000007c   Data           4  heap_4.o(.data)
    xMinimumEverFreeBytesRemaining           0x20000080   Data           4  heap_4.o(.data)
    xNumberOfSuccessfulAllocations           0x20000084   Data           4  heap_4.o(.data)
    xNumberOfSuccessfulFrees                 0x20000088   Data           4  heap_4.o(.data)
    .data                                    0x2000008c   Section        4  port.o(.data)
    uxCriticalNesting                        0x2000008c   Data           4  port.o(.data)
    .data                                    0x20000090   Section       64  tasks.o(.data)
    pxDelayedTaskList                        0x20000094   Data           4  tasks.o(.data)
    pxOverflowDelayedTaskList                0x20000098   Data           4  tasks.o(.data)
    uxDeletedTasksWaitingCleanUp             0x2000009c   Data           4  tasks.o(.data)
    uxCurrentNumberOfTasks                   0x200000a0   Data           4  tasks.o(.data)
    xTickCount                               0x200000a4   Data           4  tasks.o(.data)
    uxTopReadyPriority                       0x200000a8   Data           4  tasks.o(.data)
    xSchedulerRunning                        0x200000ac   Data           4  tasks.o(.data)
    xPendedTicks                             0x200000b0   Data           4  tasks.o(.data)
    xYieldPending                            0x200000b4   Data           4  tasks.o(.data)
    xNumOfOverflows                          0x200000b8   Data           4  tasks.o(.data)
    uxTaskNumber                             0x200000bc   Data           4  tasks.o(.data)
    xNextTaskUnblockTime                     0x200000c0   Data           4  tasks.o(.data)
    xIdleTaskHandle                          0x200000c4   Data           4  tasks.o(.data)
    uxSchedulerSuspended                     0x200000cc   Data           4  tasks.o(.data)
    .data                                    0x200000d0   Section       20  timers.o(.data)
    pxCurrentTimerList                       0x200000d0   Data           4  timers.o(.data)
    pxOverflowTimerList                      0x200000d4   Data           4  timers.o(.data)
    xTimerQueue                              0x200000d8   Data           4  timers.o(.data)
    xTimerTaskHandle                         0x200000dc   Data           4  timers.o(.data)
    xLastTime                                0x200000e0   Data           4  timers.o(.data)
    vtable                                   0x20000400   Section      620  interrupt.o(vtable)
    g_pfnRAMVectors                          0x20000400   Data         620  interrupt.o(vtable)
    .bss                                     0x2000066c   Section       50  elevator-rx-drv.o(.bss)
    rxBuffer                                 0x2000066c   Data          50  elevator-rx-drv.o(.bss)
    .bss                                     0x200006a0   Section       72  elevator-mgr.o(.bss)
    elevators_list                           0x200006a0   Data          72  elevator-mgr.o(.bss)
    .bss                                     0x200006e8   Section      916  clib_arm.o(.bss)
    os_libspace                              0x200006e8   Data         480  clib_arm.o(.bss)
    os_libspace_id                           0x200008c8   Data          16  clib_arm.o(.bss)
    clib_mutex_cb                            0x200008d8   Data         400  clib_arm.o(.bss)
    clib_mutex_id                            0x20000a68   Data          20  clib_arm.o(.bss)
    .bss                                     0x20000a7c   Section     1016  cmsis_os2.o(.bss)
    Idle_TCB                                 0x20000a7c   Data          92  cmsis_os2.o(.bss)
    Idle_Stack                               0x20000ad8   Data         512  cmsis_os2.o(.bss)
    Timer_TCB                                0x20000cd8   Data          92  cmsis_os2.o(.bss)
    Timer_Stack                              0x20000d34   Data         320  cmsis_os2.o(.bss)
    .bss                                     0x20000e74   Section     8192  heap_4.o(.bss)
    ucHeap                                   0x20000e74   Data        8192  heap_4.o(.bss)
    .bss                                     0x20002e74   Section     1220  tasks.o(.bss)
    pxReadyTasksLists                        0x20002e74   Data        1120  tasks.o(.bss)
    xDelayedTaskList1                        0x200032d4   Data          20  tasks.o(.bss)
    xDelayedTaskList2                        0x200032e8   Data          20  tasks.o(.bss)
    xPendingReadyList                        0x200032fc   Data          20  tasks.o(.bss)
    xTasksWaitingTermination                 0x20003310   Data          20  tasks.o(.bss)
    xSuspendedTaskList                       0x20003324   Data          20  tasks.o(.bss)
    .bss                                     0x20003338   Section      200  timers.o(.bss)
    xActiveTimerList1                        0x20003338   Data          20  timers.o(.bss)
    xActiveTimerList2                        0x2000334c   Data          20  timers.o(.bss)
    xStaticTimerQueue                        0x20003360   Data          80  timers.o(.bss)
    ucStaticTimerQueueStorage                0x200033b0   Data          80  timers.o(.bss)
    .bss                                     0x20003400   Section       96  libspace.o(.bss)
    HEAP                                     0x20003460   Section        0  startup_tm4c123.o(HEAP)
    STACK                                    0x20003460   Section      512  startup_tm4c123.o(STACK)
    Heap_Mem                                 0x20003460   Data           0  startup_tm4c123.o(HEAP)
    Stack_Mem                                0x20003460   Data         512  startup_tm4c123.o(STACK)
    __initial_sp                             0x20003660   Data           0  startup_tm4c123.o(STACK)

    Global Symbols

    Symbol Name                              Value     Ov Type        Size  Object(Section)

    BuildAttributes$$THM_ISAv4$E$P$D$K$B$S$7EM$VFPi3$EXTD16$VFPS$VFMA$PE$A:L22UL41UL21$X:L11$S22US41US21$IEEE1$IW$USESV6$~STKCKD$USESV7$~SHL$OTIME$ROPI$EBA8$UX$STANDARDLIB$REQ8$PRES8$EABIv2 0x00000000   Number         0  anon$$obj.o ABSOLUTE
    __ARM_use_no_argv                        0x00000000   Number         0  main.o ABSOLUTE
    __Vectors                                0x00000000   Data           4  startup_tm4c123.o(RESET)
    __ARM_exceptions_init                     - Undefined Weak Reference
    __alloca_initialize                       - Undefined Weak Reference
    __arm_fini_                               - Undefined Weak Reference
    __arm_preinit_                            - Undefined Weak Reference
    __cpp_initialize__aeabi_                  - Undefined Weak Reference
    __cxa_finalize                            - Undefined Weak Reference
    __sigvec_lookup                           - Undefined Weak Reference
    _atexit_init                              - Undefined Weak Reference
    _call_atexit_fns                          - Undefined Weak Reference
    _clock_init                               - Undefined Weak Reference
    _fp_trap_init                             - Undefined Weak Reference
    _fp_trap_shutdown                         - Undefined Weak Reference
    _get_lc_collate                           - Undefined Weak Reference
    _get_lc_monetary                          - Undefined Weak Reference
    _get_lc_numeric                           - Undefined Weak Reference
    _get_lc_time                              - Undefined Weak Reference
    _getenv_init                              - Undefined Weak Reference
    _handle_redirection                       - Undefined Weak Reference
    _init_alloc                               - Undefined Weak Reference
    _init_user_alloc                          - Undefined Weak Reference
    _initio                                   - Undefined Weak Reference
    _rand_init                                - Undefined Weak Reference
    _signal_finish                            - Undefined Weak Reference
    _signal_init                              - Undefined Weak Reference
    _terminate_alloc                          - Undefined Weak Reference
    _terminate_user_alloc                     - Undefined Weak Reference
    _terminateio                              - Undefined Weak Reference
    __Vectors_End                            0x0000026c   Data           0  startup_tm4c123.o(RESET)
    __Vectors_Size                           0x0000026c   Number         0  startup_tm4c123.o ABSOLUTE
    __main                                   0x0000026d   Thumb Code     8  __main.o(!!!main)
    __scatterload                            0x00000275   Thumb Code     0  __scatter.o(!!!scatter)
    __scatterload_rt2                        0x00000275   Thumb Code    44  __scatter.o(!!!scatter)
    __scatterload_rt2_thumb_only             0x00000275   Thumb Code     0  __scatter.o(!!!scatter)
    __scatterload_null                       0x00000283   Thumb Code     0  __scatter.o(!!!scatter)
    __decompress                             0x000002a9   Thumb Code    90  __dczerorl2.o(!!dczerorl2)
    __decompress1                            0x000002a9   Thumb Code     0  __dczerorl2.o(!!dczerorl2)
    __scatterload_zeroinit                   0x00000305   Thumb Code    28  __scatter_zi.o(!!handler_zi)
    __rt_lib_init                            0x00000321   Thumb Code     0  libinit.o(.ARM.Collect$$libinit$$00000000)
    __rt_lib_init_fp_1                       0x00000323   Thumb Code     0  libinit2.o(.ARM.Collect$$libinit$$00000001)
    __rt_lib_init_heap_1                     0x00000327   Thumb Code     0  libinit2.o(.ARM.Collect$$libinit$$0000000A)
    __rt_lib_init_lc_common                  0x00000327   Thumb Code     0  libinit2.o(.ARM.Collect$$libinit$$0000000F)
    __rt_lib_init_preinit_1                  0x00000327   Thumb Code     0  libinit2.o(.ARM.Collect$$libinit$$00000004)
    __rt_lib_init_rand_1                     0x00000327   Thumb Code     0  libinit2.o(.ARM.Collect$$libinit$$0000000E)
    __rt_lib_init_user_alloc_1               0x00000327   Thumb Code     0  libinit2.o(.ARM.Collect$$libinit$$0000000C)
    __rt_lib_init_lc_collate_1               0x0000032d   Thumb Code     0  libinit2.o(.ARM.Collect$$libinit$$00000011)
    __rt_lib_init_lc_ctype_2                 0x0000032d   Thumb Code     0  libinit2.o(.ARM.Collect$$libinit$$00000012)
    __rt_lib_init_alloca_1                   0x00000339   Thumb Code     0  libinit2.o(.ARM.Collect$$libinit$$0000002E)
    __rt_lib_init_argv_1                     0x00000339   Thumb Code     0  libinit2.o(.ARM.Collect$$libinit$$0000002C)
    __rt_lib_init_atexit_1                   0x00000339   Thumb Code     0  libinit2.o(.ARM.Collect$$libinit$$0000001B)
    __rt_lib_init_clock_1                    0x00000339   Thumb Code     0  libinit2.o(.ARM.Collect$$libinit$$00000021)
    __rt_lib_init_cpp_1                      0x00000339   Thumb Code     0  libinit2.o(.ARM.Collect$$libinit$$00000032)
    __rt_lib_init_exceptions_1               0x00000339   Thumb Code     0  libinit2.o(.ARM.Collect$$libinit$$00000030)
    __rt_lib_init_fp_trap_1                  0x00000339   Thumb Code     0  libinit2.o(.ARM.Collect$$libinit$$0000001F)
    __rt_lib_init_getenv_1                   0x00000339   Thumb Code     0  libinit2.o(.ARM.Collect$$libinit$$00000023)
    __rt_lib_init_lc_ctype_1                 0x00000339   Thumb Code     0  libinit2.o(.ARM.Collect$$libinit$$00000013)
    __rt_lib_init_lc_monetary_1              0x00000339   Thumb Code     0  libinit2.o(.ARM.Collect$$libinit$$00000015)
    __rt_lib_init_lc_numeric_1               0x00000339   Thumb Code     0  libinit2.o(.ARM.Collect$$libinit$$00000017)
    __rt_lib_init_lc_time_1                  0x00000339   Thumb Code     0  libinit2.o(.ARM.Collect$$libinit$$00000019)
    __rt_lib_init_return                     0x00000339   Thumb Code     0  libinit2.o(.ARM.Collect$$libinit$$00000033)
    __rt_lib_init_signal_1                   0x00000339   Thumb Code     0  libinit2.o(.ARM.Collect$$libinit$$0000001D)
    __rt_lib_init_stdio_1                    0x00000339   Thumb Code     0  libinit2.o(.ARM.Collect$$libinit$$00000025)
    __rt_lib_shutdown                        0x0000033b   Thumb Code     0  libshutdown.o(.ARM.Collect$$libshutdown$$00000000)
    __rt_lib_shutdown_cpp_1                  0x0000033d   Thumb Code     0  libshutdown2.o(.ARM.Collect$$libshutdown$$00000004)
    __rt_lib_shutdown_fini_1                 0x0000033d   Thumb Code     0  libshutdown2.o(.ARM.Collect$$libshutdown$$00000002)
    __rt_lib_shutdown_fp_trap_1              0x0000033d   Thumb Code     0  libshutdown2.o(.ARM.Collect$$libshutdown$$00000009)
    __rt_lib_shutdown_heap_1                 0x0000033d   Thumb Code     0  libshutdown2.o(.ARM.Collect$$libshutdown$$00000011)
    __rt_lib_shutdown_return                 0x0000033d   Thumb Code     0  libshutdown2.o(.ARM.Collect$$libshutdown$$00000012)
    __rt_lib_shutdown_signal_1               0x0000033d   Thumb Code     0  libshutdown2.o(.ARM.Collect$$libshutdown$$0000000C)
    __rt_lib_shutdown_stdio_1                0x0000033d   Thumb Code     0  libshutdown2.o(.ARM.Collect$$libshutdown$$00000006)
    __rt_lib_shutdown_user_alloc_1           0x0000033d   Thumb Code     0  libshutdown2.o(.ARM.Collect$$libshutdown$$0000000E)
    __rt_entry                               0x0000033f   Thumb Code     0  __rtentry.o(.ARM.Collect$$rtentry$$00000000)
    __rt_entry_presh_1                       0x0000033f   Thumb Code     0  __rtentry2.o(.ARM.Collect$$rtentry$$00000002)
    __rt_entry_sh                            0x0000033f   Thumb Code     0  __rtentry4.o(.ARM.Collect$$rtentry$$00000004)
    __rt_entry_postsh_1                      0x00000345   Thumb Code     0  __rtentry2.o(.ARM.Collect$$rtentry$$00000008)
    __rt_entry_li                            0x0000034d   Thumb Code     0  __rtentry2.o(.ARM.Collect$$rtentry$$0000000A)
    __rt_entry_main                          0x00000351   Thumb Code     0  __rtentry2.o(.ARM.Collect$$rtentry$$0000000D)
    __rt_entry_postli_1                      0x00000351   Thumb Code     0  __rtentry2.o(.ARM.Collect$$rtentry$$0000000C)
    __rt_exit                                0x00000359   Thumb Code     0  rtexit.o(.ARM.Collect$$rtexit$$00000000)
    __rt_exit_ls                             0x0000035b   Thumb Code     0  rtexit2.o(.ARM.Collect$$rtexit$$00000003)
    __rt_exit_prels_1                        0x0000035b   Thumb Code     0  rtexit2.o(.ARM.Collect$$rtexit$$00000002)
    __rt_exit_exit                           0x0000035f   Thumb Code     0  rtexit2.o(.ARM.Collect$$rtexit$$00000004)
    SVC_Handler                              0x00000365   Thumb Code    28  port.o(.emb_text)
    __asm___6_port_c_39a90d8d__prvStartFirstTask 0x00000385   Thumb Code    36  port.o(.emb_text)
    __asm___6_port_c_39a90d8d__prvEnableVFP  0x000003ad   Thumb Code    16  port.o(.emb_text)
    PendSV_Handler                           0x000003c1   Thumb Code    88  port.o(.emb_text)
    vPortGetIPSR                             0x0000041d   Thumb Code     6  port.o(.emb_text)
    SysCtlDelay                              0x00000425   Thumb Code     6  sysctl.o(.emb_text)
    Reset_Handler                            0x0000042d   Thumb Code     8  startup_tm4c123.o(.text)
    NMI_Handler                              0x00000435   Thumb Code     2  startup_tm4c123.o(.text)
    HardFault_Handler                        0x00000437   Thumb Code     2  startup_tm4c123.o(.text)
    MemManage_Handler                        0x00000439   Thumb Code     2  startup_tm4c123.o(.text)
    BusFault_Handler                         0x0000043b   Thumb Code     2  startup_tm4c123.o(.text)
    UsageFault_Handler                       0x0000043d   Thumb Code     2  startup_tm4c123.o(.text)
    DebugMon_Handler                         0x00000441   Thumb Code     2  startup_tm4c123.o(.text)
    GPIOA_Handler                            0x00000447   Thumb Code     2  startup_tm4c123.o(.text)
    GPIOB_Handler                            0x00000449   Thumb Code     2  startup_tm4c123.o(.text)
    GPIOC_Handler                            0x0000044b   Thumb Code     2  startup_tm4c123.o(.text)
    GPIOD_Handler                            0x0000044d   Thumb Code     2  startup_tm4c123.o(.text)
    GPIOE_Handler                            0x0000044f   Thumb Code     2  startup_tm4c123.o(.text)
    UART1_Handler                            0x00000453   Thumb Code     2  startup_tm4c123.o(.text)
    SSI0_Handler                             0x00000455   Thumb Code     2  startup_tm4c123.o(.text)
    I2C0_Handler                             0x00000457   Thumb Code     2  startup_tm4c123.o(.text)
    PMW0_FAULT_Handler                       0x00000459   Thumb Code     2  startup_tm4c123.o(.text)
    PWM0_0_Handler                           0x0000045b   Thumb Code     2  startup_tm4c123.o(.text)
    PWM0_1_Handler                           0x0000045d   Thumb Code     2  startup_tm4c123.o(.text)
    PWM0_2_Handler                           0x0000045f   Thumb Code     2  startup_tm4c123.o(.text)
    QEI0_Handler                             0x00000461   Thumb Code     2  startup_tm4c123.o(.text)
    ADC0SS0_Handler                          0x00000463   Thumb Code     2  startup_tm4c123.o(.text)
    ADC0SS1_Handler                          0x00000465   Thumb Code     2  startup_tm4c123.o(.text)
    ADC0SS2_Handler                          0x00000467   Thumb Code     2  startup_tm4c123.o(.text)
    ADC0SS3_Handler                          0x00000469   Thumb Code     2  startup_tm4c123.o(.text)
    WDT0_Handler                             0x0000046b   Thumb Code     2  startup_tm4c123.o(.text)
    TIMER0A_Handler                          0x0000046d   Thumb Code     2  startup_tm4c123.o(.text)
    TIMER0B_Handler                          0x0000046f   Thumb Code     2  startup_tm4c123.o(.text)
    TIMER1A_Handler                          0x00000471   Thumb Code     2  startup_tm4c123.o(.text)
    TIMER1B_Handler                          0x00000473   Thumb Code     2  startup_tm4c123.o(.text)
    TIMER2A_Handler                          0x00000475   Thumb Code     2  startup_tm4c123.o(.text)
    TIMER2B_Handler                          0x00000477   Thumb Code     2  startup_tm4c123.o(.text)
    COMP0_Handler                            0x00000479   Thumb Code     2  startup_tm4c123.o(.text)
    COMP1_Handler                            0x0000047b   Thumb Code     2  startup_tm4c123.o(.text)
    COMP2_Handler                            0x0000047d   Thumb Code     2  startup_tm4c123.o(.text)
    SYSCTL_Handler                           0x0000047f   Thumb Code     2  startup_tm4c123.o(.text)
    FLASH_Handler                            0x00000481   Thumb Code     2  startup_tm4c123.o(.text)
    GPIOF_Handler                            0x00000483   Thumb Code     2  startup_tm4c123.o(.text)
    GPIOG_Handler                            0x00000485   Thumb Code     2  startup_tm4c123.o(.text)
    GPIOH_Handler                            0x00000487   Thumb Code     2  startup_tm4c123.o(.text)
    UART2_Handler                            0x00000489   Thumb Code     2  startup_tm4c123.o(.text)
    SSI1_Handler                             0x0000048b   Thumb Code     2  startup_tm4c123.o(.text)
    TIMER3A_Handler                          0x0000048d   Thumb Code     2  startup_tm4c123.o(.text)
    TIMER3B_Handler                          0x0000048f   Thumb Code     2  startup_tm4c123.o(.text)
    I2C1_Handler                             0x00000491   Thumb Code     2  startup_tm4c123.o(.text)
    QEI1_Handler                             0x00000493   Thumb Code     2  startup_tm4c123.o(.text)
    CAN0_Handler                             0x00000495   Thumb Code     2  startup_tm4c123.o(.text)
    CAN1_Handler                             0x00000497   Thumb Code     2  startup_tm4c123.o(.text)
    CAN2_Handler                             0x00000499   Thumb Code     2  startup_tm4c123.o(.text)
    HIB_Handler                              0x0000049b   Thumb Code     2  startup_tm4c123.o(.text)
    USB0_Handler                             0x0000049d   Thumb Code     2  startup_tm4c123.o(.text)
    PWM0_3_Handler                           0x0000049f   Thumb Code     2  startup_tm4c123.o(.text)
    UDMA_Handler                             0x000004a1   Thumb Code     2  startup_tm4c123.o(.text)
    UDMAERR_Handler                          0x000004a3   Thumb Code     2  startup_tm4c123.o(.text)
    ADC1SS0_Handler                          0x000004a5   Thumb Code     2  startup_tm4c123.o(.text)
    ADC1SS1_Handler                          0x000004a7   Thumb Code     2  startup_tm4c123.o(.text)
    ADC1SS2_Handler                          0x000004a9   Thumb Code     2  startup_tm4c123.o(.text)
    ADC1SS3_Handler                          0x000004ab   Thumb Code     2  startup_tm4c123.o(.text)
    GPIOJ_Handler                            0x000004ad   Thumb Code     2  startup_tm4c123.o(.text)
    GPIOK_Handler                            0x000004af   Thumb Code     2  startup_tm4c123.o(.text)
    GPIOL_Handler                            0x000004b1   Thumb Code     2  startup_tm4c123.o(.text)
    SSI2_Handler                             0x000004b3   Thumb Code     2  startup_tm4c123.o(.text)
    SSI3_Handler                             0x000004b5   Thumb Code     2  startup_tm4c123.o(.text)
    UART3_Handler                            0x000004b7   Thumb Code     2  startup_tm4c123.o(.text)
    UART4_Handler                            0x000004b9   Thumb Code     2  startup_tm4c123.o(.text)
    UART5_Handler                            0x000004bb   Thumb Code     2  startup_tm4c123.o(.text)
    UART6_Handler                            0x000004bd   Thumb Code     2  startup_tm4c123.o(.text)
    UART7_Handler                            0x000004bf   Thumb Code     2  startup_tm4c123.o(.text)
    I2C2_Handler                             0x000004c1   Thumb Code     2  startup_tm4c123.o(.text)
    I2C3_Handler                             0x000004c3   Thumb Code     2  startup_tm4c123.o(.text)
    TIMER4A_Handler                          0x000004c5   Thumb Code     2  startup_tm4c123.o(.text)
    TIMER4B_Handler                          0x000004c7   Thumb Code     2  startup_tm4c123.o(.text)
    TIMER5A_Handler                          0x000004c9   Thumb Code     2  startup_tm4c123.o(.text)
    TIMER5B_Handler                          0x000004cb   Thumb Code     2  startup_tm4c123.o(.text)
    WTIMER0A_Handler                         0x000004cd   Thumb Code     2  startup_tm4c123.o(.text)
    WTIMER0B_Handler                         0x000004cf   Thumb Code     2  startup_tm4c123.o(.text)
    WTIMER1A_Handler                         0x000004d1   Thumb Code     2  startup_tm4c123.o(.text)
    WTIMER1B_Handler                         0x000004d3   Thumb Code     2  startup_tm4c123.o(.text)
    WTIMER2A_Handler                         0x000004d5   Thumb Code     2  startup_tm4c123.o(.text)
    WTIMER2B_Handler                         0x000004d7   Thumb Code     2  startup_tm4c123.o(.text)
    WTIMER3A_Handler                         0x000004d9   Thumb Code     2  startup_tm4c123.o(.text)
    WTIMER3B_Handler                         0x000004db   Thumb Code     2  startup_tm4c123.o(.text)
    WTIMER4A_Handler                         0x000004dd   Thumb Code     2  startup_tm4c123.o(.text)
    WTIMER4B_Handler                         0x000004df   Thumb Code     2  startup_tm4c123.o(.text)
    WTIMER5A_Handler                         0x000004e1   Thumb Code     2  startup_tm4c123.o(.text)
    WTIMER5B_Handler                         0x000004e3   Thumb Code     2  startup_tm4c123.o(.text)
    FPU_Handler                              0x000004e5   Thumb Code     2  startup_tm4c123.o(.text)
    I2C4_Handler                             0x000004e7   Thumb Code     2  startup_tm4c123.o(.text)
    I2C5_Handler                             0x000004e9   Thumb Code     2  startup_tm4c123.o(.text)
    GPIOM_Handler                            0x000004eb   Thumb Code     2  startup_tm4c123.o(.text)
    GPION_Handler                            0x000004ed   Thumb Code     2  startup_tm4c123.o(.text)
    QEI2_Handler                             0x000004ef   Thumb Code     2  startup_tm4c123.o(.text)
    GPIOP0_Handler                           0x000004f1   Thumb Code     2  startup_tm4c123.o(.text)
    GPIOP1_Handler                           0x000004f3   Thumb Code     2  startup_tm4c123.o(.text)
    GPIOP2_Handler                           0x000004f5   Thumb Code     2  startup_tm4c123.o(.text)
    GPIOP3_Handler                           0x000004f7   Thumb Code     2  startup_tm4c123.o(.text)
    GPIOP4_Handler                           0x000004f9   Thumb Code     2  startup_tm4c123.o(.text)
    GPIOP5_Handler                           0x000004fb   Thumb Code     2  startup_tm4c123.o(.text)
    GPIOP6_Handler                           0x000004fd   Thumb Code     2  startup_tm4c123.o(.text)
    GPIOP7_Handler                           0x000004ff   Thumb Code     2  startup_tm4c123.o(.text)
    GPIOQ0_Handler                           0x00000501   Thumb Code     2  startup_tm4c123.o(.text)
    GPIOQ1_Handler                           0x00000503   Thumb Code     2  startup_tm4c123.o(.text)
    GPIOQ2_Handler                           0x00000505   Thumb Code     2  startup_tm4c123.o(.text)
    GPIOQ3_Handler                           0x00000507   Thumb Code     2  startup_tm4c123.o(.text)
    GPIOQ4_Handler                           0x00000509   Thumb Code     2  startup_tm4c123.o(.text)
    GPIOQ5_Handler                           0x0000050b   Thumb Code     2  startup_tm4c123.o(.text)
    GPIOQ6_Handler                           0x0000050d   Thumb Code     2  startup_tm4c123.o(.text)
    GPIOQ7_Handler                           0x0000050f   Thumb Code     2  startup_tm4c123.o(.text)
    GPIOR_Handler                            0x00000511   Thumb Code     2  startup_tm4c123.o(.text)
    GPIOS_Handler                            0x00000513   Thumb Code     2  startup_tm4c123.o(.text)
    PMW1_0_Handler                           0x00000515   Thumb Code     2  startup_tm4c123.o(.text)
    PWM1_1_Handler                           0x00000517   Thumb Code     2  startup_tm4c123.o(.text)
    PWM1_2_Handler                           0x00000519   Thumb Code     2  startup_tm4c123.o(.text)
    PWM1_3_Handler                           0x0000051b   Thumb Code     2  startup_tm4c123.o(.text)
    PWM1_FAULT_Handler                       0x0000051d   Thumb Code     2  startup_tm4c123.o(.text)
    __user_initial_stackheap                 0x00000521   Thumb Code     0  startup_tm4c123.o(.text)
    atoi                                     0x00000541   Thumb Code    26  atoi.o(.text)
    __aeabi_memcpy                           0x0000055b   Thumb Code     0  rt_memcpy_v6.o(.text)
    __rt_memcpy                              0x0000055b   Thumb Code   138  rt_memcpy_v6.o(.text)
    _memcpy_lastbytes                        0x000005c1   Thumb Code     0  rt_memcpy_v6.o(.text)
    __aeabi_memset                           0x000005e5   Thumb Code    16  aeabi_memset.o(.text)
    __aeabi_memclr                           0x000005f5   Thumb Code     0  rt_memclr.o(.text)
    __rt_memclr                              0x000005f5   Thumb Code    68  rt_memclr.o(.text)
    _memset                                  0x000005f9   Thumb Code     0  rt_memclr.o(.text)
    __aeabi_memclr4                          0x00000639   Thumb Code     0  rt_memclr_w.o(.text)
    __aeabi_memclr8                          0x00000639   Thumb Code     0  rt_memclr_w.o(.text)
    __rt_memclr_w                            0x00000639   Thumb Code    78  rt_memclr_w.o(.text)
    _memset_w                                0x0000063d   Thumb Code     0  rt_memclr_w.o(.text)
    __use_two_region_memory                  0x00000687   Thumb Code     2  heapauxi.o(.text)
    __rt_heap_escrow$2region                 0x00000689   Thumb Code     2  heapauxi.o(.text)
    __rt_heap_expand$2region                 0x0000068b   Thumb Code     2  heapauxi.o(.text)
    __aeabi_errno_addr                       0x0000068d   Thumb Code     4  rt_errno_addr_twolibspace.o(.text)
    __errno$twolibspace                      0x0000068d   Thumb Code     0  rt_errno_addr_twolibspace.o(.text)
    __rt_errno_addr$twolibspace              0x0000068d   Thumb Code     0  rt_errno_addr_twolibspace.o(.text)
    strtol                                   0x00000691   Thumb Code   112  strtol.o(.text)
    __aeabi_memcpy4                          0x00000701   Thumb Code     0  rt_memcpy_w.o(.text)
    __aeabi_memcpy8                          0x00000701   Thumb Code     0  rt_memcpy_w.o(.text)
    __rt_memcpy_w                            0x00000701   Thumb Code   100  rt_memcpy_w.o(.text)
    _memcpy_lastbytes_aligned                0x00000749   Thumb Code     0  rt_memcpy_w.o(.text)
    __user_libspace                          0x00000765   Thumb Code     8  libspace.o(.text)
    __user_perproc_libspace                  0x00000765   Thumb Code     0  libspace.o(.text)
    __rt_ctype_table                         0x0000076d   Thumb Code    16  rt_ctype_table.o(.text)
    _strtoul                                 0x0000077d   Thumb Code   158  _strtoul.o(.text)
    __user_setup_stackheap                   0x0000081b   Thumb Code    74  sys_stackheap_outer.o(.text)
    __rt_locale                              0x00000865   Thumb Code    10  rt_locale_twolibspace.o(.text)
    _chval                                   0x0000086f   Thumb Code    28  _chval.o(.text)
    exit                                     0x0000088b   Thumb Code    18  exit.o(.text)
    strcmp                                   0x0000089d   Thumb Code   128  strcmpv7m.o(.text)
    _sys_exit                                0x0000091d   Thumb Code     8  sys_exit.o(.text)
    __I$use$semihosting                      0x00000929   Thumb Code     0  use_no_semi.o(.text)
    __use_no_semihosting_swi                 0x00000929   Thumb Code     2  use_no_semi.o(.text)
    AddDownFloorStop                         0x0000092b   Thumb Code    30  elevator-mgr.o(i.AddDownFloorStop)
    __semihosting_library_function           0x0000092b   Thumb Code     0  indicate_semi.o(.text)
    AddUpFloorStop                           0x00000949   Thumb Code    30  elevator-mgr.o(i.AddUpFloorStop)
    CheckButtonPressed                       0x00000967   Thumb Code    46  elevator-mgr.o(i.CheckButtonPressed)
    ConfigureUART                            0x00000995   Thumb Code   212  main.o(i.ConfigureUART)
    ElevatorMgrAddFloorToStop                0x00000a7d   Thumb Code    44  elevator-mgr.o(i.ElevatorMgrAddFloorToStop)
    ElevatorMgrGetNextFloor                  0x00000aa9   Thumb Code    94  elevator-mgr.o(i.ElevatorMgrGetNextFloor)
    ElevatorMgrInit                          0x00000b09   Thumb Code    58  elevator-mgr.o(i.ElevatorMgrInit)
    ElevatorMgrInitElevators                 0x00000b5d   Thumb Code   140  elevator-mgr.o(i.ElevatorMgrInitElevators)
    ElevatorMgrSendMsgToTX                   0x00000bed   Thumb Code    36  elevator-mgr.o(i.ElevatorMgrSendMsgToTX)
    ElevatorMgrTask                          0x00000c15   Thumb Code   370  elevator-mgr.o(i.ElevatorMgrTask)
    ElevatorRXInit                           0x00000d91   Thumb Code    68  elevator-rx-drv.o(i.ElevatorRXInit)
    ElevatorRXTask                           0x00000ded   Thumb Code   378  elevator-rx-drv.o(i.ElevatorRXTask)
    ElevatorTXInit                           0x00000f71   Thumb Code    48  elevator-tx-drv.o(i.ElevatorTXInit)
    ElevatorTXTask                           0x00000fb5   Thumb Code   152  elevator-tx-drv.o(i.ElevatorTXTask)
    GPIOPinWrite                             0x00001069   Thumb Code     6  gpio.o(i.GPIOPinWrite)
    GetNextDownFloor                         0x0000106f   Thumb Code    46  elevator-mgr.o(i.GetNextDownFloor)
    GetNextUpFloor                           0x0000109d   Thumb Code    46  elevator-mgr.o(i.GetNextUpFloor)
    InitMessageQueues                        0x000010fd   Thumb Code    84  main.o(i.InitMessageQueues)
    InitThreads                              0x0000116d   Thumb Code    32  main.o(i.InitThreads)
    IntEnable                                0x00001199   Thumb Code    92  interrupt.o(i.IntEnable)
    IntRegister                              0x000011fd   Thumb Code    44  interrupt.o(i.IntRegister)
    LEDS_INIT                                0x00001231   Thumb Code    98  main.o(i.LEDS_INIT)
    SysCtlClockFreqSet                       0x0000129d   Thumb Code   706  sysctl.o(i.SysCtlClockFreqSet)
    SysTick_Handler                          0x00001589   Thumb Code    22  cmsis_os2.o(i.SysTick_Handler)
    SystemInit                               0x000015a1   Thumb Code   112  system_tm4c123.o(i.SystemInit)
    UART0_Handler                            0x00001639   Thumb Code   122  elevator-rx-drv.o(i.UART0_Handler)
    UARTCharGetNonBlocking                   0x000016c5   Thumb Code    16  uart.o(i.UARTCharGetNonBlocking)
    UARTCharsAvail                           0x000016d5   Thumb Code    10  uart.o(i.UARTCharsAvail)
    UARTClockSourceSet                       0x000016df   Thumb Code     6  uart.o(i.UARTClockSourceSet)
    UARTIntClear                             0x000016e5   Thumb Code     4  uart.o(i.UARTIntClear)
    UARTIntRegister                          0x000016e9   Thumb Code    70  uart.o(i.UARTIntRegister)
    UARTIntStatus                            0x00001741   Thumb Code    10  uart.o(i.UARTIntStatus)
    UARTStdioConfig                          0x0000174d   Thumb Code    96  uartstdio.o(i.UARTStdioConfig)
    UARTprintf                               0x000017b9   Thumb Code    26  uartstdio.o(i.UARTprintf)
    UARTvprintf                              0x000017d5   Thumb Code   574  uartstdio.o(i.UARTvprintf)
    UARTwrite                                0x00001a25   Thumb Code    68  uartstdio.o(i.UARTwrite)
    __user_perthread_libspace                0x00001a6d   Thumb Code    88  clib_arm.o(i.__user_perthread_libspace)
    _mutex_acquire                           0x00001ad1   Thumb Code    28  clib_arm.o(i._mutex_acquire)
    _mutex_free                              0x00001aed   Thumb Code    46  clib_arm.o(i._mutex_free)
    _mutex_initialize                        0x00001b21   Thumb Code    98  clib_arm.o(i._mutex_initialize)
    _mutex_release                           0x00001b8d   Thumb Code    30  clib_arm.o(i._mutex_release)
    _platform_post_stackheap_init            0x00001bab   Thumb Code     2  clib_arm.o(i._platform_post_stackheap_init)
    getElevatorCode                          0x00001bad   Thumb Code    44  elevator-rx-drv.o(i.getElevatorCode)
    main                                     0x00001be9   Thumb Code   158  main.o(i.main)
    osDelay                                  0x00001c99   Thumb Code    30  cmsis_os2.o(i.osDelay)
    osKernelInitialize                       0x00001cb9   Thumb Code    48  cmsis_os2.o(i.osKernelInitialize)
    osKernelStart                            0x00001ced   Thumb Code    92  cmsis_os2.o(i.osKernelStart)
    osMessageQueueGet                        0x00001d55   Thumb Code   126  cmsis_os2.o(i.osMessageQueueGet)
    osMessageQueueNew                        0x00001dd9   Thumb Code   126  cmsis_os2.o(i.osMessageQueueNew)
    osMessageQueuePut                        0x00001e59   Thumb Code   130  cmsis_os2.o(i.osMessageQueuePut)
    osThreadNew                              0x00001ee1   Thumb Code   184  cmsis_os2.o(i.osThreadNew)
    osThreadYield                            0x00001f99   Thumb Code    36  cmsis_os2.o(i.osThreadYield)
    pvPortMalloc                             0x00002aa5   Thumb Code   208  heap_4.o(i.pvPortMalloc)
    pvTaskIncrementMutexHeldCount            0x00002b89   Thumb Code    26  tasks.o(i.pvTaskIncrementMutexHeldCount)
    pxPortInitialiseStack                    0x00002ba9   Thumb Code    38  port.o(i.pxPortInitialiseStack)
    uxListRemove                             0x00002bd5   Thumb Code    40  list.o(i.uxListRemove)
    uxTaskGetNumberOfTasks                   0x00002bfd   Thumb Code     6  tasks.o(i.uxTaskGetNumberOfTasks)
    vApplicationGetIdleTaskMemory            0x00002c09   Thumb Code    14  cmsis_os2.o(i.vApplicationGetIdleTaskMemory)
    vApplicationGetTimerTaskMemory           0x00002c21   Thumb Code    14  cmsis_os2.o(i.vApplicationGetTimerTaskMemory)
    vApplicationStackOverflowHook            0x00002c39   Thumb Code     2  cmsis_os2.o(i.vApplicationStackOverflowHook)
    vListInitialise                          0x00002c3b   Thumb Code    26  list.o(i.vListInitialise)
    vListInitialiseItem                      0x00002c55   Thumb Code     6  list.o(i.vListInitialiseItem)
    vListInsert                              0x00002c5b   Thumb Code    52  list.o(i.vListInsert)
    vPortEnterCritical                       0x00002c91   Thumb Code    30  port.o(i.vPortEnterCritical)
    vPortExitCritical                        0x00002cb5   Thumb Code    28  port.o(i.vPortExitCritical)
    vPortFree                                0x00002cd5   Thumb Code    68  heap_4.o(i.vPortFree)
    vPortSetupTimerInterrupt                 0x00002d21   Thumb Code    36  port.o(i.vPortSetupTimerInterrupt)
    vQueueDelete                             0x00002d49   Thumb Code    20  queue.o(i.vQueueDelete)
    vQueueWaitForMessageRestricted           0x00002d5d   Thumb Code    74  queue.o(i.vQueueWaitForMessageRestricted)
    vTaskDelay                               0x00002da9   Thumb Code    46  tasks.o(i.vTaskDelay)
    vTaskInternalSetTimeOutState             0x00002ddd   Thumb Code    14  tasks.o(i.vTaskInternalSetTimeOutState)
    vTaskMissedYield                         0x00002df5   Thumb Code     8  tasks.o(i.vTaskMissedYield)
    vTaskPlaceOnEventList                    0x00002e01   Thumb Code    28  tasks.o(i.vTaskPlaceOnEventList)
    vTaskPlaceOnEventListRestricted          0x00002e21   Thumb Code    70  tasks.o(i.vTaskPlaceOnEventListRestricted)
    vTaskPriorityDisinheritAfterTimeout      0x00002e6d   Thumb Code   182  tasks.o(i.vTaskPriorityDisinheritAfterTimeout)
    vTaskStartScheduler                      0x00002f2d   Thumb Code   124  tasks.o(i.vTaskStartScheduler)
    vTaskSuspendAll                          0x00002fc9   Thumb Code    12  tasks.o(i.vTaskSuspendAll)
    vTaskSwitchContext                       0x00002fd9   Thumb Code   154  tasks.o(i.vTaskSwitchContext)
    xPortStartScheduler                      0x00003089   Thumb Code    58  port.o(i.xPortStartScheduler)
    xPortSysTickHandler                      0x000030d1   Thumb Code    46  port.o(i.xPortSysTickHandler)
    xQueueCreateMutex                        0x00003105   Thumb Code    34  queue.o(i.xQueueCreateMutex)
    xQueueCreateMutexStatic                  0x00003127   Thumb Code    42  queue.o(i.xQueueCreateMutexStatic)
    xQueueGenericCreate                      0x00003151   Thumb Code    82  queue.o(i.xQueueGenericCreate)
    xQueueGenericCreateStatic                0x000031a3   Thumb Code    62  queue.o(i.xQueueGenericCreateStatic)
    xQueueGenericReset                       0x000031e1   Thumb Code   156  queue.o(i.xQueueGenericReset)
    xQueueGenericSend                        0x00003281   Thumb Code   276  queue.o(i.xQueueGenericSend)
    xQueueGenericSendFromISR                 0x00003399   Thumb Code   152  queue.o(i.xQueueGenericSendFromISR)
    xQueueReceive                            0x00003431   Thumb Code   256  queue.o(i.xQueueReceive)
    xQueueReceiveFromISR                     0x00003535   Thumb Code   140  queue.o(i.xQueueReceiveFromISR)
    xQueueSemaphoreTake                      0x000035c1   Thumb Code   300  queue.o(i.xQueueSemaphoreTake)
    xStreamBufferGenericCreate               0x000036f1   Thumb Code    82  stream_buffer.o(i.xStreamBufferGenericCreate)
    xStreamBufferReceive                     0x00003743   Thumb Code   176  stream_buffer.o(i.xStreamBufferReceive)
    xStreamBufferSendFromISR                 0x000037f3   Thumb Code   134  stream_buffer.o(i.xStreamBufferSendFromISR)
    xStreamBufferSpacesAvailable             0x00003879   Thumb Code    40  stream_buffer.o(i.xStreamBufferSpacesAvailable)
    xTaskCheckForTimeOut                     0x000038a1   Thumb Code    88  tasks.o(i.xTaskCheckForTimeOut)
    xTaskCreate                              0x00003901   Thumb Code   108  tasks.o(i.xTaskCreate)
    xTaskCreateStatic                        0x0000396d   Thumb Code    86  tasks.o(i.xTaskCreateStatic)
    xTaskGenericNotify                       0x000039c5   Thumb Code   312  tasks.o(i.xTaskGenericNotify)
    xTaskGenericNotifyFromISR                0x00003b0d   Thumb Code   474  tasks.o(i.xTaskGenericNotifyFromISR)
    xTaskGenericNotifyStateClear             0x00003d01   Thumb Code    58  tasks.o(i.xTaskGenericNotifyStateClear)
    xTaskGenericNotifyWait                   0x00003d41   Thumb Code   164  tasks.o(i.xTaskGenericNotifyWait)
    xTaskGetCurrentTaskHandle                0x00003ded   Thumb Code     6  tasks.o(i.xTaskGetCurrentTaskHandle)
    xTaskGetSchedulerState                   0x00003df9   Thumb Code    24  tasks.o(i.xTaskGetSchedulerState)
    xTaskGetTickCount                        0x00003e19   Thumb Code     6  tasks.o(i.xTaskGetTickCount)
    xTaskIncrementTick                       0x00003e25   Thumb Code   354  tasks.o(i.xTaskIncrementTick)
    xTaskPriorityDisinherit                  0x00003fb5   Thumb Code   138  tasks.o(i.xTaskPriorityDisinherit)
    xTaskPriorityInherit                     0x00004049   Thumb Code   202  tasks.o(i.xTaskPriorityInherit)
    xTaskRemoveFromEventList                 0x00004121   Thumb Code   238  tasks.o(i.xTaskRemoveFromEventList)
    xTaskResumeAll                           0x00004229   Thumb Code   308  tasks.o(i.xTaskResumeAll)
    xTimerCreateTimerTask                    0x00004381   Thumb Code    76  timers.o(i.xTimerCreateTimerTask)
    _get_lc_ctype                            0x000043e1   Thumb Code    44  lc_ctype_c.o(locale$$code)
    _fp_init                                 0x0000440d   Thumb Code    10  fpinit.o(x$fpl$fpinit)
    __fplib_config_fpu_vfp                   0x00004415   Thumb Code     0  fpinit.o(x$fpl$fpinit)
    __fplib_config_pureend_doubles           0x00004415   Thumb Code     0  fpinit.o(x$fpl$fpinit)
    elevator_mgr_incoming_queue_attr         0x00004418   Data          24  main.o(.constdata)
    elevator_tx_incoming_queue_attr          0x00004430   Data          24  main.o(.constdata)
    Region$$Table$$Base                      0x00004914   Number         0  anon$$obj.o(Region$$Table)
    Region$$Table$$Limit                     0x00004934   Number         0  anon$$obj.o(Region$$Table)
    __ctype                                  0x00004941   Data           0  lc_ctype_c.o(locale$$data)
    g_ui32SysClock                           0x20000000   Data           4  main.o(.data)
    elevator_mgr_incoming_queue_id           0x20000004   Data           4  main.o(.data)
    elevator_mgr_handlers_list               0x20000008   Data           8  main.o(.data)
    elevator_tx_incoming_queue_id            0x20000010   Data           4  main.o(.data)
    elevator_tx_handlers_list                0x20000014   Data           4  main.o(.data)
    elevator_rx_handlers_list                0x20000018   Data           4  main.o(.data)
    bufferIdx                                0x2000002c   Data           1  elevator-rx-drv.o(.data)
    elevator_id_codes                        0x2000003c   Data           3  elevator-tx-drv.o(.data)
    buttons_id_codes                         0x2000003f   Data          16  elevator-tx-drv.o(.data)
    SystemCoreClock                          0x2000006c   Data           4  system_tm4c123.o(.data)
    pxCurrentTCB                             0x20000090   Data           4  tasks.o(.data)
    uxTopUsedPriority                        0x200000c8   Data           4  tasks.o(.data)
    __libspace_start                         0x20003400   Data          96  libspace.o(.bss)
    __temporary_stack_top$libspace           0x20003460   Data           0  libspace.o(.bss)



==============================================================================

Memory Map of the image

  Image Entry point : 0x0000042d

  Load Region LR_1 (Base: 0x00000000, Size: 0x000050b0, Max: 0xffffffff, ABSOLUTE, COMPRESSED[0x00004a74])

    Execution Region ER_RO (Exec base: 0x00000000, Load base: 0x00000000, Size: 0x00004a44, Max: 0xffffffff, ABSOLUTE)

    Exec Addr    Load Addr    Size         Type   Attr      Idx    E Section Name        Object

    0x00000000   0x00000000   0x0000026c   Data   RO         1121    RESET               startup_tm4c123.o
    0x0000026c   0x0000026c   0x00000008   Code   RO         3628  * !!!main             c_w.l(__main.o)
    0x00000274   0x00000274   0x00000034   Code   RO         3816    !!!scatter          c_w.l(__scatter.o)
    0x000002a8   0x000002a8   0x0000005a   Code   RO         3814    !!dczerorl2         c_w.l(__dczerorl2.o)
    0x00000302   0x00000302   0x00000002   PAD
    0x00000304   0x00000304   0x0000001c   Code   RO         3818    !!handler_zi        c_w.l(__scatter_zi.o)
    0x00000320   0x00000320   0x00000002   Code   RO         3683    .ARM.Collect$$libinit$$00000000  c_w.l(libinit.o)
    0x00000322   0x00000322   0x00000004   Code   RO         3688    .ARM.Collect$$libinit$$00000001  c_w.l(libinit2.o)
    0x00000326   0x00000326   0x00000000   Code   RO         3691    .ARM.Collect$$libinit$$00000004  c_w.l(libinit2.o)
    0x00000326   0x00000326   0x00000000   Code   RO         3694    .ARM.Collect$$libinit$$0000000A  c_w.l(libinit2.o)
    0x00000326   0x00000326   0x00000000   Code   RO         3696    .ARM.Collect$$libinit$$0000000C  c_w.l(libinit2.o)
    0x00000326   0x00000326   0x00000000   Code   RO         3698    .ARM.Collect$$libinit$$0000000E  c_w.l(libinit2.o)
    0x00000326   0x00000326   0x00000006   Code   RO         3699    .ARM.Collect$$libinit$$0000000F  c_w.l(libinit2.o)
    0x0000032c   0x0000032c   0x00000000   Code   RO         3701    .ARM.Collect$$libinit$$00000011  c_w.l(libinit2.o)
    0x0000032c   0x0000032c   0x0000000c   Code   RO         3702    .ARM.Collect$$libinit$$00000012  c_w.l(libinit2.o)
    0x00000338   0x00000338   0x00000000   Code   RO         3703    .ARM.Collect$$libinit$$00000013  c_w.l(libinit2.o)
    0x00000338   0x00000338   0x00000000   Code   RO         3705    .ARM.Collect$$libinit$$00000015  c_w.l(libinit2.o)
    0x00000338   0x00000338   0x00000000   Code   RO         3707    .ARM.Collect$$libinit$$00000017  c_w.l(libinit2.o)
    0x00000338   0x00000338   0x00000000   Code   RO         3709    .ARM.Collect$$libinit$$00000019  c_w.l(libinit2.o)
    0x00000338   0x00000338   0x00000000   Code   RO         3711    .ARM.Collect$$libinit$$0000001B  c_w.l(libinit2.o)
    0x00000338   0x00000338   0x00000000   Code   RO         3713    .ARM.Collect$$libinit$$0000001D  c_w.l(libinit2.o)
    0x00000338   0x00000338   0x00000000   Code   RO         3715    .ARM.Collect$$libinit$$0000001F  c_w.l(libinit2.o)
    0x00000338   0x00000338   0x00000000   Code   RO         3717    .ARM.Collect$$libinit$$00000021  c_w.l(libinit2.o)
    0x00000338   0x00000338   0x00000000   Code   RO         3719    .ARM.Collect$$libinit$$00000023  c_w.l(libinit2.o)
    0x00000338   0x00000338   0x00000000   Code   RO         3721    .ARM.Collect$$libinit$$00000025  c_w.l(libinit2.o)
    0x00000338   0x00000338   0x00000000   Code   RO         3725    .ARM.Collect$$libinit$$0000002C  c_w.l(libinit2.o)
    0x00000338   0x00000338   0x00000000   Code   RO         3727    .ARM.Collect$$libinit$$0000002E  c_w.l(libinit2.o)
    0x00000338   0x00000338   0x00000000   Code   RO         3729    .ARM.Collect$$libinit$$00000030  c_w.l(libinit2.o)
    0x00000338   0x00000338   0x00000000   Code   RO         3731    .ARM.Collect$$libinit$$00000032  c_w.l(libinit2.o)
    0x00000338   0x00000338   0x00000002   Code   RO         3732    .ARM.Collect$$libinit$$00000033  c_w.l(libinit2.o)
    0x0000033a   0x0000033a   0x00000002   Code   RO         3752    .ARM.Collect$$libshutdown$$00000000  c_w.l(libshutdown.o)
    0x0000033c   0x0000033c   0x00000000   Code   RO         3765    .ARM.Collect$$libshutdown$$00000002  c_w.l(libshutdown2.o)
    0x0000033c   0x0000033c   0x00000000   Code   RO         3767    .ARM.Collect$$libshutdown$$00000004  c_w.l(libshutdown2.o)
    0x0000033c   0x0000033c   0x00000000   Code   RO         3769    .ARM.Collect$$libshutdown$$00000006  c_w.l(libshutdown2.o)
    0x0000033c   0x0000033c   0x00000000   Code   RO         3772    .ARM.Collect$$libshutdown$$00000009  c_w.l(libshutdown2.o)
    0x0000033c   0x0000033c   0x00000000   Code   RO         3775    .ARM.Collect$$libshutdown$$0000000C  c_w.l(libshutdown2.o)
    0x0000033c   0x0000033c   0x00000000   Code   RO         3777    .ARM.Collect$$libshutdown$$0000000E  c_w.l(libshutdown2.o)
    0x0000033c   0x0000033c   0x00000000   Code   RO         3780    .ARM.Collect$$libshutdown$$00000011  c_w.l(libshutdown2.o)
    0x0000033c   0x0000033c   0x00000002   Code   RO         3781    .ARM.Collect$$libshutdown$$00000012  c_w.l(libshutdown2.o)
    0x0000033e   0x0000033e   0x00000000   Code   RO         3630    .ARM.Collect$$rtentry$$00000000  c_w.l(__rtentry.o)
    0x0000033e   0x0000033e   0x00000000   Code   RO         3646    .ARM.Collect$$rtentry$$00000002  c_w.l(__rtentry2.o)
    0x0000033e   0x0000033e   0x00000006   Code   RO         3658    .ARM.Collect$$rtentry$$00000004  c_w.l(__rtentry4.o)
    0x00000344   0x00000344   0x00000008   Code   RO         3647    .ARM.Collect$$rtentry$$00000008  c_w.l(__rtentry2.o)
    0x0000034c   0x0000034c   0x00000004   Code   RO         3649    .ARM.Collect$$rtentry$$0000000A  c_w.l(__rtentry2.o)
    0x00000350   0x00000350   0x00000000   Code   RO         3651    .ARM.Collect$$rtentry$$0000000C  c_w.l(__rtentry2.o)
    0x00000350   0x00000350   0x00000008   Code   RO         3652    .ARM.Collect$$rtentry$$0000000D  c_w.l(__rtentry2.o)
    0x00000358   0x00000358   0x00000002   Code   RO         3684    .ARM.Collect$$rtexit$$00000000  c_w.l(rtexit.o)
    0x0000035a   0x0000035a   0x00000000   Code   RO         3734    .ARM.Collect$$rtexit$$00000002  c_w.l(rtexit2.o)
    0x0000035a   0x0000035a   0x00000004   Code   RO         3735    .ARM.Collect$$rtexit$$00000003  c_w.l(rtexit2.o)
    0x0000035e   0x0000035e   0x00000006   Code   RO         3736    .ARM.Collect$$rtexit$$00000004  c_w.l(rtexit2.o)
    0x00000364   0x00000364   0x000000be   Code   RO         1449    .emb_text           port.o
    0x00000422   0x00000422   0x00000002   PAD
    0x00000424   0x00000424   0x00000006   Code   RO         2845    .emb_text           driverlib.lib(sysctl.o)
    0x0000042a   0x0000042a   0x00000002   PAD
    0x0000042c   0x0000042c   0x00000114   Code   RO         1122  * .text               startup_tm4c123.o
    0x00000540   0x00000540   0x0000001a   Code   RO         3616    .text               c_w.l(atoi.o)
    0x0000055a   0x0000055a   0x0000008a   Code   RO         3618    .text               c_w.l(rt_memcpy_v6.o)
    0x000005e4   0x000005e4   0x00000010   Code   RO         3620    .text               c_w.l(aeabi_memset.o)
    0x000005f4   0x000005f4   0x00000044   Code   RO         3622    .text               c_w.l(rt_memclr.o)
    0x00000638   0x00000638   0x0000004e   Code   RO         3624    .text               c_w.l(rt_memclr_w.o)
    0x00000686   0x00000686   0x00000006   Code   RO         3626    .text               c_w.l(heapauxi.o)
    0x0000068c   0x0000068c   0x00000004   Code   RO         3636    .text               c_w.l(rt_errno_addr_twolibspace.o)
    0x00000690   0x00000690   0x00000070   Code   RO         3638    .text               c_w.l(strtol.o)
    0x00000700   0x00000700   0x00000064   Code   RO         3640    .text               c_w.l(rt_memcpy_w.o)
    0x00000764   0x00000764   0x00000008   Code   RO         3642    .text               c_w.l(libspace.o)
    0x0000076c   0x0000076c   0x00000010   Code   RO         3660    .text               c_w.l(rt_ctype_table.o)
    0x0000077c   0x0000077c   0x0000009e   Code   RO         3662    .text               c_w.l(_strtoul.o)
    0x0000081a   0x0000081a   0x0000004a   Code   RO         3664    .text               c_w.l(sys_stackheap_outer.o)
    0x00000864   0x00000864   0x0000000a   Code   RO         3671    .text               c_w.l(rt_locale_twolibspace.o)
    0x0000086e   0x0000086e   0x0000001c   Code   RO         3673    .text               c_w.l(_chval.o)
    0x0000088a   0x0000088a   0x00000012   Code   RO         3678    .text               c_w.l(exit.o)
    0x0000089c   0x0000089c   0x00000080   Code   RO         3686    .text               c_w.l(strcmpv7m.o)
    0x0000091c   0x0000091c   0x0000000c   Code   RO         3744    .text               c_w.l(sys_exit.o)
    0x00000928   0x00000928   0x00000002   Code   RO         3755    .text               c_w.l(use_no_semi.o)
    0x0000092a   0x0000092a   0x00000000   Code   RO         3757    .text               c_w.l(indicate_semi.o)
    0x0000092a   0x0000092a   0x0000001e   Code   RO          278    i.AddDownFloorStop  elevator-mgr.o
    0x00000948   0x00000948   0x0000001e   Code   RO          279    i.AddUpFloorStop    elevator-mgr.o
    0x00000966   0x00000966   0x0000002e   Code   RO          280    i.CheckButtonPressed  elevator-mgr.o
    0x00000994   0x00000994   0x000000e8   Code   RO            1    i.ConfigureUART     main.o
    0x00000a7c   0x00000a7c   0x0000002c   Code   RO          281    i.ElevatorMgrAddFloorToStop  elevator-mgr.o
    0x00000aa8   0x00000aa8   0x0000005e   Code   RO          282    i.ElevatorMgrGetNextFloor  elevator-mgr.o
    0x00000b06   0x00000b06   0x00000002   PAD
    0x00000b08   0x00000b08   0x00000054   Code   RO          283    i.ElevatorMgrInit   elevator-mgr.o
    0x00000b5c   0x00000b5c   0x00000090   Code   RO          284    i.ElevatorMgrInitElevators  elevator-mgr.o
    0x00000bec   0x00000bec   0x00000028   Code   RO          285    i.ElevatorMgrSendMsgToTX  elevator-mgr.o
    0x00000c14   0x00000c14   0x0000017c   Code   RO          286    i.ElevatorMgrTask   elevator-mgr.o
    0x00000d90   0x00000d90   0x0000005c   Code   RO          141    i.ElevatorRXInit    elevator-rx-drv.o
    0x00000dec   0x00000dec   0x00000184   Code   RO          142    i.ElevatorRXTask    elevator-rx-drv.o
    0x00000f70   0x00000f70   0x00000044   Code   RO          252    i.ElevatorTXInit    elevator-tx-drv.o
    0x00000fb4   0x00000fb4   0x000000b4   Code   RO          253    i.ElevatorTXTask    elevator-tx-drv.o
    0x00001068   0x00001068   0x00000006   Code   RO         2561    i.GPIOPinWrite      driverlib.lib(gpio.o)
    0x0000106e   0x0000106e   0x0000002e   Code   RO          287    i.GetNextDownFloor  elevator-mgr.o
    0x0000109c   0x0000109c   0x0000002e   Code   RO          288    i.GetNextUpFloor    elevator-mgr.o
    0x000010ca   0x000010ca   0x00000032   Code   RO          509    i.IRQ_Context       cmsis_os2.o
    0x000010fc   0x000010fc   0x00000070   Code   RO            2    i.InitMessageQueues  main.o
    0x0000116c   0x0000116c   0x0000002c   Code   RO            3    i.InitThreads       main.o
    0x00001198   0x00001198   0x00000064   Code   RO         3505    i.IntEnable         driverlib.lib(interrupt.o)
    0x000011fc   0x000011fc   0x00000034   Code   RO         3517    i.IntRegister       driverlib.lib(interrupt.o)
    0x00001230   0x00001230   0x0000006c   Code   RO            4    i.LEDS_INIT         main.o
    0x0000129c   0x0000129c   0x000002ec   Code   RO         2847    i.SysCtlClockFreqSet  driverlib.lib(sysctl.o)
    0x00001588   0x00001588   0x00000016   Code   RO          510    i.SysTick_Handler   cmsis_os2.o
    0x0000159e   0x0000159e   0x00000002   PAD
    0x000015a0   0x000015a0   0x00000098   Code   RO         1130    i.SystemInit        system_tm4c123.o
    0x00001638   0x00001638   0x0000008c   Code   RO          143    i.UART0_Handler     elevator-rx-drv.o
    0x000016c4   0x000016c4   0x00000010   Code   RO         3206    i.UARTCharGetNonBlocking  driverlib.lib(uart.o)
    0x000016d4   0x000016d4   0x0000000a   Code   RO         3209    i.UARTCharsAvail    driverlib.lib(uart.o)
    0x000016de   0x000016de   0x00000006   Code   RO         3211    i.UARTClockSourceSet  driverlib.lib(uart.o)
    0x000016e4   0x000016e4   0x00000004   Code   RO         3226    i.UARTIntClear      driverlib.lib(uart.o)
    0x000016e8   0x000016e8   0x00000058   Code   RO         3229    i.UARTIntRegister   driverlib.lib(uart.o)
    0x00001740   0x00001740   0x0000000a   Code   RO         3230    i.UARTIntStatus     driverlib.lib(uart.o)
    0x0000174a   0x0000174a   0x00000002   PAD
    0x0000174c   0x0000174c   0x0000006c   Code   RO          358    i.UARTStdioConfig   uartstdio.o
    0x000017b8   0x000017b8   0x0000001a   Code   RO          361    i.UARTprintf        uartstdio.o
    0x000017d2   0x000017d2   0x00000002   PAD
    0x000017d4   0x000017d4   0x00000250   Code   RO          362    i.UARTvprintf       uartstdio.o
    0x00001a24   0x00001a24   0x00000048   Code   RO          363    i.UARTwrite         uartstdio.o
    0x00001a6c   0x00001a6c   0x00000064   Code   RO          410    i.__user_perthread_libspace  clib_arm.o
    0x00001ad0   0x00001ad0   0x0000001c   Code   RO          411    i._mutex_acquire    clib_arm.o
    0x00001aec   0x00001aec   0x00000034   Code   RO          412    i._mutex_free       clib_arm.o
    0x00001b20   0x00001b20   0x0000006c   Code   RO          413    i._mutex_initialize  clib_arm.o
    0x00001b8c   0x00001b8c   0x0000001e   Code   RO          414    i._mutex_release    clib_arm.o
    0x00001baa   0x00001baa   0x00000002   Code   RO          415    i._platform_post_stackheap_init  clib_arm.o
    0x00001bac   0x00001bac   0x0000002c   Code   RO          144    i.getElevatorCode   elevator-rx-drv.o
    0x00001bd8   0x00001bd8   0x00000010   Code   RO          416    i.is_thread_mode    clib_arm.o
    0x00001be8   0x00001be8   0x000000b0   Code   RO            6    i.main              main.o
    0x00001c98   0x00001c98   0x0000001e   Code   RO          512    i.osDelay           cmsis_os2.o
    0x00001cb6   0x00001cb6   0x00000002   PAD
    0x00001cb8   0x00001cb8   0x00000034   Code   RO          526    i.osKernelInitialize  cmsis_os2.o
    0x00001cec   0x00001cec   0x00000068   Code   RO          529    i.osKernelStart     cmsis_os2.o
    0x00001d54   0x00001d54   0x00000084   Code   RO          541    i.osMessageQueueGet  cmsis_os2.o
    0x00001dd8   0x00001dd8   0x0000007e   Code   RO          546    i.osMessageQueueNew  cmsis_os2.o
    0x00001e56   0x00001e56   0x00000002   PAD
    0x00001e58   0x00001e58   0x00000088   Code   RO          547    i.osMessageQueuePut  cmsis_os2.o
    0x00001ee0   0x00001ee0   0x000000b8   Code   RO          571    i.osThreadNew       cmsis_os2.o
    0x00001f98   0x00001f98   0x00000028   Code   RO          576    i.osThreadYield     cmsis_os2.o
    0x00001fc0   0x00001fc0   0x00000012   Code   RO          417    i.os_kernel_is_active  clib_arm.o
    0x00001fd2   0x00001fd2   0x00000002   PAD
    0x00001fd4   0x00001fd4   0x000000a4   Code   RO         1934    i.prvAddCurrentTaskToDelayedList  tasks.o
    0x00002078   0x00002078   0x000000e8   Code   RO         1935    i.prvAddNewTaskToReadyList  tasks.o
    0x00002160   0x00002160   0x00000018   Code   RO         1767    i.prvBytesInBuffer  stream_buffer.o
    0x00002178   0x00002178   0x0000005c   Code   RO         2331    i.prvCheckForValidListAndQueue  timers.o
    0x000021d4   0x000021d4   0x00000048   Code   RO         1936    i.prvCheckTasksWaitingTermination  tasks.o
    0x0000221c   0x0000221c   0x0000002a   Code   RO         1532    i.prvCopyDataFromQueue  queue.o
    0x00002246   0x00002246   0x0000007e   Code   RO         1533    i.prvCopyDataToQueue  queue.o
    0x000022c4   0x000022c4   0x00000028   Code   RO         1937    i.prvDeleteTCB      tasks.o
    0x000022ec   0x000022ec   0x00000014   Code   RO         1534    i.prvGetDisinheritPriorityAfterTimeout  queue.o
    0x00002300   0x00002300   0x00000028   Code   RO         2332    i.prvGetNextExpireTime  timers.o
    0x00002328   0x00002328   0x00000070   Code   RO         1376    i.prvHeapInit       heap_4.o
    0x00002398   0x00002398   0x00000028   Code   RO         1938    i.prvIdleTask       tasks.o
    0x000023c0   0x000023c0   0x0000001e   Code   RO         1535    i.prvInitialiseMutex  queue.o
    0x000023de   0x000023de   0x0000002a   Code   RO         1536    i.prvInitialiseNewQueue  queue.o
    0x00002408   0x00002408   0x0000002a   Code   RO         1768    i.prvInitialiseNewStreamBuffer  stream_buffer.o
    0x00002432   0x00002432   0x00000086   Code   RO         1939    i.prvInitialiseNewTask  tasks.o
    0x000024b8   0x000024b8   0x00000068   Code   RO         1940    i.prvInitialiseTaskLists  tasks.o
    0x00002520   0x00002520   0x00000068   Code   RO         1377    i.prvInsertBlockIntoFreeList  heap_4.o
    0x00002588   0x00002588   0x00000058   Code   RO         2334    i.prvInsertTimerInActiveList  timers.o
    0x000025e0   0x000025e0   0x0000001a   Code   RO         1537    i.prvIsQueueEmpty   queue.o
    0x000025fa   0x000025fa   0x0000001e   Code   RO         1538    i.prvIsQueueFull    queue.o
    0x00002618   0x00002618   0x00000044   Code   RO         2335    i.prvProcessExpiredTimer  timers.o
    0x0000265c   0x0000265c   0x00000110   Code   RO         2336    i.prvProcessReceivedCommands  timers.o
    0x0000276c   0x0000276c   0x00000074   Code   RO         2337    i.prvProcessTimerOrBlockTask  timers.o
    0x000027e0   0x000027e0   0x0000004c   Code   RO         1769    i.prvReadBytesFromBuffer  stream_buffer.o
    0x0000282c   0x0000282c   0x0000005a   Code   RO         1770    i.prvReadMessageFromBuffer  stream_buffer.o
    0x00002886   0x00002886   0x00000028   Code   RO         2338    i.prvReloadTimer    timers.o
    0x000028ae   0x000028ae   0x00000002   PAD
    0x000028b0   0x000028b0   0x00000030   Code   RO         1942    i.prvResetNextTaskUnblockTime  tasks.o
    0x000028e0   0x000028e0   0x0000002c   Code   RO         2339    i.prvSampleTimeNow  timers.o
    0x0000290c   0x0000290c   0x00000044   Code   RO         2340    i.prvSwitchTimerLists  timers.o
    0x00002950   0x00002950   0x00000016   Code   RO         1450    i.prvTaskExitError  port.o
    0x00002966   0x00002966   0x0000001a   Code   RO         2341    i.prvTimerTask      timers.o
    0x00002980   0x00002980   0x0000007e   Code   RO         1539    i.prvUnlockQueue    queue.o
    0x000029fe   0x000029fe   0x0000004c   Code   RO         1771    i.prvWriteBytesToBuffer  stream_buffer.o
    0x00002a4a   0x00002a4a   0x00000058   Code   RO         1772    i.prvWriteMessageToBuffer  stream_buffer.o
    0x00002aa2   0x00002aa2   0x00000002   PAD
    0x00002aa4   0x00002aa4   0x000000e4   Code   RO         1379    i.pvPortMalloc      heap_4.o
    0x00002b88   0x00002b88   0x00000020   Code   RO         1945    i.pvTaskIncrementMutexHeldCount  tasks.o
    0x00002ba8   0x00002ba8   0x0000002c   Code   RO         1451    i.pxPortInitialiseStack  port.o
    0x00002bd4   0x00002bd4   0x00000028   Code   RO         1325    i.uxListRemove      list.o
    0x00002bfc   0x00002bfc   0x0000000c   Code   RO         1948    i.uxTaskGetNumberOfTasks  tasks.o
    0x00002c08   0x00002c08   0x00000018   Code   RO          583    i.vApplicationGetIdleTaskMemory  cmsis_os2.o
    0x00002c20   0x00002c20   0x00000018   Code   RO          584    i.vApplicationGetTimerTaskMemory  cmsis_os2.o
    0x00002c38   0x00002c38   0x00000002   Code   RO          585    i.vApplicationStackOverflowHook  cmsis_os2.o
    0x00002c3a   0x00002c3a   0x0000001a   Code   RO         1326    i.vListInitialise   list.o
    0x00002c54   0x00002c54   0x00000006   Code   RO         1327    i.vListInitialiseItem  list.o
    0x00002c5a   0x00002c5a   0x00000034   Code   RO         1328    i.vListInsert       list.o
    0x00002c8e   0x00002c8e   0x00000002   PAD
    0x00002c90   0x00002c90   0x00000024   Code   RO         1453    i.vPortEnterCritical  port.o
    0x00002cb4   0x00002cb4   0x00000020   Code   RO         1454    i.vPortExitCritical  port.o
    0x00002cd4   0x00002cd4   0x0000004c   Code   RO         1380    i.vPortFree         heap_4.o
    0x00002d20   0x00002d20   0x00000028   Code   RO         1455    i.vPortSetupTimerInterrupt  port.o
    0x00002d48   0x00002d48   0x00000014   Code   RO         1545    i.vQueueDelete      queue.o
    0x00002d5c   0x00002d5c   0x0000004a   Code   RO         1547    i.vQueueWaitForMessageRestricted  queue.o
    0x00002da6   0x00002da6   0x00000002   PAD
    0x00002da8   0x00002da8   0x00000034   Code   RO         1955    i.vTaskDelay        tasks.o
    0x00002ddc   0x00002ddc   0x00000018   Code   RO         1960    i.vTaskInternalSetTimeOutState  tasks.o
    0x00002df4   0x00002df4   0x0000000c   Code   RO         1961    i.vTaskMissedYield  tasks.o
    0x00002e00   0x00002e00   0x00000020   Code   RO         1962    i.vTaskPlaceOnEventList  tasks.o
    0x00002e20   0x00002e20   0x0000004c   Code   RO         1963    i.vTaskPlaceOnEventListRestricted  tasks.o
    0x00002e6c   0x00002e6c   0x000000c0   Code   RO         1965    i.vTaskPriorityDisinheritAfterTimeout  tasks.o
    0x00002f2c   0x00002f2c   0x0000009c   Code   RO         1971    i.vTaskStartScheduler  tasks.o
    0x00002fc8   0x00002fc8   0x00000010   Code   RO         1973    i.vTaskSuspendAll   tasks.o
    0x00002fd8   0x00002fd8   0x000000b0   Code   RO         1974    i.vTaskSwitchContext  tasks.o
    0x00003088   0x00003088   0x00000048   Code   RO         1456    i.xPortStartScheduler  port.o
    0x000030d0   0x000030d0   0x00000034   Code   RO         1457    i.xPortSysTickHandler  port.o
    0x00003104   0x00003104   0x00000022   Code   RO         1550    i.xQueueCreateMutex  queue.o
    0x00003126   0x00003126   0x0000002a   Code   RO         1551    i.xQueueCreateMutexStatic  queue.o
    0x00003150   0x00003150   0x00000052   Code   RO         1552    i.xQueueGenericCreate  queue.o
    0x000031a2   0x000031a2   0x0000003e   Code   RO         1553    i.xQueueGenericCreateStatic  queue.o
    0x000031e0   0x000031e0   0x000000a0   Code   RO         1554    i.xQueueGenericReset  queue.o
    0x00003280   0x00003280   0x00000118   Code   RO         1555    i.xQueueGenericSend  queue.o
    0x00003398   0x00003398   0x00000098   Code   RO         1556    i.xQueueGenericSendFromISR  queue.o
    0x00003430   0x00003430   0x00000104   Code   RO         1565    i.xQueueReceive     queue.o
    0x00003534   0x00003534   0x0000008c   Code   RO         1566    i.xQueueReceiveFromISR  queue.o
    0x000035c0   0x000035c0   0x00000130   Code   RO         1567    i.xQueueSemaphoreTake  queue.o
    0x000036f0   0x000036f0   0x00000052   Code   RO         1778    i.xStreamBufferGenericCreate  stream_buffer.o
    0x00003742   0x00003742   0x000000b0   Code   RO         1783    i.xStreamBufferReceive  stream_buffer.o
    0x000037f2   0x000037f2   0x00000086   Code   RO         1789    i.xStreamBufferSendFromISR  stream_buffer.o
    0x00003878   0x00003878   0x00000028   Code   RO         1791    i.xStreamBufferSpacesAvailable  stream_buffer.o
    0x000038a0   0x000038a0   0x00000060   Code   RO         1976    i.xTaskCheckForTimeOut  tasks.o
    0x00003900   0x00003900   0x0000006c   Code   RO         1977    i.xTaskCreate       tasks.o
    0x0000396c   0x0000396c   0x00000056   Code   RO         1978    i.xTaskCreateStatic  tasks.o
    0x000039c2   0x000039c2   0x00000002   PAD
    0x000039c4   0x000039c4   0x00000148   Code   RO         1980    i.xTaskGenericNotify  tasks.o
    0x00003b0c   0x00003b0c   0x000001f4   Code   RO         1981    i.xTaskGenericNotifyFromISR  tasks.o
    0x00003d00   0x00003d00   0x00000040   Code   RO         1982    i.xTaskGenericNotifyStateClear  tasks.o
    0x00003d40   0x00003d40   0x000000ac   Code   RO         1983    i.xTaskGenericNotifyWait  tasks.o
    0x00003dec   0x00003dec   0x0000000c   Code   RO         1984    i.xTaskGetCurrentTaskHandle  tasks.o
    0x00003df8   0x00003df8   0x00000020   Code   RO         1985    i.xTaskGetSchedulerState  tasks.o
    0x00003e18   0x00003e18   0x0000000c   Code   RO         1986    i.xTaskGetTickCount  tasks.o
    0x00003e24   0x00003e24   0x00000190   Code   RO         1988    i.xTaskIncrementTick  tasks.o
    0x00003fb4   0x00003fb4   0x00000094   Code   RO         1989    i.xTaskPriorityDisinherit  tasks.o
    0x00004048   0x00004048   0x000000d8   Code   RO         1990    i.xTaskPriorityInherit  tasks.o
    0x00004120   0x00004120   0x00000108   Code   RO         1991    i.xTaskRemoveFromEventList  tasks.o
    0x00004228   0x00004228   0x00000158   Code   RO         1992    i.xTaskResumeAll    tasks.o
    0x00004380   0x00004380   0x00000060   Code   RO         2350    i.xTimerCreateTimerTask  timers.o
    0x000043e0   0x000043e0   0x0000002c   Code   RO         3676    locale$$code        c_w.l(lc_ctype_c.o)
    0x0000440c   0x0000440c   0x0000000a   Code   RO         3742    x$fpl$fpinit        fz_wm.l(fpinit.o)
    0x00004416   0x00004416   0x00000002   PAD
    0x00004418   0x00004418   0x00000030   Data   RO            7    .constdata          main.o
    0x00004448   0x00004448   0x00000024   Data   RO          146    .constdata          elevator-rx-drv.o
    0x0000446c   0x0000446c   0x00000024   Data   RO          254    .constdata          elevator-tx-drv.o
    0x00004490   0x00004490   0x00000024   Data   RO          290    .constdata          elevator-mgr.o
    0x000044b4   0x000044b4   0x0000001c   Data   RO          364    .constdata          uartstdio.o
    0x000044d0   0x000044d0   0x00000254   Data   RO         2901    .constdata          driverlib.lib(sysctl.o)
    0x00004724   0x00004724   0x00000080   Data   RO         3246    .constdata          driverlib.lib(uart.o)
    0x000047a4   0x000047a4   0x0000010c   Data   RO         3521    .constdata          driverlib.lib(interrupt.o)
    0x000048b0   0x000048b0   0x00000026   Data   RO            8    .conststring        main.o
    0x000048d6   0x000048d6   0x00000002   PAD
    0x000048d8   0x000048d8   0x0000000c   Data   RO          147    .conststring        elevator-rx-drv.o
    0x000048e4   0x000048e4   0x0000000c   Data   RO          255    .conststring        elevator-tx-drv.o
    0x000048f0   0x000048f0   0x0000000d   Data   RO          291    .conststring        elevator-mgr.o
    0x000048fd   0x000048fd   0x00000003   PAD
    0x00004900   0x00004900   0x00000011   Data   RO          365    .conststring        uartstdio.o
    0x00004911   0x00004911   0x00000003   PAD
    0x00004914   0x00004914   0x00000020   Data   RO         3812    Region$$Table       anon$$obj.o
    0x00004934   0x00004934   0x00000110   Data   RO         3675    locale$$data        c_w.l(lc_ctype_c.o)


    Execution Region ER_RW (Exec base: 0x20000000, Load base: 0x00004a44, Size: 0x0000066c, Max: 0xffffffff, ABSOLUTE, COMPRESSED[0x00000030])

    Exec Addr    Load Addr    Size         Type   Attr      Idx    E Section Name        Object

    0x20000000   COMPRESSED   0x0000001c   Data   RW            9    .data               main.o
    0x2000001c   COMPRESSED   0x00000011   Data   RW          148    .data               elevator-rx-drv.o
    0x2000002d   COMPRESSED   0x00000003   PAD
    0x20000030   COMPRESSED   0x0000001f   Data   RW          256    .data               elevator-tx-drv.o
    0x2000004f   COMPRESSED   0x00000001   PAD
    0x20000050   COMPRESSED   0x00000010   Data   RW          292    .data               elevator-mgr.o
    0x20000060   COMPRESSED   0x00000005   Data   RW          366    .data               uartstdio.o
    0x20000065   COMPRESSED   0x00000003   PAD
    0x20000068   COMPRESSED   0x00000004   Data   RW          587    .data               cmsis_os2.o
    0x2000006c   COMPRESSED   0x00000004   Data   RW         1132    .data               system_tm4c123.o
    0x20000070   COMPRESSED   0x0000001c   Data   RW         1386    .data               heap_4.o
    0x2000008c   COMPRESSED   0x00000004   Data   RW         1458    .data               port.o
    0x20000090   COMPRESSED   0x00000040   Data   RW         1995    .data               tasks.o
    0x200000d0   COMPRESSED   0x00000014   Data   RW         2360    .data               timers.o
    0x200000e4   COMPRESSED   0x0000031c   PAD
    0x20000400   COMPRESSED   0x0000026c   Data   RW         3522    vtable              driverlib.lib(interrupt.o)


    Execution Region ER_ZI (Exec base: 0x2000066c, Load base: 0x00004a74, Size: 0x00002ff4, Max: 0xffffffff, ABSOLUTE)

    Exec Addr    Load Addr    Size         Type   Attr      Idx    E Section Name        Object

    0x2000066c        -       0x00000032   Zero   RW          145    .bss                elevator-rx-drv.o
    0x2000069e   0x00004a74   0x00000002   PAD
    0x200006a0        -       0x00000048   Zero   RW          289    .bss                elevator-mgr.o
    0x200006e8        -       0x00000394   Zero   RW          418    .bss                clib_arm.o
    0x20000a7c        -       0x000003f8   Zero   RW          586    .bss                cmsis_os2.o
    0x20000e74        -       0x00002000   Zero   RW         1385    .bss                heap_4.o
    0x20002e74        -       0x000004c4   Zero   RW         1994    .bss                tasks.o
    0x20003338        -       0x000000c8   Zero   RW         2359    .bss                timers.o
    0x20003400        -       0x00000060   Zero   RW         3643    .bss                c_w.l(libspace.o)
    0x20003460        -       0x00000000   Zero   RW         1120    HEAP                startup_tm4c123.o
    0x20003460        -       0x00000200   Zero   RW         1119    STACK               startup_tm4c123.o


==============================================================================

Image component sizes


      Code (inc. data)   RO Data    RW Data    ZI Data      Debug   Object Name

       354         28          0          0        916      36140   clib_arm.o
       926         52          0          4       1016      71115   cmsis_os2.o
       984         44         49         16         72      11675   elevator-mgr.o
       664         52         48         17         50      38376   elevator-rx-drv.o
       248         58         48         31          0       3027   elevator-tx-drv.o
         0          0          0          0          0      12048   event_groups.o
         0          0          0          0          0       9700   freertos_evr.o
       520         58          0         28       8192       5267   heap_4.o
       124          0          0          0          0      12685   list.o
       672         88         86         28          0      19335   main.o
       488         56          0          4          0      10664   port.o
      2052         16          0          0          0      22857   queue.o
       276         24        620          0        512       5452   startup_tm4c123.o
       828          0          0          0          0      13570   stream_buffer.o
       152         40          0          4          0        843   system_tm4c123.o
      4396        452          0         64       1220      53175   tasks.o
       950        110          0         20        200      12388   timers.o
       798         34         45          5          0       4776   uartstdio.o

    ----------------------------------------------------------------------
     14456       1112        936       1024      12180     343093   Object Totals
         0          0         32          0          0          0   (incl. Generated)
        24          0          8        803          2          0   (incl. Padding)

    ----------------------------------------------------------------------

      Code (inc. data)   RO Data    RW Data    ZI Data      Debug   Library Member Name

        90          0          0          0          0          0   __dczerorl2.o
         8          0          0          0          0         68   __main.o
         0          0          0          0          0          0   __rtentry.o
        20          0          0          0          0          0   __rtentry2.o
         6          0          0          0          0          0   __rtentry4.o
        52          8          0          0          0          0   __scatter.o
        28          0          0          0          0          0   __scatter_zi.o
        28          0          0          0          0         68   _chval.o
       158          0          0          0          0         92   _strtoul.o
        16          0          0          0          0         68   aeabi_memset.o
        26          0          0          0          0         80   atoi.o
        18          0          0          0          0         80   exit.o
         6          0          0          0          0        152   heapauxi.o
         0          0          0          0          0          0   indicate_semi.o
        44         10        272          0          0         76   lc_ctype_c.o
         2          0          0          0          0          0   libinit.o
        24          0          0          0          0          0   libinit2.o
         2          0          0          0          0          0   libshutdown.o
         2          0          0          0          0          0   libshutdown2.o
         8          4          0          0         96         68   libspace.o
        16          4          0          0          0         76   rt_ctype_table.o
         4          0          0          0          0         68   rt_errno_addr_twolibspace.o
        10          0          0          0          0         76   rt_locale_twolibspace.o
        68          0          0          0          0         68   rt_memclr.o
        78          0          0          0          0         80   rt_memclr_w.o
       138          0          0          0          0         68   rt_memcpy_v6.o
       100          0          0          0          0         80   rt_memcpy_w.o
         2          0          0          0          0          0   rtexit.o
        10          0          0          0          0          0   rtexit2.o
       128          0          0          0          0         68   strcmpv7m.o
       112          0          0          0          0         88   strtol.o
        12          4          0          0          0         68   sys_exit.o
        74          0          0          0          0         80   sys_stackheap_outer.o
         2          0          0          0          0         68   use_no_semi.o
         6          0          0          0          0        535   gpio.o
       152         16        268        620          0       2182   interrupt.o
       754         42        596          0          0       4657   sysctl.o
       134         18        128          0          0       4477   uart.o
        10          0          0          0          0        116   fpinit.o

    ----------------------------------------------------------------------
      2356        106       1264        620         96      13607   Library Totals
         8          0          0          0          0          0   (incl. Padding)

    ----------------------------------------------------------------------

      Code (inc. data)   RO Data    RW Data    ZI Data      Debug   Library Name

      1292         30        272          0         96       1640   c_w.l
      1046         76        992        620          0      11851   driverlib.lib
        10          0          0          0          0        116   fz_wm.l

    ----------------------------------------------------------------------
      2356        106       1264        620         96      13607   Library Totals

    ----------------------------------------------------------------------

==============================================================================


      Code (inc. data)   RO Data    RW Data    ZI Data      Debug   

     16812       1218       2200       1644      12276     341516   Grand Totals
     16812       1218       2200         48      12276     341516   ELF Image Totals (compressed)
     16812       1218       2200         48          0          0   ROM Totals

==============================================================================

    Total RO  Size (Code + RO Data)                19012 (  18.57kB)
    Total RW  Size (RW Data + ZI Data)             13920 (  13.59kB)
    Total ROM Size (Code + RO Data + RW Data)      19060 (  18.61kB)

==============================================================================

